V "4.6.0.0 Dec 18 2017"
R
C 3
= 0000000002C86248
R
P 0000000002C86248
S "model"
S "true"
C 5
R
P 0000000002C86248
C 7
= 0000000002CC29A8
R
P 0000000002C86248
C 4
R
P 0000000002CC29A8
U 2
C 327
R
P 0000000002CC29A8
C 337
R
P 0000000002C5E988
C 406
= 0000000002C7FC58
R
P 0000000002C5E988
C 337
R
P 0000000002C5E988
P 0000000002C7FC58
C 414
R
P 0000000002C5E988
C 337
R
P 0000000002C5E988
P 0000000002C7FC58
C 418
R
P 0000000002C5E988
C 337
R
P 0000000002C5E988
C 33
= 0000000002C6AB68
R
P 0000000002C5E988
C 337
R
P 0000000002C5E988
P 0000000002C6AB68
C 255
R
P 0000000002C5E988
C 337
R
P 0000000002C5E988
P 0000000002C6AB68
C 9
R
P 0000000002C5E988
C 337
R
P 0000000002C5E988
S "p1"
C 30
R
P 0000000002C5E988
C 337
R
P 0000000002C5E988
$ |p1|
C 200
R
P 0000000002C5E988
C 337
R
P 0000000002C5E988
$ |p1|
P 0000000002C6AB68
C 51
= 0000000002C6B488
R
P 0000000002C5E988
C 337
R
P 0000000002C5E988
P 0000000002C6B488
C 255
R
P 0000000002C5E988
C 337
R
P 0000000002C5E988
P 0000000002C6B488
C 252
= 0000000002C6AB68
R
P 0000000002C5E988
C 337
R
P 0000000002C5E988
P 0000000002C6AB68
C 207
R
P 0000000002C5E988
C 337
R
P 0000000002C5E988
P 0000000002C6B488
C 258
R
P 0000000002C5E988
C 337
R
P 0000000002C5E988
P 0000000002C6B488
C 257
R
P 0000000002C5E988
C 337
R
P 0000000002C5E988
P 0000000002C6B488
C 256
R
P 0000000002C5E988
C 337
R
P 0000000002C5E988
P 0000000002C6B488
C 9
R
P 0000000002C5E988
C 337
R
P 0000000002C5E988
I 5
P 0000000002C6AB68
C 150
= 0000000002C6B4A8
R
P 0000000002C5E988
C 337
R
P 0000000002C5E988
P 0000000002C6B4A8
C 256
R
P 0000000002C5E988
C 337
R
P 0000000002C5E988
P 0000000002C6B4A8
C 9
R
P 0000000002C5E988
C 337
R
P 0000000002C5E988
P 0000000002C6B488
P 0000000002C6B4A8
C 75
= 0000000002C717F0
R
P 0000000002C5E988
C 337
R
P 0000000002C5E988
P 0000000002C717F0
C 256
R
P 0000000002C5E988
C 337
R
P 0000000002C5E988
P 0000000002C717F0
C 9
R
P 0000000002C5E988
C 337
R
P 0000000002C5E988
P 0000000002C7FC58
P 0000000002C717F0
C 420
R
P 0000000002C5E988
C 337
R
P 0000000002C5E988
S "p1"
C 30
R
P 0000000002C5E988
C 337
R
P 0000000002C5E988
$ |p1|
C 200
R
P 0000000002C5E988
C 337
R
P 0000000002C5E988
$ |p1|
P 0000000002C6AB68
C 51
= 0000000002C6B488
R
P 0000000002C5E988
C 337
R
P 0000000002C5E988
P 0000000002C6B488
C 255
R
P 0000000002C5E988
C 337
R
P 0000000002C5E988
P 0000000002C6B488
C 252
= 0000000002C6AB68
R
P 0000000002C5E988
C 337
R
P 0000000002C5E988
P 0000000002C6AB68
C 207
R
P 0000000002C5E988
C 337
R
P 0000000002C5E988
P 0000000002C6B488
C 258
R
P 0000000002C5E988
C 337
R
P 0000000002C5E988
P 0000000002C6B488
C 257
R
P 0000000002C5E988
C 337
R
P 0000000002C5E988
P 0000000002C6B488
C 256
R
P 0000000002C5E988
C 337
R
P 0000000002C5E988
P 0000000002C6B488
C 9
R
P 0000000002C5E988
C 337
R
P 0000000002C5E988
I 10
P 0000000002C6AB68
C 150
= 0000000002C6B6E8
R
P 0000000002C5E988
C 337
R
P 0000000002C5E988
P 0000000002C6B6E8
C 256
R
P 0000000002C5E988
C 337
R
P 0000000002C5E988
P 0000000002C6B6E8
C 9
R
P 0000000002C5E988
C 337
R
P 0000000002C5E988
P 0000000002C6B488
P 0000000002C6B6E8
C 75
= 0000000002C71860
R
P 0000000002C5E988
C 337
R
P 0000000002C5E988
P 0000000002C71860
C 256
R
P 0000000002C5E988
C 337
R
P 0000000002C5E988
P 0000000002C71860
C 9
R
P 0000000002C5E988
C 337
R
P 0000000002C5E988
P 0000000002C7FC58
P 0000000002C71860
C 420
R
P 0000000002C5E988
C 337
R
P 0000000002C5E988
S "p2"
C 30
R
P 0000000002C5E988
C 337
R
P 0000000002C5E988
$ |p2|
C 200
R
P 0000000002C5E988
C 337
R
P 0000000002C5E988
$ |p2|
P 0000000002C6AB68
C 51
= 0000000002C6B708
R
P 0000000002C5E988
C 337
R
P 0000000002C5E988
P 0000000002C6B708
C 255
R
P 0000000002C5E988
C 337
R
P 0000000002C5E988
P 0000000002C6B708
C 252
= 0000000002C6AB68
R
P 0000000002C5E988
C 337
R
P 0000000002C5E988
P 0000000002C6AB68
C 207
R
P 0000000002C5E988
C 337
R
P 0000000002C5E988
P 0000000002C6B708
C 258
R
P 0000000002C5E988
C 337
R
P 0000000002C5E988
P 0000000002C6B708
C 257
R
P 0000000002C5E988
C 337
R
P 0000000002C5E988
P 0000000002C6B708
C 256
R
P 0000000002C5E988
C 337
R
P 0000000002C5E988
P 0000000002C6B708
C 9
R
P 0000000002C5E988
C 337
R
P 0000000002C5E988
I 21
P 0000000002C6AB68
C 150
= 0000000002C6B728
R
P 0000000002C5E988
C 337
R
P 0000000002C5E988
P 0000000002C6B728
C 256
R
P 0000000002C5E988
C 337
R
P 0000000002C5E988
P 0000000002C6B728
C 9
R
P 0000000002C5E988
C 337
R
P 0000000002C5E988
P 0000000002C6B708
P 0000000002C6B728
C 76
= 0000000002C71898
R
P 0000000002C5E988
C 337
R
P 0000000002C5E988
P 0000000002C71898
C 256
R
P 0000000002C5E988
C 337
R
P 0000000002C5E988
P 0000000002C71898
C 9
R
P 0000000002C5E988
C 337
R
P 0000000002C5E988
P 0000000002C7FC58
P 0000000002C71898
C 420
R
P 0000000002C5E988
C 337
R
P 0000000002C5E988
P 0000000002C7FC58
C 425
R
P 0000000002C5E988
C 337
R
P 0000000002C5E988
P 0000000002C7FC58
C 429
= 000000001DF0CD68
R
P 0000000002C5E988
C 337
R
P 0000000002C5E988
P 000000001DF0CD68
C 296
R
P 0000000002C5E988
C 337
R
P 0000000002C5E988
P 000000001DF0CD68
C 332
R
P 0000000002C5E988
C 337
R
P 0000000002C5E988
P 000000001DF0CD68
C 302
R
P 0000000002C5E988
C 337
R
P 0000000002C5E988
P 000000001DF0CD68
U 0
C 303
= 0000000002C6CC08
R
P 0000000002C5E988
C 337
R
P 0000000002C5E988
P 0000000002C6CC08
C 255
R
P 0000000002C5E988
C 337
R
P 0000000002C5E988
P 0000000002C6CC08
C 9
R
P 0000000002C5E988
C 337
R
P 0000000002C5E988
P 000000001DF0CD68
U 1
C 303
= 0000000002C6CCF8
R
P 0000000002C5E988
C 337
R
P 0000000002C5E988
P 0000000002C6CCF8
C 255
R
P 0000000002C5E988
C 337
R
P 0000000002C5E988
P 0000000002C6CCF8
C 9
R
P 0000000002C5E988
C 337
R
P 0000000002C5E988
P 0000000002C6CC08
C 230
R
P 0000000002C5E988
C 337
R
P 0000000002C5E988
$ |p1|
C 200
R
P 0000000002C5E988
C 337
R
P 0000000002C5E988
$ |p1|
C 200
R
P 0000000002C5E988
C 337
R
P 0000000002C5E988
$ |p1|
C 200
R
P 0000000002C5E988
C 337
R
P 0000000002C5E988
$ |p1|
C 200
R
P 0000000002C5E988
C 337
R
P 0000000002C5E988
$ |p1|
C 202
R
P 0000000002C5E988
C 337
R
P 0000000002C5E988
P 0000000002C6CC08
C 328
R
P 0000000002C5E988
C 337
R
P 0000000002C5E988
P 0000000002C6CC08
C 233
R
P 0000000002C5E988
C 337
R
P 0000000002C5E988
P 0000000002C6CC08
C 235
= 0000000002C6AB68
R
P 0000000002C5E988
C 337
R
P 0000000002C5E988
P 0000000002C6AB68
C 207
R
P 0000000002C5E988
C 337
R
P 0000000002C5E988
P 000000001DF0CD68
P 0000000002C6CC08
C 299
= 0000000002C6B7A8
R
P 0000000002C5E988
C 337
R
P 0000000002C5E988
P 0000000002C6B7A8
C 255
R
P 0000000002C5E988
C 337
R
P 0000000002C5E988
P 0000000002C6B7A8
C 252
= 0000000002C6AB68
R
P 0000000002C5E988
C 337
R
P 0000000002C5E988
P 0000000002C6AB68
C 207
R
P 0000000002C5E988
C 337
R
P 0000000002C5E988
P 0000000002C6B7A8
C 258
R
P 0000000002C5E988
C 337
R
P 0000000002C5E988
P 0000000002C6B7A8
C 257
R
P 0000000002C5E988
C 337
R
P 0000000002C5E988
P 0000000002C6B7A8
C 256
R
P 0000000002C5E988
C 337
R
P 0000000002C5E988
P 0000000002C6B7A8
C 9
R
P 0000000002C5E988
C 337
R
P 0000000002C5E988
P 0000000002C6B7A8
C 261
R
P 0000000002C5E988
C 337
R
P 0000000002C5E988
P 0000000002C6CCF8
C 230
R
P 0000000002C5E988
C 337
R
P 0000000002C5E988
$ |p2|
C 200
R
P 0000000002C5E988
C 337
R
P 0000000002C5E988
$ |p2|
C 200
R
P 0000000002C5E988
C 337
R
P 0000000002C5E988
$ |p2|
C 200
R
P 0000000002C5E988
C 337
R
P 0000000002C5E988
$ |p2|
C 200
R
P 0000000002C5E988
C 337
R
P 0000000002C5E988
$ |p2|
C 202
R
P 0000000002C5E988
C 337
R
P 0000000002C5E988
P 0000000002C6CCF8
C 328
R
P 0000000002C5E988
C 337
R
P 0000000002C5E988
P 0000000002C6CCF8
C 233
R
P 0000000002C5E988
C 337
R
P 0000000002C5E988
P 0000000002C6CCF8
C 235
= 0000000002C6AB68
R
P 0000000002C5E988
C 337
R
P 0000000002C5E988
P 0000000002C6AB68
C 207
R
P 0000000002C5E988
C 337
R
P 0000000002C5E988
P 000000001DF0CD68
P 0000000002C6CCF8
C 299
= 0000000002C6B728
R
P 0000000002C5E988
C 337
R
P 0000000002C5E988
P 0000000002C6B728
C 255
R
P 0000000002C5E988
C 337
R
P 0000000002C5E988
P 0000000002C6B728
C 252
= 0000000002C6AB68
R
P 0000000002C5E988
C 337
R
P 0000000002C5E988
P 0000000002C6AB68
C 207
R
P 0000000002C5E988
C 337
R
P 0000000002C5E988
P 0000000002C6B728
C 258
R
P 0000000002C5E988
C 337
R
P 0000000002C5E988
P 0000000002C6B728
C 257
R
P 0000000002C5E988
C 337
R
P 0000000002C5E988
P 0000000002C6B728
C 256
R
P 0000000002C5E988
C 337
R
P 0000000002C5E988
P 0000000002C6B728
C 9
R
P 0000000002C5E988
C 337
R
P 0000000002C5E988
P 0000000002C6B728
C 261
R
P 0000000002C5E988
C 337
R
C 3
= 000000001DD92A38
R
P 000000001DD92A38
S "model"
S "true"
C 5
R
P 000000001DD92A38
C 7
= 000000001DDDC088
R
P 000000001DD92A38
C 4
R
P 000000001DDDC088
U 2
C 327
R
P 000000001DDDC088
C 337
R
P 000000001DDDC088
C 406
= 0000000002C80338
R
P 000000001DDDC088
C 337
R
P 000000001DDDC088
P 0000000002C80338
C 414
R
P 000000001DDDC088
C 337
R
P 000000001DDDC088
P 0000000002C80338
C 418
R
P 000000001DDDC088
C 337
R
P 000000001DDDC088
C 33
= 000000001DE0C518
R
P 000000001DDDC088
C 337
R
P 000000001DDDC088
P 000000001DE0C518
C 255
R
P 000000001DDDC088
C 337
R
P 000000001DDDC088
P 000000001DE0C518
C 9
R
P 000000001DDDC088
C 337
R
P 000000001DDDC088
S "p1"
C 30
R
P 000000001DDDC088
C 337
R
P 000000001DDDC088
$ |p1|
C 200
R
P 000000001DDDC088
C 337
R
P 000000001DDDC088
$ |p1|
P 000000001DE0C518
C 51
= 000000001DE0CE38
R
P 000000001DDDC088
C 337
R
P 000000001DDDC088
P 000000001DE0CE38
C 255
R
P 000000001DDDC088
C 337
R
P 000000001DDDC088
P 000000001DE0CE38
C 252
= 000000001DE0C518
R
P 000000001DDDC088
C 337
R
P 000000001DDDC088
P 000000001DE0C518
C 207
R
P 000000001DDDC088
C 337
R
P 000000001DDDC088
P 000000001DE0CE38
C 258
R
P 000000001DDDC088
C 337
R
P 000000001DDDC088
P 000000001DE0CE38
C 257
R
P 000000001DDDC088
C 337
R
P 000000001DDDC088
P 000000001DE0CE38
C 256
R
P 000000001DDDC088
C 337
R
P 000000001DDDC088
P 000000001DE0CE38
C 9
R
P 000000001DDDC088
C 337
R
P 000000001DDDC088
I 5
P 000000001DE0C518
C 150
= 000000001DE0CE58
R
P 000000001DDDC088
C 337
R
P 000000001DDDC088
P 000000001DE0CE58
C 256
R
P 000000001DDDC088
C 337
R
P 000000001DDDC088
P 000000001DE0CE58
C 9
R
P 000000001DDDC088
C 337
R
P 000000001DDDC088
P 000000001DE0CE38
P 000000001DE0CE58
C 74
= 000000001DE0E970
R
P 000000001DDDC088
C 337
R
P 000000001DDDC088
P 000000001DE0E970
C 256
R
P 000000001DDDC088
C 337
R
P 000000001DDDC088
P 000000001DE0E970
C 9
R
P 000000001DDDC088
C 337
R
P 000000001DDDC088
P 0000000002C80338
P 000000001DE0E970
C 420
R
P 000000001DDDC088
C 337
R
P 000000001DDDC088
P 0000000002C80338
C 425
R
P 000000001DDDC088
C 337
R
P 000000001DDDC088
P 0000000002C80338
C 429
= 000000001E1265D8
R
P 000000001DDDC088
C 337
R
P 000000001DDDC088
P 000000001E1265D8
C 296
R
P 000000001DDDC088
C 337
R
P 000000001DDDC088
P 000000001E1265D8
C 332
R
P 000000001DDDC088
C 337
R
P 000000001DDDC088
P 000000001E1265D8
C 302
R
P 000000001DDDC088
C 337
R
P 000000001DDDC088
P 000000001E1265D8
U 0
C 303
= 000000001DE04568
R
P 000000001DDDC088
C 337
R
P 000000001DDDC088
P 000000001DE04568
C 255
R
P 000000001DDDC088
C 337
R
P 000000001DDDC088
P 000000001DE04568
C 9
R
P 000000001DDDC088
C 337
R
P 000000001DDDC088
P 000000001DE04568
C 230
R
P 000000001DDDC088
C 337
R
P 000000001DDDC088
$ |p1|
C 200
R
P 000000001DDDC088
C 337
R
P 000000001DDDC088
$ |p1|
C 200
R
P 000000001DDDC088
C 337
R
P 000000001DDDC088
$ |p1|
C 200
R
P 000000001DDDC088
C 337
R
P 000000001DDDC088
$ |p1|
C 200
R
P 000000001DDDC088
C 337
R
P 000000001DDDC088
$ |p1|
C 202
R
P 000000001DDDC088
C 337
R
P 000000001DDDC088
P 000000001DE04568
C 328
R
P 000000001DDDC088
C 337
R
P 000000001DDDC088
P 000000001DE04568
C 233
R
P 000000001DDDC088
C 337
R
P 000000001DDDC088
P 000000001DE04568
C 235
= 000000001DE0C518
R
P 000000001DDDC088
C 337
R
P 000000001DDDC088
P 000000001DE0C518
C 207
R
P 000000001DDDC088
C 337
R
P 000000001DDDC088
P 000000001E1265D8
P 000000001DE04568
C 299
= 000000001DE0CE58
R
P 000000001DDDC088
C 337
R
P 000000001DDDC088
P 000000001DE0CE58
C 255
R
P 000000001DDDC088
C 337
R
P 000000001DDDC088
P 000000001DE0CE58
C 252
= 000000001DE0C518
R
P 000000001DDDC088
C 337
R
P 000000001DDDC088
P 000000001DE0C518
C 207
R
P 000000001DDDC088
C 337
R
P 000000001DDDC088
P 000000001DE0CE58
C 258
R
P 000000001DDDC088
C 337
R
P 000000001DDDC088
P 000000001DE0CE58
C 257
R
P 000000001DDDC088
C 337
R
P 000000001DDDC088
P 000000001DE0CE58
C 256
R
P 000000001DDDC088
C 337
R
P 000000001DDDC088
P 000000001DE0CE58
C 9
R
P 000000001DDDC088
C 337
R
P 000000001DDDC088
P 000000001DE0CE58
C 261
R
P 000000001DDDC088
C 337
R
P 000000001DDDC088
P 000000001E1265D8
C 302
R
P 000000001DDDC088
C 337
R
P 000000001DDDC088
P 000000001E1265D8
U 0
C 303
= 000000001DE04568
R
P 000000001DDDC088
C 337
R
P 000000001DDDC088
P 000000001DE04568
C 255
R
P 000000001DDDC088
C 337
R
P 000000001DDDC088
P 000000001DE04568
C 9
R
P 000000001DDDC088
C 337
R
P 000000001DDDC088
P 000000001DE04568
C 230
R
P 000000001DDDC088
C 337
R
P 000000001DDDC088
$ |p1|
C 200
R
P 000000001DDDC088
C 337
R
P 000000001DDDC088
$ |p1|
C 200
R
P 000000001DDDC088
C 337
R
P 000000001DDDC088
$ |p1|
C 200
R
P 000000001DDDC088
C 337
R
P 000000001DDDC088
$ |p1|
C 200
R
P 000000001DDDC088
C 337
R
P 000000001DDDC088
$ |p1|
C 202
R
P 000000001DDDC088
C 337
R
P 000000001DDDC088
P 000000001DE04568
C 233
R
P 000000001DDDC088
C 337
R
P 000000001DDDC088
P 000000001DE04568
C 235
= 000000001DE0C518
R
P 000000001DDDC088
C 337
R
P 000000001DDDC088
P 000000001DE0C518
C 207
R
P 000000001DDDC088
C 337
R
P 000000001DDDC088
P 000000001E1265D8
P 000000001DE04568
C 299
= 000000001DE0CE58
R
P 000000001DDDC088
C 337
R
P 000000001DDDC088
P 000000001DE0CE58
C 255
R
P 000000001DDDC088
C 337
R
P 000000001DDDC088
P 000000001DE0CE58
C 252
= 000000001DE0C518
R
P 000000001DDDC088
C 337
R
P 000000001DDDC088
P 000000001DE0C518
C 207
R
P 000000001DDDC088
C 337
R
P 000000001DDDC088
P 000000001DE0CE58
C 258
R
P 000000001DDDC088
C 337
R
P 000000001DDDC088
P 000000001DE0CE58
C 257
R
P 000000001DDDC088
C 337
R
P 000000001DDDC088
P 000000001DE0CE58
C 256
R
P 000000001DDDC088
C 337
R
P 000000001DDDC088
P 000000001DE0CE58
C 9
R
P 000000001DDDC088
C 337
R
P 000000001DDDC088
P 000000001DE0CE58
C 261
R
P 000000001DDDC088
C 337
R
P 0000000002C5E988
C 406
= 000000001E052E28
R
P 0000000002C5E988
C 337
R
P 0000000002C5E988
P 000000001E052E28
C 414
R
P 0000000002C5E988
C 337
R
P 0000000002C5E988
P 000000001E052E28
C 418
R
P 0000000002C5E988
C 337
R
P 0000000002C5E988
S "p1"
C 30
R
P 0000000002C5E988
C 337
R
P 0000000002C5E988
$ |p1|
C 200
R
P 0000000002C5E988
C 337
R
P 0000000002C5E988
$ |p1|
P 0000000002C6AB68
C 51
= 0000000002C6B488
R
P 0000000002C5E988
C 337
R
P 0000000002C5E988
P 0000000002C6B488
C 255
R
P 0000000002C5E988
C 337
R
P 0000000002C5E988
P 0000000002C6B488
C 252
= 0000000002C6AB68
R
P 0000000002C5E988
C 337
R
P 0000000002C5E988
P 0000000002C6AB68
C 207
R
P 0000000002C5E988
C 337
R
P 0000000002C5E988
P 0000000002C6B488
C 258
R
P 0000000002C5E988
C 337
R
P 0000000002C5E988
P 0000000002C6B488
C 257
R
P 0000000002C5E988
C 337
R
P 0000000002C5E988
P 0000000002C6B488
C 256
R
P 0000000002C5E988
C 337
R
P 0000000002C5E988
P 0000000002C6B488
C 9
R
P 0000000002C5E988
C 337
R
P 0000000002C5E988
I 5
P 0000000002C6AB68
C 150
= 0000000002C6B4A8
R
P 0000000002C5E988
C 337
R
P 0000000002C5E988
P 0000000002C6B4A8
C 256
R
P 0000000002C5E988
C 337
R
P 0000000002C5E988
P 0000000002C6B4A8
C 9
R
P 0000000002C5E988
C 337
R
P 0000000002C5E988
P 0000000002C6B488
P 0000000002C6B4A8
C 74
= 0000000002C71940
R
P 0000000002C5E988
C 337
R
P 0000000002C5E988
P 0000000002C71940
C 256
R
P 0000000002C5E988
C 337
R
P 0000000002C5E988
P 0000000002C71940
C 9
R
P 0000000002C5E988
C 337
R
P 0000000002C5E988
P 000000001E052E28
P 0000000002C71940
C 420
R
P 0000000002C5E988
C 337
R
P 0000000002C5E988
P 000000001E052E28
C 425
R
P 0000000002C5E988
C 337
R
P 0000000002C5E988
P 000000001E052E28
C 429
= 000000001E29E678
R
P 0000000002C5E988
C 337
R
P 0000000002C5E988
P 000000001E29E678
C 296
R
P 0000000002C5E988
C 337
R
P 0000000002C5E988
P 000000001E29E678
C 332
R
P 0000000002C5E988
C 337
R
P 0000000002C5E988
P 000000001E29E678
C 302
R
P 0000000002C5E988
C 337
R
P 0000000002C5E988
P 000000001E29E678
U 0
C 303
= 0000000002C6CC08
R
P 0000000002C5E988
C 337
R
P 0000000002C5E988
P 0000000002C6CC08
C 255
R
P 0000000002C5E988
C 337
R
P 0000000002C5E988
P 0000000002C6CC08
C 9
R
P 0000000002C5E988
C 337
R
P 0000000002C5E988
P 0000000002C6CC08
C 230
R
P 0000000002C5E988
C 337
R
P 0000000002C5E988
$ |p1|
C 200
R
P 0000000002C5E988
C 337
R
P 0000000002C5E988
$ |p1|
C 200
R
P 0000000002C5E988
C 337
R
P 0000000002C5E988
$ |p1|
C 200
R
P 0000000002C5E988
C 337
R
P 0000000002C5E988
$ |p1|
C 200
R
P 0000000002C5E988
C 337
R
P 0000000002C5E988
$ |p1|
C 202
R
P 0000000002C5E988
C 337
R
P 0000000002C5E988
P 0000000002C6CC08
C 328
R
P 0000000002C5E988
C 337
R
P 0000000002C5E988
P 0000000002C6CC08
C 233
R
P 0000000002C5E988
C 337
R
P 0000000002C5E988
P 0000000002C6CC08
C 235
= 0000000002C6AB68
R
P 0000000002C5E988
C 337
R
P 0000000002C5E988
P 0000000002C6AB68
C 207
R
P 0000000002C5E988
C 337
R
P 0000000002C5E988
P 000000001E29E678
P 0000000002C6CC08
C 299
= 0000000002C6B4A8
R
P 0000000002C5E988
C 337
R
P 0000000002C5E988
P 0000000002C6B4A8
C 255
R
P 0000000002C5E988
C 337
R
P 0000000002C5E988
P 0000000002C6B4A8
C 252
= 0000000002C6AB68
R
P 0000000002C5E988
C 337
R
P 0000000002C5E988
P 0000000002C6AB68
C 207
R
P 0000000002C5E988
C 337
R
P 0000000002C5E988
P 0000000002C6B4A8
C 258
R
P 0000000002C5E988
C 337
R
P 0000000002C5E988
P 0000000002C6B4A8
C 257
R
P 0000000002C5E988
C 337
R
P 0000000002C5E988
P 0000000002C6B4A8
C 256
R
P 0000000002C5E988
C 337
R
P 0000000002C5E988
P 0000000002C6B4A8
C 9
R
P 0000000002C5E988
C 337
R
P 0000000002C5E988
P 0000000002C6B4A8
C 261
R
P 0000000002C5E988
C 337
R
C 3
= 000000001E38BD28
R
P 000000001E38BD28
S "model"
S "true"
C 5
R
P 000000001E38BD28
C 7
= 000000001DD81D88
R
P 000000001E38BD28
C 4
R
P 000000001DD81D88
U 2
C 327
R
P 000000001DD81D88
C 337
R
P 000000001DD81D88
C 406
= 000000001E474F08
R
P 000000001DD81D88
C 337
R
P 000000001DD81D88
P 000000001E474F08
C 414
R
P 000000001DD81D88
C 337
R
P 000000001DD81D88
P 000000001E474F08
C 418
R
P 000000001DD81D88
C 337
R
P 000000001DD81D88
C 33
= 000000001E24E8F8
R
P 000000001DD81D88
C 337
R
P 000000001DD81D88
P 000000001E24E8F8
C 255
R
P 000000001DD81D88
C 337
R
P 000000001DD81D88
P 000000001E24E8F8
C 9
R
P 000000001DD81D88
C 337
R
P 000000001DD81D88
S "p1"
C 30
R
P 000000001DD81D88
C 337
R
P 000000001DD81D88
$ |p1|
C 200
R
P 000000001DD81D88
C 337
R
P 000000001DD81D88
$ |p1|
P 000000001E24E8F8
C 51
= 000000001E24F218
R
P 000000001DD81D88
C 337
R
P 000000001DD81D88
P 000000001E24F218
C 255
R
P 000000001DD81D88
C 337
R
P 000000001DD81D88
P 000000001E24F218
C 252
= 000000001E24E8F8
R
P 000000001DD81D88
C 337
R
P 000000001DD81D88
P 000000001E24E8F8
C 207
R
P 000000001DD81D88
C 337
R
P 000000001DD81D88
P 000000001E24F218
C 258
R
P 000000001DD81D88
C 337
R
P 000000001DD81D88
P 000000001E24F218
C 257
R
P 000000001DD81D88
C 337
R
P 000000001DD81D88
P 000000001E24F218
C 256
R
P 000000001DD81D88
C 337
R
P 000000001DD81D88
P 000000001E24F218
C 9
R
P 000000001DD81D88
C 337
R
P 000000001DD81D88
I 5
P 000000001E24E8F8
C 150
= 000000001E24F238
R
P 000000001DD81D88
C 337
R
P 000000001DD81D88
P 000000001E24F238
C 256
R
P 000000001DD81D88
C 337
R
P 000000001DD81D88
P 000000001E24F238
C 9
R
P 000000001DD81D88
C 337
R
P 000000001DD81D88
P 000000001E24F218
P 000000001E24F238
C 75
= 000000001E25EDC0
R
P 000000001DD81D88
C 337
R
P 000000001DD81D88
P 000000001E25EDC0
C 256
R
P 000000001DD81D88
C 337
R
P 000000001DD81D88
P 000000001E25EDC0
C 9
R
P 000000001DD81D88
C 337
R
P 000000001DD81D88
P 000000001E474F08
P 000000001E25EDC0
C 420
R
P 000000001DD81D88
C 337
R
P 000000001DD81D88
S "p1"
C 30
R
P 000000001DD81D88
C 337
R
P 000000001DD81D88
$ |p1|
C 200
R
P 000000001DD81D88
C 337
R
P 000000001DD81D88
$ |p1|
P 000000001E24E8F8
C 51
= 000000001E24F218
R
P 000000001DD81D88
C 337
R
P 000000001DD81D88
P 000000001E24F218
C 255
R
P 000000001DD81D88
C 337
R
P 000000001DD81D88
P 000000001E24F218
C 252
= 000000001E24E8F8
R
P 000000001DD81D88
C 337
R
P 000000001DD81D88
P 000000001E24E8F8
C 207
R
P 000000001DD81D88
C 337
R
P 000000001DD81D88
P 000000001E24F218
C 258
R
P 000000001DD81D88
C 337
R
P 000000001DD81D88
P 000000001E24F218
C 257
R
P 000000001DD81D88
C 337
R
P 000000001DD81D88
P 000000001E24F218
C 256
R
P 000000001DD81D88
C 337
R
P 000000001DD81D88
P 000000001E24F218
C 9
R
P 000000001DD81D88
C 337
R
P 000000001DD81D88
I 10
P 000000001E24E8F8
C 150
= 000000001E24F478
R
P 000000001DD81D88
C 337
R
P 000000001DD81D88
P 000000001E24F478
C 256
R
P 000000001DD81D88
C 337
R
P 000000001DD81D88
P 000000001E24F478
C 9
R
P 000000001DD81D88
C 337
R
P 000000001DD81D88
P 000000001E24F218
P 000000001E24F478
C 75
= 000000001E25EE30
R
P 000000001DD81D88
C 337
R
P 000000001DD81D88
P 000000001E25EE30
C 256
R
P 000000001DD81D88
C 337
R
P 000000001DD81D88
P 000000001E25EE30
C 9
R
P 000000001DD81D88
C 337
R
P 000000001DD81D88
P 000000001E474F08
P 000000001E25EE30
C 420
R
P 000000001DD81D88
C 337
R
P 000000001DD81D88
P 000000001E474F08
C 425
R
P 000000001DD81D88
C 337
R
P 000000001DD81D88
P 000000001E474F08
C 429
= 000000001E60C1D8
R
P 000000001DD81D88
C 337
R
P 000000001DD81D88
P 000000001E60C1D8
C 296
R
P 000000001DD81D88
C 337
R
P 000000001DD81D88
P 000000001E60C1D8
C 332
R
P 000000001DD81D88
C 337
R
P 000000001DD81D88
P 000000001E60C1D8
C 302
R
P 000000001DD81D88
C 337
R
P 000000001DD81D88
P 000000001E60C1D8
U 0
C 303
= 000000001E25C9F8
R
P 000000001DD81D88
C 337
R
P 000000001DD81D88
P 000000001E25C9F8
C 255
R
P 000000001DD81D88
C 337
R
P 000000001DD81D88
P 000000001E25C9F8
C 9
R
P 000000001DD81D88
C 337
R
P 000000001DD81D88
P 000000001E25C9F8
C 230
R
P 000000001DD81D88
C 337
R
P 000000001DD81D88
$ |p1|
C 200
R
P 000000001DD81D88
C 337
R
P 000000001DD81D88
$ |p1|
C 200
R
P 000000001DD81D88
C 337
R
P 000000001DD81D88
$ |p1|
C 200
R
P 000000001DD81D88
C 337
R
P 000000001DD81D88
$ |p1|
C 200
R
P 000000001DD81D88
C 337
R
P 000000001DD81D88
$ |p1|
C 202
R
P 000000001DD81D88
C 337
R
P 000000001DD81D88
P 000000001E25C9F8
C 328
R
P 000000001DD81D88
C 337
R
P 000000001DD81D88
P 000000001E25C9F8
C 233
R
P 000000001DD81D88
C 337
R
P 000000001DD81D88
P 000000001E25C9F8
C 235
= 000000001E24E8F8
R
P 000000001DD81D88
C 337
R
P 000000001DD81D88
P 000000001E24E8F8
C 207
R
P 000000001DD81D88
C 337
R
P 000000001DD81D88
P 000000001E60C1D8
P 000000001E25C9F8
C 299
= 000000001E24F498
R
P 000000001DD81D88
C 337
R
P 000000001DD81D88
P 000000001E24F498
C 255
R
P 000000001DD81D88
C 337
R
P 000000001DD81D88
P 000000001E24F498
C 252
= 000000001E24E8F8
R
P 000000001DD81D88
C 337
R
P 000000001DD81D88
P 000000001E24E8F8
C 207
R
P 000000001DD81D88
C 337
R
P 000000001DD81D88
P 000000001E24F498
C 258
R
P 000000001DD81D88
C 337
R
P 000000001DD81D88
P 000000001E24F498
C 257
R
P 000000001DD81D88
C 337
R
P 000000001DD81D88
P 000000001E24F498
C 256
R
P 000000001DD81D88
C 337
R
P 000000001DD81D88
P 000000001E24F498
C 9
R
P 000000001DD81D88
C 337
R
P 000000001DD81D88
P 000000001E24F498
C 261
R
P 000000001DD81D88
C 337
R
P 000000001DD81D88
P 000000001E60C1D8
C 302
R
P 000000001DD81D88
C 337
R
P 000000001DD81D88
P 000000001E60C1D8
U 0
C 303
= 000000001E25C9F8
R
P 000000001DD81D88
C 337
R
P 000000001DD81D88
P 000000001E25C9F8
C 255
R
P 000000001DD81D88
C 337
R
P 000000001DD81D88
P 000000001E25C9F8
C 9
R
P 000000001DD81D88
C 337
R
P 000000001DD81D88
P 000000001E25C9F8
C 230
R
P 000000001DD81D88
C 337
R
P 000000001DD81D88
$ |p1|
C 200
R
P 000000001DD81D88
C 337
R
P 000000001DD81D88
$ |p1|
C 200
R
P 000000001DD81D88
C 337
R
P 000000001DD81D88
$ |p1|
C 200
R
P 000000001DD81D88
C 337
R
P 000000001DD81D88
$ |p1|
C 200
R
P 000000001DD81D88
C 337
R
P 000000001DD81D88
$ |p1|
C 202
R
P 000000001DD81D88
C 337
R
P 000000001DD81D88
P 000000001E25C9F8
C 233
R
P 000000001DD81D88
C 337
R
P 000000001DD81D88
P 000000001E25C9F8
C 235
= 000000001E24E8F8
R
P 000000001DD81D88
C 337
R
P 000000001DD81D88
P 000000001E24E8F8
C 207
R
P 000000001DD81D88
C 337
R
P 000000001DD81D88
P 000000001E60C1D8
P 000000001E25C9F8
C 299
= 000000001E24F498
R
P 000000001DD81D88
C 337
R
P 000000001DD81D88
P 000000001E24F498
C 255
R
P 000000001DD81D88
C 337
R
P 000000001DD81D88
P 000000001E24F498
C 252
= 000000001E24E8F8
R
P 000000001DD81D88
C 337
R
P 000000001DD81D88
P 000000001E24E8F8
C 207
R
P 000000001DD81D88
C 337
R
P 000000001DD81D88
P 000000001E24F498
C 258
R
P 000000001DD81D88
C 337
R
P 000000001DD81D88
P 000000001E24F498
C 257
R
P 000000001DD81D88
C 337
R
P 000000001DD81D88
P 000000001E24F498
C 256
R
P 000000001DD81D88
C 337
R
P 000000001DD81D88
P 000000001E24F498
C 9
R
P 000000001DD81D88
C 337
R
P 000000001DD81D88
P 000000001E24F498
C 261
R
P 000000001DD81D88
C 337
R
P 0000000002C5E988
C 406
= 000000001E53D088
R
P 0000000002C5E988
C 337
R
P 0000000002C5E988
P 000000001E53D088
C 414
R
P 0000000002C5E988
C 337
R
P 0000000002C5E988
P 000000001E53D088
C 418
R
P 0000000002C5E988
C 337
R
P 0000000002C5E988
S "p1"
C 30
R
P 0000000002C5E988
C 337
R
P 0000000002C5E988
$ |p1|
C 200
R
P 0000000002C5E988
C 337
R
P 0000000002C5E988
$ |p1|
P 0000000002C6AB68
C 51
= 0000000002C6B488
R
P 0000000002C5E988
C 337
R
P 0000000002C5E988
P 0000000002C6B488
C 255
R
P 0000000002C5E988
C 337
R
P 0000000002C5E988
P 0000000002C6B488
C 252
= 0000000002C6AB68
R
P 0000000002C5E988
C 337
R
P 0000000002C5E988
P 0000000002C6AB68
C 207
R
P 0000000002C5E988
C 337
R
P 0000000002C5E988
P 0000000002C6B488
C 258
R
P 0000000002C5E988
C 337
R
P 0000000002C5E988
P 0000000002C6B488
C 257
R
P 0000000002C5E988
C 337
R
P 0000000002C5E988
P 0000000002C6B488
C 256
R
P 0000000002C5E988
C 337
R
P 0000000002C5E988
P 0000000002C6B488
C 9
R
P 0000000002C5E988
C 337
R
P 0000000002C5E988
I 5
P 0000000002C6AB68
C 150
= 0000000002C6B4A8
R
P 0000000002C5E988
C 337
R
P 0000000002C5E988
P 0000000002C6B4A8
C 256
R
P 0000000002C5E988
C 337
R
P 0000000002C5E988
P 0000000002C6B4A8
C 9
R
P 0000000002C5E988
C 337
R
P 0000000002C5E988
P 0000000002C6B488
P 0000000002C6B4A8
C 75
= 0000000002C717F0
R
P 0000000002C5E988
C 337
R
P 0000000002C5E988
P 0000000002C717F0
C 256
R
P 0000000002C5E988
C 337
R
P 0000000002C5E988
P 0000000002C717F0
C 9
R
P 0000000002C5E988
C 337
R
P 0000000002C5E988
P 000000001E53D088
P 0000000002C717F0
C 420
R
P 0000000002C5E988
C 337
R
P 0000000002C5E988
S "p1"
C 30
R
P 0000000002C5E988
C 337
R
P 0000000002C5E988
$ |p1|
C 200
R
P 0000000002C5E988
C 337
R
P 0000000002C5E988
$ |p1|
P 0000000002C6AB68
C 51
= 0000000002C6B488
R
P 0000000002C5E988
C 337
R
P 0000000002C5E988
P 0000000002C6B488
C 255
R
P 0000000002C5E988
C 337
R
P 0000000002C5E988
P 0000000002C6B488
C 252
= 0000000002C6AB68
R
P 0000000002C5E988
C 337
R
P 0000000002C5E988
P 0000000002C6AB68
C 207
R
P 0000000002C5E988
C 337
R
P 0000000002C5E988
P 0000000002C6B488
C 258
R
P 0000000002C5E988
C 337
R
P 0000000002C5E988
P 0000000002C6B488
C 257
R
P 0000000002C5E988
C 337
R
P 0000000002C5E988
P 0000000002C6B488
C 256
R
P 0000000002C5E988
C 337
R
P 0000000002C5E988
P 0000000002C6B488
C 9
R
P 0000000002C5E988
C 337
R
P 0000000002C5E988
I 10
P 0000000002C6AB68
C 150
= 0000000002C6B6E8
R
P 0000000002C5E988
C 337
R
P 0000000002C5E988
P 0000000002C6B6E8
C 256
R
P 0000000002C5E988
C 337
R
P 0000000002C5E988
P 0000000002C6B6E8
C 9
R
P 0000000002C5E988
C 337
R
P 0000000002C5E988
P 0000000002C6B488
P 0000000002C6B6E8
C 75
= 0000000002C71860
R
P 0000000002C5E988
C 337
R
P 0000000002C5E988
P 0000000002C71860
C 256
R
P 0000000002C5E988
C 337
R
P 0000000002C5E988
P 0000000002C71860
C 9
R
P 0000000002C5E988
C 337
R
P 0000000002C5E988
P 000000001E53D088
P 0000000002C71860
C 420
R
P 0000000002C5E988
C 337
R
P 0000000002C5E988
S "p2"
C 30
R
P 0000000002C5E988
C 337
R
P 0000000002C5E988
$ |p2|
C 200
R
P 0000000002C5E988
C 337
R
P 0000000002C5E988
$ |p2|
P 0000000002C6AB68
C 51
= 0000000002C6B708
R
P 0000000002C5E988
C 337
R
P 0000000002C5E988
P 0000000002C6B708
C 255
R
P 0000000002C5E988
C 337
R
P 0000000002C5E988
P 0000000002C6B708
C 252
= 0000000002C6AB68
R
P 0000000002C5E988
C 337
R
P 0000000002C5E988
P 0000000002C6AB68
C 207
R
P 0000000002C5E988
C 337
R
P 0000000002C5E988
P 0000000002C6B708
C 258
R
P 0000000002C5E988
C 337
R
P 0000000002C5E988
P 0000000002C6B708
C 257
R
P 0000000002C5E988
C 337
R
P 0000000002C5E988
P 0000000002C6B708
C 256
R
P 0000000002C5E988
C 337
R
P 0000000002C5E988
P 0000000002C6B708
C 9
R
P 0000000002C5E988
C 337
R
P 0000000002C5E988
I 21
P 0000000002C6AB68
C 150
= 0000000002C6B728
R
P 0000000002C5E988
C 337
R
P 0000000002C5E988
P 0000000002C6B728
C 256
R
P 0000000002C5E988
C 337
R
P 0000000002C5E988
P 0000000002C6B728
C 9
R
P 0000000002C5E988
C 337
R
P 0000000002C5E988
P 0000000002C6B708
P 0000000002C6B728
C 73
= 0000000002C71908
R
P 0000000002C5E988
C 337
R
P 0000000002C5E988
P 0000000002C71908
C 256
R
P 0000000002C5E988
C 337
R
P 0000000002C5E988
P 0000000002C71908
C 9
R
P 0000000002C5E988
C 337
R
P 0000000002C5E988
P 000000001E53D088
P 0000000002C71908
C 420
R
P 0000000002C5E988
C 337
R
P 0000000002C5E988
S "p2"
C 30
R
P 0000000002C5E988
C 337
R
P 0000000002C5E988
$ |p2|
C 200
R
P 0000000002C5E988
C 337
R
P 0000000002C5E988
$ |p2|
P 0000000002C6AB68
C 51
= 0000000002C6B708
R
P 0000000002C5E988
C 337
R
P 0000000002C5E988
P 0000000002C6B708
C 255
R
P 0000000002C5E988
C 337
R
P 0000000002C5E988
P 0000000002C6B708
C 252
= 0000000002C6AB68
R
P 0000000002C5E988
C 337
R
P 0000000002C5E988
P 0000000002C6AB68
C 207
R
P 0000000002C5E988
C 337
R
P 0000000002C5E988
P 0000000002C6B708
C 258
R
P 0000000002C5E988
C 337
R
P 0000000002C5E988
P 0000000002C6B708
C 257
R
P 0000000002C5E988
C 337
R
P 0000000002C5E988
P 0000000002C6B708
C 256
R
P 0000000002C5E988
C 337
R
P 0000000002C5E988
P 0000000002C6B708
C 9
R
P 0000000002C5E988
C 337
R
P 0000000002C5E988
I 15
P 0000000002C6AB68
C 150
= 0000000002C6B768
R
P 0000000002C5E988
C 337
R
P 0000000002C5E988
P 0000000002C6B768
C 256
R
P 0000000002C5E988
C 337
R
P 0000000002C5E988
P 0000000002C6B768
C 9
R
P 0000000002C5E988
C 337
R
P 0000000002C5E988
P 0000000002C6B708
P 0000000002C6B768
C 76
= 0000000002C718D0
R
P 0000000002C5E988
C 337
R
P 0000000002C5E988
P 0000000002C718D0
C 256
R
P 0000000002C5E988
C 337
R
P 0000000002C5E988
P 0000000002C718D0
C 9
R
P 0000000002C5E988
C 337
R
P 0000000002C5E988
P 000000001E53D088
P 0000000002C718D0
C 420
R
P 0000000002C5E988
C 337
R
P 0000000002C5E988
P 000000001E53D088
C 425
R
P 0000000002C5E988
C 337
R
P 0000000002C5E988
P 000000001E53D088
C 429
= 000000001E73B088
R
P 0000000002C5E988
C 337
R
P 0000000002C5E988
P 000000001E73B088
C 296
R
P 0000000002C5E988
C 337
R
P 0000000002C5E988
P 000000001E73B088
C 332
R
P 0000000002C5E988
C 337
R
P 0000000002C5E988
P 000000001E73B088
C 302
R
P 0000000002C5E988
C 337
R
P 0000000002C5E988
P 000000001E73B088
U 0
C 303
= 0000000002C6CC08
R
P 0000000002C5E988
C 337
R
P 0000000002C5E988
P 0000000002C6CC08
C 255
R
P 0000000002C5E988
C 337
R
P 0000000002C5E988
P 0000000002C6CC08
C 9
R
P 0000000002C5E988
C 337
R
P 0000000002C5E988
P 000000001E73B088
U 1
C 303
= 0000000002C6CCF8
R
P 0000000002C5E988
C 337
R
P 0000000002C5E988
P 0000000002C6CCF8
C 255
R
P 0000000002C5E988
C 337
R
P 0000000002C5E988
P 0000000002C6CCF8
C 9
R
P 0000000002C5E988
C 337
R
P 0000000002C5E988
P 0000000002C6CC08
C 230
R
P 0000000002C5E988
C 337
R
P 0000000002C5E988
$ |p1|
C 200
R
P 0000000002C5E988
C 337
R
P 0000000002C5E988
$ |p1|
C 200
R
P 0000000002C5E988
C 337
R
P 0000000002C5E988
$ |p1|
C 200
R
P 0000000002C5E988
C 337
R
P 0000000002C5E988
$ |p1|
C 200
R
P 0000000002C5E988
C 337
R
P 0000000002C5E988
$ |p1|
C 202
R
P 0000000002C5E988
C 337
R
P 0000000002C5E988
P 0000000002C6CC08
C 328
R
P 0000000002C5E988
C 337
R
P 0000000002C5E988
P 0000000002C6CC08
C 233
R
P 0000000002C5E988
C 337
R
P 0000000002C5E988
P 0000000002C6CC08
C 235
= 0000000002C6AB68
R
P 0000000002C5E988
C 337
R
P 0000000002C5E988
P 0000000002C6AB68
C 207
R
P 0000000002C5E988
C 337
R
P 0000000002C5E988
P 000000001E73B088
P 0000000002C6CC08
C 299
= 0000000002C6B7A8
R
P 0000000002C5E988
C 337
R
P 0000000002C5E988
P 0000000002C6B7A8
C 255
R
P 0000000002C5E988
C 337
R
P 0000000002C5E988
P 0000000002C6B7A8
C 252
= 0000000002C6AB68
R
P 0000000002C5E988
C 337
R
P 0000000002C5E988
P 0000000002C6AB68
C 207
R
P 0000000002C5E988
C 337
R
P 0000000002C5E988
P 0000000002C6B7A8
C 258
R
P 0000000002C5E988
C 337
R
P 0000000002C5E988
P 0000000002C6B7A8
C 257
R
P 0000000002C5E988
C 337
R
P 0000000002C5E988
P 0000000002C6B7A8
C 256
R
P 0000000002C5E988
C 337
R
P 0000000002C5E988
P 0000000002C6B7A8
C 9
R
P 0000000002C5E988
C 337
R
P 0000000002C5E988
P 0000000002C6B7A8
C 261
R
P 0000000002C5E988
C 337
R
P 0000000002C5E988
P 0000000002C6CCF8
C 230
R
P 0000000002C5E988
C 337
R
P 0000000002C5E988
$ |p2|
C 200
R
P 0000000002C5E988
C 337
R
P 0000000002C5E988
$ |p2|
C 200
R
P 0000000002C5E988
C 337
R
P 0000000002C5E988
$ |p2|
C 200
R
P 0000000002C5E988
C 337
R
P 0000000002C5E988
$ |p2|
C 200
R
P 0000000002C5E988
C 337
R
P 0000000002C5E988
$ |p2|
C 202
R
P 0000000002C5E988
C 337
R
P 0000000002C5E988
P 0000000002C6CCF8
C 328
R
P 0000000002C5E988
C 337
R
P 0000000002C5E988
P 0000000002C6CCF8
C 233
R
P 0000000002C5E988
C 337
R
P 0000000002C5E988
P 0000000002C6CCF8
C 235
= 0000000002C6AB68
R
P 0000000002C5E988
C 337
R
P 0000000002C5E988
P 0000000002C6AB68
C 207
R
P 0000000002C5E988
C 337
R
P 0000000002C5E988
P 000000001E73B088
P 0000000002C6CCF8
C 299
= 0000000002C6B768
R
P 0000000002C5E988
C 337
R
P 0000000002C5E988
P 0000000002C6B768
C 255
R
P 0000000002C5E988
C 337
R
P 0000000002C5E988
P 0000000002C6B768
C 252
= 0000000002C6AB68
R
P 0000000002C5E988
C 337
R
P 0000000002C5E988
P 0000000002C6AB68
C 207
R
P 0000000002C5E988
C 337
R
P 0000000002C5E988
P 0000000002C6B768
C 258
R
P 0000000002C5E988
C 337
R
P 0000000002C5E988
P 0000000002C6B768
C 257
R
P 0000000002C5E988
C 337
R
P 0000000002C5E988
P 0000000002C6B768
C 256
R
P 0000000002C5E988
C 337
R
P 0000000002C5E988
P 0000000002C6B768
C 9
R
P 0000000002C5E988
C 337
R
P 0000000002C5E988
P 0000000002C6B768
C 261
R
P 0000000002C5E988
C 337
R
C 3
= 000000001E8B6CF8
R
P 000000001E8B6CF8
S "model"
S "true"
C 5
R
P 000000001E8B6CF8
C 7
= 0000000002C76FE8
R
P 000000001E8B6CF8
C 4
R
P 0000000002C76FE8
U 2
C 327
R
P 0000000002C76FE8
C 337
R
P 0000000002C76FE8
C 406
= 000000001E7438D8
R
P 0000000002C76FE8
C 337
R
P 0000000002C76FE8
P 000000001E7438D8
C 414
R
P 0000000002C76FE8
C 337
R
P 0000000002C76FE8
P 000000001E7438D8
C 418
R
P 0000000002C76FE8
C 337
R
P 0000000002C76FE8
C 33
= 000000001E86F2E8
R
P 0000000002C76FE8
C 337
R
P 0000000002C76FE8
P 000000001E86F2E8
C 255
R
P 0000000002C76FE8
C 337
R
P 0000000002C76FE8
P 000000001E86F2E8
C 9
R
P 0000000002C76FE8
C 337
R
P 0000000002C76FE8
S "p1"
C 30
R
P 0000000002C76FE8
C 337
R
P 0000000002C76FE8
$ |p1|
C 200
R
P 0000000002C76FE8
C 337
R
P 0000000002C76FE8
$ |p1|
P 000000001E86F2E8
C 51
= 000000001E86FC08
R
P 0000000002C76FE8
C 337
R
P 0000000002C76FE8
P 000000001E86FC08
C 255
R
P 0000000002C76FE8
C 337
R
P 0000000002C76FE8
P 000000001E86FC08
C 252
= 000000001E86F2E8
R
P 0000000002C76FE8
C 337
R
P 0000000002C76FE8
P 000000001E86F2E8
C 207
R
P 0000000002C76FE8
C 337
R
P 0000000002C76FE8
P 000000001E86FC08
C 258
R
P 0000000002C76FE8
C 337
R
P 0000000002C76FE8
P 000000001E86FC08
C 257
R
P 0000000002C76FE8
C 337
R
P 0000000002C76FE8
P 000000001E86FC08
C 256
R
P 0000000002C76FE8
C 337
R
P 0000000002C76FE8
P 000000001E86FC08
C 9
R
P 0000000002C76FE8
C 337
R
P 0000000002C76FE8
I 5
P 000000001E86F2E8
C 150
= 000000001E86FC28
R
P 0000000002C76FE8
C 337
R
P 0000000002C76FE8
P 000000001E86FC28
C 256
R
P 0000000002C76FE8
C 337
R
P 0000000002C76FE8
P 000000001E86FC28
C 9
R
P 0000000002C76FE8
C 337
R
P 0000000002C76FE8
P 000000001E86FC08
P 000000001E86FC28
C 75
= 000000001E8656E0
R
P 0000000002C76FE8
C 337
R
P 0000000002C76FE8
P 000000001E8656E0
C 256
R
P 0000000002C76FE8
C 337
R
P 0000000002C76FE8
P 000000001E8656E0
C 9
R
P 0000000002C76FE8
C 337
R
P 0000000002C76FE8
P 000000001E7438D8
P 000000001E8656E0
C 420
R
P 0000000002C76FE8
C 337
R
P 0000000002C76FE8
S "p1"
C 30
R
P 0000000002C76FE8
C 337
R
P 0000000002C76FE8
$ |p1|
C 200
R
P 0000000002C76FE8
C 337
R
P 0000000002C76FE8
$ |p1|
P 000000001E86F2E8
C 51
= 000000001E86FC08
R
P 0000000002C76FE8
C 337
R
P 0000000002C76FE8
P 000000001E86FC08
C 255
R
P 0000000002C76FE8
C 337
R
P 0000000002C76FE8
P 000000001E86FC08
C 252
= 000000001E86F2E8
R
P 0000000002C76FE8
C 337
R
P 0000000002C76FE8
P 000000001E86F2E8
C 207
R
P 0000000002C76FE8
C 337
R
P 0000000002C76FE8
P 000000001E86FC08
C 258
R
P 0000000002C76FE8
C 337
R
P 0000000002C76FE8
P 000000001E86FC08
C 257
R
P 0000000002C76FE8
C 337
R
P 0000000002C76FE8
P 000000001E86FC08
C 256
R
P 0000000002C76FE8
C 337
R
P 0000000002C76FE8
P 000000001E86FC08
C 9
R
P 0000000002C76FE8
C 337
R
P 0000000002C76FE8
I 10
P 000000001E86F2E8
C 150
= 000000001E86FE68
R
P 0000000002C76FE8
C 337
R
P 0000000002C76FE8
P 000000001E86FE68
C 256
R
P 0000000002C76FE8
C 337
R
P 0000000002C76FE8
P 000000001E86FE68
C 9
R
P 0000000002C76FE8
C 337
R
P 0000000002C76FE8
P 000000001E86FC08
P 000000001E86FE68
C 74
= 000000001E865750
R
P 0000000002C76FE8
C 337
R
P 0000000002C76FE8
P 000000001E865750
C 256
R
P 0000000002C76FE8
C 337
R
P 0000000002C76FE8
P 000000001E865750
C 9
R
P 0000000002C76FE8
C 337
R
P 0000000002C76FE8
P 000000001E7438D8
P 000000001E865750
C 420
R
P 0000000002C76FE8
C 337
R
P 0000000002C76FE8
P 000000001E7438D8
C 425
R
P 0000000002C76FE8
C 337
R
P 0000000002C76FE8
P 000000001E7438D8
C 429
= 000000001EAE34B8
R
P 0000000002C76FE8
C 337
R
P 0000000002C76FE8
P 000000001EAE34B8
C 296
R
P 0000000002C76FE8
C 337
R
P 0000000002C76FE8
P 000000001EAE34B8
C 332
R
P 0000000002C76FE8
C 337
R
P 0000000002C76FE8
P 000000001EAE34B8
C 302
R
P 0000000002C76FE8
C 337
R
P 0000000002C76FE8
P 000000001EAE34B8
U 0
C 303
= 000000001E871388
R
P 0000000002C76FE8
C 337
R
P 0000000002C76FE8
P 000000001E871388
C 255
R
P 0000000002C76FE8
C 337
R
P 0000000002C76FE8
P 000000001E871388
C 9
R
P 0000000002C76FE8
C 337
R
P 0000000002C76FE8
P 000000001E871388
C 230
R
P 0000000002C76FE8
C 337
R
P 0000000002C76FE8
$ |p1|
C 200
R
P 0000000002C76FE8
C 337
R
P 0000000002C76FE8
$ |p1|
C 200
R
P 0000000002C76FE8
C 337
R
P 0000000002C76FE8
$ |p1|
C 200
R
P 0000000002C76FE8
C 337
R
P 0000000002C76FE8
$ |p1|
C 200
R
P 0000000002C76FE8
C 337
R
P 0000000002C76FE8
$ |p1|
C 202
R
P 0000000002C76FE8
C 337
R
P 0000000002C76FE8
P 000000001E871388
C 328
R
P 0000000002C76FE8
C 337
R
P 0000000002C76FE8
P 000000001E871388
C 233
R
P 0000000002C76FE8
C 337
R
P 0000000002C76FE8
P 000000001E871388
C 235
= 000000001E86F2E8
R
P 0000000002C76FE8
C 337
R
P 0000000002C76FE8
P 000000001E86F2E8
C 207
R
P 0000000002C76FE8
C 337
R
P 0000000002C76FE8
P 000000001EAE34B8
P 000000001E871388
C 299
= 000000001E86FE88
R
P 0000000002C76FE8
C 337
R
P 0000000002C76FE8
P 000000001E86FE88
C 255
R
P 0000000002C76FE8
C 337
R
P 0000000002C76FE8
P 000000001E86FE88
C 252
= 000000001E86F2E8
R
P 0000000002C76FE8
C 337
R
P 0000000002C76FE8
P 000000001E86F2E8
C 207
R
P 0000000002C76FE8
C 337
R
P 0000000002C76FE8
P 000000001E86FE88
C 258
R
P 0000000002C76FE8
C 337
R
P 0000000002C76FE8
P 000000001E86FE88
C 257
R
P 0000000002C76FE8
C 337
R
P 0000000002C76FE8
P 000000001E86FE88
C 256
R
P 0000000002C76FE8
C 337
R
P 0000000002C76FE8
P 000000001E86FE88
C 9
R
P 0000000002C76FE8
C 337
R
P 0000000002C76FE8
P 000000001E86FE88
C 261
R
P 0000000002C76FE8
C 337
R
P 0000000002C76FE8
P 000000001EAE34B8
C 302
R
P 0000000002C76FE8
C 337
R
P 0000000002C76FE8
P 000000001EAE34B8
U 0
C 303
= 000000001E871388
R
P 0000000002C76FE8
C 337
R
P 0000000002C76FE8
P 000000001E871388
C 255
R
P 0000000002C76FE8
C 337
R
P 0000000002C76FE8
P 000000001E871388
C 9
R
P 0000000002C76FE8
C 337
R
P 0000000002C76FE8
P 000000001E871388
C 230
R
P 0000000002C76FE8
C 337
R
P 0000000002C76FE8
$ |p1|
C 200
R
P 0000000002C76FE8
C 337
R
P 0000000002C76FE8
$ |p1|
C 200
R
P 0000000002C76FE8
C 337
R
P 0000000002C76FE8
$ |p1|
C 200
R
P 0000000002C76FE8
C 337
R
P 0000000002C76FE8
$ |p1|
C 200
R
P 0000000002C76FE8
C 337
R
P 0000000002C76FE8
$ |p1|
C 202
R
P 0000000002C76FE8
C 337
R
P 0000000002C76FE8
P 000000001E871388
C 233
R
P 0000000002C76FE8
C 337
R
P 0000000002C76FE8
P 000000001E871388
C 235
= 000000001E86F2E8
R
P 0000000002C76FE8
C 337
R
P 0000000002C76FE8
P 000000001E86F2E8
C 207
R
P 0000000002C76FE8
C 337
R
P 0000000002C76FE8
P 000000001EAE34B8
P 000000001E871388
C 299
= 000000001E86FE88
R
P 0000000002C76FE8
C 337
R
P 0000000002C76FE8
P 000000001E86FE88
C 255
R
P 0000000002C76FE8
C 337
R
P 0000000002C76FE8
P 000000001E86FE88
C 252
= 000000001E86F2E8
R
P 0000000002C76FE8
C 337
R
P 0000000002C76FE8
P 000000001E86F2E8
C 207
R
P 0000000002C76FE8
C 337
R
P 0000000002C76FE8
P 000000001E86FE88
C 258
R
P 0000000002C76FE8
C 337
R
P 0000000002C76FE8
P 000000001E86FE88
C 257
R
P 0000000002C76FE8
C 337
R
P 0000000002C76FE8
P 000000001E86FE88
C 256
R
P 0000000002C76FE8
C 337
R
P 0000000002C76FE8
P 000000001E86FE88
C 9
R
P 0000000002C76FE8
C 337
R
P 0000000002C76FE8
P 000000001E86FE88
C 261
R
P 0000000002C76FE8
C 337
R
P 0000000002C5E988
C 406
= 000000001EA57E68
R
P 0000000002C5E988
C 337
R
P 0000000002C5E988
P 000000001EA57E68
C 414
R
P 0000000002C5E988
C 337
R
P 0000000002C5E988
P 000000001EA57E68
C 418
R
P 0000000002C5E988
C 337
R
P 0000000002C5E988
S "p1"
C 30
R
P 0000000002C5E988
C 337
R
P 0000000002C5E988
$ |p1|
C 200
R
P 0000000002C5E988
C 337
R
P 0000000002C5E988
$ |p1|
P 0000000002C6AB68
C 51
= 0000000002C6B488
R
P 0000000002C5E988
C 337
R
P 0000000002C5E988
P 0000000002C6B488
C 255
R
P 0000000002C5E988
C 337
R
P 0000000002C5E988
P 0000000002C6B488
C 252
= 0000000002C6AB68
R
P 0000000002C5E988
C 337
R
P 0000000002C5E988
P 0000000002C6AB68
C 207
R
P 0000000002C5E988
C 337
R
P 0000000002C5E988
P 0000000002C6B488
C 258
R
P 0000000002C5E988
C 337
R
P 0000000002C5E988
P 0000000002C6B488
C 257
R
P 0000000002C5E988
C 337
R
P 0000000002C5E988
P 0000000002C6B488
C 256
R
P 0000000002C5E988
C 337
R
P 0000000002C5E988
P 0000000002C6B488
C 9
R
P 0000000002C5E988
C 337
R
P 0000000002C5E988
I 5
P 0000000002C6AB68
C 150
= 0000000002C6B4A8
R
P 0000000002C5E988
C 337
R
P 0000000002C5E988
P 0000000002C6B4A8
C 256
R
P 0000000002C5E988
C 337
R
P 0000000002C5E988
P 0000000002C6B4A8
C 9
R
P 0000000002C5E988
C 337
R
P 0000000002C5E988
P 0000000002C6B488
P 0000000002C6B4A8
C 75
= 0000000002C717F0
R
P 0000000002C5E988
C 337
R
P 0000000002C5E988
P 0000000002C717F0
C 256
R
P 0000000002C5E988
C 337
R
P 0000000002C5E988
P 0000000002C717F0
C 9
R
P 0000000002C5E988
C 337
R
P 0000000002C5E988
P 000000001EA57E68
P 0000000002C717F0
C 420
R
P 0000000002C5E988
C 337
R
P 0000000002C5E988
S "p1"
C 30
R
P 0000000002C5E988
C 337
R
P 0000000002C5E988
$ |p1|
C 200
R
P 0000000002C5E988
C 337
R
P 0000000002C5E988
$ |p1|
P 0000000002C6AB68
C 51
= 0000000002C6B488
R
P 0000000002C5E988
C 337
R
P 0000000002C5E988
P 0000000002C6B488
C 255
R
P 0000000002C5E988
C 337
R
P 0000000002C5E988
P 0000000002C6B488
C 252
= 0000000002C6AB68
R
P 0000000002C5E988
C 337
R
P 0000000002C5E988
P 0000000002C6AB68
C 207
R
P 0000000002C5E988
C 337
R
P 0000000002C5E988
P 0000000002C6B488
C 258
R
P 0000000002C5E988
C 337
R
P 0000000002C5E988
P 0000000002C6B488
C 257
R
P 0000000002C5E988
C 337
R
P 0000000002C5E988
P 0000000002C6B488
C 256
R
P 0000000002C5E988
C 337
R
P 0000000002C5E988
P 0000000002C6B488
C 9
R
P 0000000002C5E988
C 337
R
P 0000000002C5E988
I 10
P 0000000002C6AB68
C 150
= 0000000002C6B6E8
R
P 0000000002C5E988
C 337
R
P 0000000002C5E988
P 0000000002C6B6E8
C 256
R
P 0000000002C5E988
C 337
R
P 0000000002C5E988
P 0000000002C6B6E8
C 9
R
P 0000000002C5E988
C 337
R
P 0000000002C5E988
P 0000000002C6B488
P 0000000002C6B6E8
C 74
= 0000000002C71978
R
P 0000000002C5E988
C 337
R
P 0000000002C5E988
P 0000000002C71978
C 256
R
P 0000000002C5E988
C 337
R
P 0000000002C5E988
P 0000000002C71978
C 9
R
P 0000000002C5E988
C 337
R
P 0000000002C5E988
P 000000001EA57E68
P 0000000002C71978
C 420
R
P 0000000002C5E988
C 337
R
P 0000000002C5E988
P 000000001EA57E68
C 425
R
P 0000000002C5E988
C 337
R
P 0000000002C5E988
P 000000001EA57E68
C 429
= 000000001EDE9BF8
R
P 0000000002C5E988
C 337
R
P 0000000002C5E988
P 000000001EDE9BF8
C 296
R
P 0000000002C5E988
C 337
R
P 0000000002C5E988
P 000000001EDE9BF8
C 332
R
P 0000000002C5E988
C 337
R
P 0000000002C5E988
P 000000001EDE9BF8
C 302
R
P 0000000002C5E988
C 337
R
P 0000000002C5E988
P 000000001EDE9BF8
U 0
C 303
= 0000000002C6CC08
R
P 0000000002C5E988
C 337
R
P 0000000002C5E988
P 0000000002C6CC08
C 255
R
P 0000000002C5E988
C 337
R
P 0000000002C5E988
P 0000000002C6CC08
C 9
R
P 0000000002C5E988
C 337
R
P 0000000002C5E988
P 0000000002C6CC08
C 230
R
P 0000000002C5E988
C 337
R
P 0000000002C5E988
$ |p1|
C 200
R
P 0000000002C5E988
C 337
R
P 0000000002C5E988
$ |p1|
C 200
R
P 0000000002C5E988
C 337
R
P 0000000002C5E988
$ |p1|
C 200
R
P 0000000002C5E988
C 337
R
P 0000000002C5E988
$ |p1|
C 200
R
P 0000000002C5E988
C 337
R
P 0000000002C5E988
$ |p1|
C 202
R
P 0000000002C5E988
C 337
R
P 0000000002C5E988
P 0000000002C6CC08
C 328
R
P 0000000002C5E988
C 337
R
P 0000000002C5E988
P 0000000002C6CC08
C 233
R
P 0000000002C5E988
C 337
R
P 0000000002C5E988
P 0000000002C6CC08
C 235
= 0000000002C6AB68
R
P 0000000002C5E988
C 337
R
P 0000000002C5E988
P 0000000002C6AB68
C 207
R
P 0000000002C5E988
C 337
R
P 0000000002C5E988
P 000000001EDE9BF8
P 0000000002C6CC08
C 299
= 0000000002C6B7C8
R
P 0000000002C5E988
C 337
R
P 0000000002C5E988
P 0000000002C6B7C8
C 255
R
P 0000000002C5E988
C 337
R
P 0000000002C5E988
P 0000000002C6B7C8
C 252
= 0000000002C6AB68
R
P 0000000002C5E988
C 337
R
P 0000000002C5E988
P 0000000002C6AB68
C 207
R
P 0000000002C5E988
C 337
R
P 0000000002C5E988
P 0000000002C6B7C8
C 258
R
P 0000000002C5E988
C 337
R
P 0000000002C5E988
P 0000000002C6B7C8
C 257
R
P 0000000002C5E988
C 337
R
P 0000000002C5E988
P 0000000002C6B7C8
C 256
R
P 0000000002C5E988
C 337
R
P 0000000002C5E988
P 0000000002C6B7C8
C 9
R
P 0000000002C5E988
C 337
R
P 0000000002C5E988
P 0000000002C6B7C8
C 261
R
P 0000000002C5E988
C 337
R
C 3
= 000000001EBBC868
R
P 000000001EBBC868
S "model"
S "true"
C 5
R
P 000000001EBBC868
C 7
= 000000001EBDBF08
R
P 000000001EBBC868
C 4
R
P 000000001EBDBF08
U 2
C 327
R
P 000000001EBDBF08
C 337
R
P 000000001EBDBF08
C 406
= 000000001EA10CD8
R
P 000000001EBDBF08
C 337
R
P 000000001EBDBF08
P 000000001EA10CD8
C 414
R
P 000000001EBDBF08
C 337
R
P 000000001EBDBF08
P 000000001EA10CD8
C 418
R
P 000000001EBDBF08
C 337
R
P 000000001EBDBF08
C 33
= 000000001ED40228
R
P 000000001EBDBF08
C 337
R
P 000000001EBDBF08
P 000000001ED40228
C 255
R
P 000000001EBDBF08
C 337
R
P 000000001EBDBF08
P 000000001ED40228
C 9
R
P 000000001EBDBF08
C 337
R
P 000000001EBDBF08
S "p1"
C 30
R
P 000000001EBDBF08
C 337
R
P 000000001EBDBF08
$ |p1|
C 200
R
P 000000001EBDBF08
C 337
R
P 000000001EBDBF08
$ |p1|
P 000000001ED40228
C 51
= 000000001ED40B48
R
P 000000001EBDBF08
C 337
R
P 000000001EBDBF08
P 000000001ED40B48
C 255
R
P 000000001EBDBF08
C 337
R
P 000000001EBDBF08
P 000000001ED40B48
C 252
= 000000001ED40228
R
P 000000001EBDBF08
C 337
R
P 000000001EBDBF08
P 000000001ED40228
C 207
R
P 000000001EBDBF08
C 337
R
P 000000001EBDBF08
P 000000001ED40B48
C 258
R
P 000000001EBDBF08
C 337
R
P 000000001EBDBF08
P 000000001ED40B48
C 257
R
P 000000001EBDBF08
C 337
R
P 000000001EBDBF08
P 000000001ED40B48
C 256
R
P 000000001EBDBF08
C 337
R
P 000000001EBDBF08
P 000000001ED40B48
C 9
R
P 000000001EBDBF08
C 337
R
P 000000001EBDBF08
I 5
P 000000001ED40228
C 150
= 000000001ED40B68
R
P 000000001EBDBF08
C 337
R
P 000000001EBDBF08
P 000000001ED40B68
C 256
R
P 000000001EBDBF08
C 337
R
P 000000001EBDBF08
P 000000001ED40B68
C 9
R
P 000000001EBDBF08
C 337
R
P 000000001EBDBF08
P 000000001ED40B48
P 000000001ED40B68
C 75
= 000000001E6915A0
R
P 000000001EBDBF08
C 337
R
P 000000001EBDBF08
P 000000001E6915A0
C 256
R
P 000000001EBDBF08
C 337
R
P 000000001EBDBF08
P 000000001E6915A0
C 9
R
P 000000001EBDBF08
C 337
R
P 000000001EBDBF08
P 000000001EA10CD8
P 000000001E6915A0
C 420
R
P 000000001EBDBF08
C 337
R
P 000000001EBDBF08
S "p1"
C 30
R
P 000000001EBDBF08
C 337
R
P 000000001EBDBF08
$ |p1|
C 200
R
P 000000001EBDBF08
C 337
R
P 000000001EBDBF08
$ |p1|
P 000000001ED40228
C 51
= 000000001ED40B48
R
P 000000001EBDBF08
C 337
R
P 000000001EBDBF08
P 000000001ED40B48
C 255
R
P 000000001EBDBF08
C 337
R
P 000000001EBDBF08
P 000000001ED40B48
C 252
= 000000001ED40228
R
P 000000001EBDBF08
C 337
R
P 000000001EBDBF08
P 000000001ED40228
C 207
R
P 000000001EBDBF08
C 337
R
P 000000001EBDBF08
P 000000001ED40B48
C 258
R
P 000000001EBDBF08
C 337
R
P 000000001EBDBF08
P 000000001ED40B48
C 257
R
P 000000001EBDBF08
C 337
R
P 000000001EBDBF08
P 000000001ED40B48
C 256
R
P 000000001EBDBF08
C 337
R
P 000000001EBDBF08
P 000000001ED40B48
C 9
R
P 000000001EBDBF08
C 337
R
P 000000001EBDBF08
I 10
P 000000001ED40228
C 150
= 000000001ED40DA8
R
P 000000001EBDBF08
C 337
R
P 000000001EBDBF08
P 000000001ED40DA8
C 256
R
P 000000001EBDBF08
C 337
R
P 000000001EBDBF08
P 000000001ED40DA8
C 9
R
P 000000001EBDBF08
C 337
R
P 000000001EBDBF08
P 000000001ED40B48
P 000000001ED40DA8
C 75
= 000000001E691610
R
P 000000001EBDBF08
C 337
R
P 000000001EBDBF08
P 000000001E691610
C 256
R
P 000000001EBDBF08
C 337
R
P 000000001EBDBF08
P 000000001E691610
C 9
R
P 000000001EBDBF08
C 337
R
P 000000001EBDBF08
P 000000001EA10CD8
P 000000001E691610
C 420
R
P 000000001EBDBF08
C 337
R
P 000000001EBDBF08
S "p2"
C 30
R
P 000000001EBDBF08
C 337
R
P 000000001EBDBF08
$ |p2|
C 200
R
P 000000001EBDBF08
C 337
R
P 000000001EBDBF08
$ |p2|
P 000000001ED40228
C 51
= 000000001ED40DC8
R
P 000000001EBDBF08
C 337
R
P 000000001EBDBF08
P 000000001ED40DC8
C 255
R
P 000000001EBDBF08
C 337
R
P 000000001EBDBF08
P 000000001ED40DC8
C 252
= 000000001ED40228
R
P 000000001EBDBF08
C 337
R
P 000000001EBDBF08
P 000000001ED40228
C 207
R
P 000000001EBDBF08
C 337
R
P 000000001EBDBF08
P 000000001ED40DC8
C 258
R
P 000000001EBDBF08
C 337
R
P 000000001EBDBF08
P 000000001ED40DC8
C 257
R
P 000000001EBDBF08
C 337
R
P 000000001EBDBF08
P 000000001ED40DC8
C 256
R
P 000000001EBDBF08
C 337
R
P 000000001EBDBF08
P 000000001ED40DC8
C 9
R
P 000000001EBDBF08
C 337
R
P 000000001EBDBF08
I 21
P 000000001ED40228
C 150
= 000000001ED40DE8
R
P 000000001EBDBF08
C 337
R
P 000000001EBDBF08
P 000000001ED40DE8
C 256
R
P 000000001EBDBF08
C 337
R
P 000000001EBDBF08
P 000000001ED40DE8
C 9
R
P 000000001EBDBF08
C 337
R
P 000000001EBDBF08
P 000000001ED40DC8
P 000000001ED40DE8
C 73
= 000000001E691648
R
P 000000001EBDBF08
C 337
R
P 000000001EBDBF08
P 000000001E691648
C 256
R
P 000000001EBDBF08
C 337
R
P 000000001EBDBF08
P 000000001E691648
C 9
R
P 000000001EBDBF08
C 337
R
P 000000001EBDBF08
P 000000001EA10CD8
P 000000001E691648
C 420
R
P 000000001EBDBF08
C 337
R
P 000000001EBDBF08
P 000000001EA10CD8
C 425
R
P 000000001EBDBF08
C 337
R
P 000000001EBDBF08
P 000000001EA10CD8
C 429
= 000000001E94ED98
R
P 000000001EBDBF08
C 337
R
P 000000001EBDBF08
P 000000001E94ED98
C 296
R
P 000000001EBDBF08
C 337
R
P 000000001EBDBF08
P 000000001E94ED98
C 332
R
P 000000001EBDBF08
C 337
R
P 000000001EBDBF08
P 000000001E94ED98
C 302
R
P 000000001EBDBF08
C 337
R
P 000000001EBDBF08
P 000000001E94ED98
U 0
C 303
= 000000001ED3A288
R
P 000000001EBDBF08
C 337
R
P 000000001EBDBF08
P 000000001ED3A288
C 255
R
P 000000001EBDBF08
C 337
R
P 000000001EBDBF08
P 000000001ED3A288
C 9
R
P 000000001EBDBF08
C 337
R
P 000000001EBDBF08
P 000000001E94ED98
U 1
C 303
= 000000001ED3A378
R
P 000000001EBDBF08
C 337
R
P 000000001EBDBF08
P 000000001ED3A378
C 255
R
P 000000001EBDBF08
C 337
R
P 000000001EBDBF08
P 000000001ED3A378
C 9
R
P 000000001EBDBF08
C 337
R
P 000000001EBDBF08
P 000000001ED3A288
C 230
R
P 000000001EBDBF08
C 337
R
P 000000001EBDBF08
$ |p1|
C 200
R
P 000000001EBDBF08
C 337
R
P 000000001EBDBF08
$ |p1|
C 200
R
P 000000001EBDBF08
C 337
R
P 000000001EBDBF08
$ |p1|
C 200
R
P 000000001EBDBF08
C 337
R
P 000000001EBDBF08
$ |p1|
C 200
R
P 000000001EBDBF08
C 337
R
P 000000001EBDBF08
$ |p1|
C 202
R
P 000000001EBDBF08
C 337
R
P 000000001EBDBF08
P 000000001ED3A288
C 328
R
P 000000001EBDBF08
C 337
R
P 000000001EBDBF08
P 000000001ED3A288
C 233
R
P 000000001EBDBF08
C 337
R
P 000000001EBDBF08
P 000000001ED3A288
C 235
= 000000001ED40228
R
P 000000001EBDBF08
C 337
R
P 000000001EBDBF08
P 000000001ED40228
C 207
R
P 000000001EBDBF08
C 337
R
P 000000001EBDBF08
P 000000001E94ED98
P 000000001ED3A288
C 299
= 000000001ED40E88
R
P 000000001EBDBF08
C 337
R
P 000000001EBDBF08
P 000000001ED40E88
C 255
R
P 000000001EBDBF08
C 337
R
P 000000001EBDBF08
P 000000001ED40E88
C 252
= 000000001ED40228
R
P 000000001EBDBF08
C 337
R
P 000000001EBDBF08
P 000000001ED40228
C 207
R
P 000000001EBDBF08
C 337
R
P 000000001EBDBF08
P 000000001ED40E88
C 258
R
P 000000001EBDBF08
C 337
R
P 000000001EBDBF08
P 000000001ED40E88
C 257
R
P 000000001EBDBF08
C 337
R
P 000000001EBDBF08
P 000000001ED40E88
C 256
R
P 000000001EBDBF08
C 337
R
P 000000001EBDBF08
P 000000001ED40E88
C 9
R
P 000000001EBDBF08
C 337
R
P 000000001EBDBF08
P 000000001ED40E88
C 261
R
P 000000001EBDBF08
C 337
R
P 000000001EBDBF08
P 000000001ED3A378
C 230
R
P 000000001EBDBF08
C 337
R
P 000000001EBDBF08
$ |p2|
C 200
R
P 000000001EBDBF08
C 337
R
P 000000001EBDBF08
$ |p2|
C 200
R
P 000000001EBDBF08
C 337
R
P 000000001EBDBF08
$ |p2|
C 200
R
P 000000001EBDBF08
C 337
R
P 000000001EBDBF08
$ |p2|
C 200
R
P 000000001EBDBF08
C 337
R
P 000000001EBDBF08
$ |p2|
C 202
R
P 000000001EBDBF08
C 337
R
P 000000001EBDBF08
P 000000001ED3A378
C 328
R
P 000000001EBDBF08
C 337
R
P 000000001EBDBF08
P 000000001ED3A378
C 233
R
P 000000001EBDBF08
C 337
R
P 000000001EBDBF08
P 000000001ED3A378
C 235
= 000000001ED40228
R
P 000000001EBDBF08
C 337
R
P 000000001EBDBF08
P 000000001ED40228
C 207
R
P 000000001EBDBF08
C 337
R
P 000000001EBDBF08
P 000000001E94ED98
P 000000001ED3A378
C 299
= 000000001ED40E08
R
P 000000001EBDBF08
C 337
R
P 000000001EBDBF08
P 000000001ED40E08
C 255
R
P 000000001EBDBF08
C 337
R
P 000000001EBDBF08
P 000000001ED40E08
C 252
= 000000001ED40228
R
P 000000001EBDBF08
C 337
R
P 000000001EBDBF08
P 000000001ED40228
C 207
R
P 000000001EBDBF08
C 337
R
P 000000001EBDBF08
P 000000001ED40E08
C 258
R
P 000000001EBDBF08
C 337
R
P 000000001EBDBF08
P 000000001ED40E08
C 257
R
P 000000001EBDBF08
C 337
R
P 000000001EBDBF08
P 000000001ED40E08
C 256
R
P 000000001EBDBF08
C 337
R
P 000000001EBDBF08
P 000000001ED40E08
C 9
R
P 000000001EBDBF08
C 337
R
P 000000001EBDBF08
P 000000001ED40E08
C 261
R
P 000000001EBDBF08
C 337
R
P 000000001EBDBF08
P 000000001E94ED98
C 302
R
P 000000001EBDBF08
C 337
R
P 000000001EBDBF08
P 000000001E94ED98
U 0
C 303
= 000000001ED3A288
R
P 000000001EBDBF08
C 337
R
P 000000001EBDBF08
P 000000001ED3A288
C 255
R
P 000000001EBDBF08
C 337
R
P 000000001EBDBF08
P 000000001ED3A288
C 9
R
P 000000001EBDBF08
C 337
R
P 000000001EBDBF08
P 000000001E94ED98
U 1
C 303
= 000000001ED3A378
R
P 000000001EBDBF08
C 337
R
P 000000001EBDBF08
P 000000001ED3A378
C 255
R
P 000000001EBDBF08
C 337
R
P 000000001EBDBF08
P 000000001ED3A378
C 9
R
P 000000001EBDBF08
C 337
R
P 000000001EBDBF08
P 000000001ED3A288
C 233
R
P 000000001EBDBF08
C 337
R
P 000000001EBDBF08
P 000000001ED3A288
C 235
= 000000001ED40228
R
P 000000001EBDBF08
C 337
R
P 000000001EBDBF08
P 000000001ED40228
C 207
R
P 000000001EBDBF08
C 337
R
P 000000001EBDBF08
P 000000001E94ED98
P 000000001ED3A288
C 299
= 000000001ED40E88
R
P 000000001EBDBF08
C 337
R
P 000000001EBDBF08
P 000000001ED40E88
C 255
R
P 000000001EBDBF08
C 337
R
P 000000001EBDBF08
P 000000001ED40E88
C 252
= 000000001ED40228
R
P 000000001EBDBF08
C 337
R
P 000000001EBDBF08
P 000000001ED40228
C 207
R
P 000000001EBDBF08
C 337
R
P 000000001EBDBF08
P 000000001ED40E88
C 258
R
P 000000001EBDBF08
C 337
R
P 000000001EBDBF08
P 000000001ED40E88
C 257
R
P 000000001EBDBF08
C 337
R
P 000000001EBDBF08
P 000000001ED40E88
C 256
R
P 000000001EBDBF08
C 337
R
P 000000001EBDBF08
P 000000001ED40E88
C 9
R
P 000000001EBDBF08
C 337
R
P 000000001EBDBF08
P 000000001ED3A288
C 230
R
P 000000001EBDBF08
C 337
R
P 000000001EBDBF08
$ |p1|
C 200
R
P 000000001EBDBF08
C 337
R
P 000000001EBDBF08
$ |p1|
C 200
R
P 000000001EBDBF08
C 337
R
P 000000001EBDBF08
$ |p1|
C 200
R
P 000000001EBDBF08
C 337
R
P 000000001EBDBF08
$ |p1|
C 200
R
P 000000001EBDBF08
C 337
R
P 000000001EBDBF08
$ |p1|
C 202
R
P 000000001EBDBF08
C 337
R
P 000000001EBDBF08
P 000000001ED40E88
C 261
R
P 000000001EBDBF08
C 337
R
P 000000001EBDBF08
P 000000001ED3A378
C 233
R
P 000000001EBDBF08
C 337
R
P 000000001EBDBF08
P 000000001ED3A378
C 235
= 000000001ED40228
R
P 000000001EBDBF08
C 337
R
P 000000001EBDBF08
P 000000001ED40228
C 207
R
P 000000001EBDBF08
C 337
R
P 000000001EBDBF08
P 000000001E94ED98
P 000000001ED3A378
C 299
= 000000001ED40E08
R
P 000000001EBDBF08
C 337
R
P 000000001EBDBF08
P 000000001ED40E08
C 255
R
P 000000001EBDBF08
C 337
R
P 000000001EBDBF08
P 000000001ED40E08
C 252
= 000000001ED40228
R
P 000000001EBDBF08
C 337
R
P 000000001EBDBF08
P 000000001ED40228
C 207
R
P 000000001EBDBF08
C 337
R
P 000000001EBDBF08
P 000000001ED40E08
C 258
R
P 000000001EBDBF08
C 337
R
P 000000001EBDBF08
P 000000001ED40E08
C 257
R
P 000000001EBDBF08
C 337
R
P 000000001EBDBF08
P 000000001ED40E08
C 256
R
P 000000001EBDBF08
C 337
R
P 000000001EBDBF08
P 000000001ED40E08
C 9
R
P 000000001EBDBF08
C 337
R
P 000000001EBDBF08
P 000000001ED3A378
C 230
R
P 000000001EBDBF08
C 337
R
P 000000001EBDBF08
$ |p2|
C 200
R
P 000000001EBDBF08
C 337
R
P 000000001EBDBF08
$ |p2|
C 200
R
P 000000001EBDBF08
C 337
R
P 000000001EBDBF08
$ |p2|
C 200
R
P 000000001EBDBF08
C 337
R
P 000000001EBDBF08
$ |p2|
C 200
R
P 000000001EBDBF08
C 337
R
P 000000001EBDBF08
$ |p2|
C 202
R
P 000000001EBDBF08
C 337
R
P 000000001EBDBF08
P 000000001ED40E08
C 261
R
P 000000001EBDBF08
C 337
R
P 0000000002C5E988
C 406
= 000000001EF8D748
R
P 0000000002C5E988
C 337
R
P 0000000002C5E988
P 000000001EF8D748
C 414
R
P 0000000002C5E988
C 337
R
P 0000000002C5E988
P 000000001EF8D748
C 418
R
P 0000000002C5E988
C 337
R
P 0000000002C5E988
S "p1"
C 30
R
P 0000000002C5E988
C 337
R
P 0000000002C5E988
$ |p1|
C 200
R
P 0000000002C5E988
C 337
R
P 0000000002C5E988
$ |p1|
P 0000000002C6AB68
C 51
= 0000000002C6B488
R
P 0000000002C5E988
C 337
R
P 0000000002C5E988
P 0000000002C6B488
C 255
R
P 0000000002C5E988
C 337
R
P 0000000002C5E988
P 0000000002C6B488
C 252
= 0000000002C6AB68
R
P 0000000002C5E988
C 337
R
P 0000000002C5E988
P 0000000002C6AB68
C 207
R
P 0000000002C5E988
C 337
R
P 0000000002C5E988
P 0000000002C6B488
C 258
R
P 0000000002C5E988
C 337
R
P 0000000002C5E988
P 0000000002C6B488
C 257
R
P 0000000002C5E988
C 337
R
P 0000000002C5E988
P 0000000002C6B488
C 256
R
P 0000000002C5E988
C 337
R
P 0000000002C5E988
P 0000000002C6B488
C 9
R
P 0000000002C5E988
C 337
R
P 0000000002C5E988
I 5
P 0000000002C6AB68
C 150
= 0000000002C6B4A8
R
P 0000000002C5E988
C 337
R
P 0000000002C5E988
P 0000000002C6B4A8
C 256
R
P 0000000002C5E988
C 337
R
P 0000000002C5E988
P 0000000002C6B4A8
C 9
R
P 0000000002C5E988
C 337
R
P 0000000002C5E988
P 0000000002C6B488
P 0000000002C6B4A8
C 75
= 0000000002C717F0
R
P 0000000002C5E988
C 337
R
P 0000000002C5E988
P 0000000002C717F0
C 256
R
P 0000000002C5E988
C 337
R
P 0000000002C5E988
P 0000000002C717F0
C 9
R
P 0000000002C5E988
C 337
R
P 0000000002C5E988
P 000000001EF8D748
P 0000000002C717F0
C 420
R
P 0000000002C5E988
C 337
R
P 0000000002C5E988
S "p1"
C 30
R
P 0000000002C5E988
C 337
R
P 0000000002C5E988
$ |p1|
C 200
R
P 0000000002C5E988
C 337
R
P 0000000002C5E988
$ |p1|
P 0000000002C6AB68
C 51
= 0000000002C6B488
R
P 0000000002C5E988
C 337
R
P 0000000002C5E988
P 0000000002C6B488
C 255
R
P 0000000002C5E988
C 337
R
P 0000000002C5E988
P 0000000002C6B488
C 252
= 0000000002C6AB68
R
P 0000000002C5E988
C 337
R
P 0000000002C5E988
P 0000000002C6AB68
C 207
R
P 0000000002C5E988
C 337
R
P 0000000002C5E988
P 0000000002C6B488
C 258
R
P 0000000002C5E988
C 337
R
P 0000000002C5E988
P 0000000002C6B488
C 257
R
P 0000000002C5E988
C 337
R
P 0000000002C5E988
P 0000000002C6B488
C 256
R
P 0000000002C5E988
C 337
R
P 0000000002C5E988
P 0000000002C6B488
C 9
R
P 0000000002C5E988
C 337
R
P 0000000002C5E988
I 10
P 0000000002C6AB68
C 150
= 0000000002C6B6E8
R
P 0000000002C5E988
C 337
R
P 0000000002C5E988
P 0000000002C6B6E8
C 256
R
P 0000000002C5E988
C 337
R
P 0000000002C5E988
P 0000000002C6B6E8
C 9
R
P 0000000002C5E988
C 337
R
P 0000000002C5E988
P 0000000002C6B488
P 0000000002C6B6E8
C 75
= 0000000002C71860
R
P 0000000002C5E988
C 337
R
P 0000000002C5E988
P 0000000002C71860
C 256
R
P 0000000002C5E988
C 337
R
P 0000000002C5E988
P 0000000002C71860
C 9
R
P 0000000002C5E988
C 337
R
P 0000000002C5E988
P 000000001EF8D748
P 0000000002C71860
C 420
R
P 0000000002C5E988
C 337
R
P 0000000002C5E988
S "p2"
C 30
R
P 0000000002C5E988
C 337
R
P 0000000002C5E988
$ |p2|
C 200
R
P 0000000002C5E988
C 337
R
P 0000000002C5E988
$ |p2|
P 0000000002C6AB68
C 51
= 0000000002C6B708
R
P 0000000002C5E988
C 337
R
P 0000000002C5E988
P 0000000002C6B708
C 255
R
P 0000000002C5E988
C 337
R
P 0000000002C5E988
P 0000000002C6B708
C 252
= 0000000002C6AB68
R
P 0000000002C5E988
C 337
R
P 0000000002C5E988
P 0000000002C6AB68
C 207
R
P 0000000002C5E988
C 337
R
P 0000000002C5E988
P 0000000002C6B708
C 258
R
P 0000000002C5E988
C 337
R
P 0000000002C5E988
P 0000000002C6B708
C 257
R
P 0000000002C5E988
C 337
R
P 0000000002C5E988
P 0000000002C6B708
C 256
R
P 0000000002C5E988
C 337
R
P 0000000002C5E988
P 0000000002C6B708
C 9
R
P 0000000002C5E988
C 337
R
P 0000000002C5E988
I 21
P 0000000002C6AB68
C 150
= 0000000002C6B728
R
P 0000000002C5E988
C 337
R
P 0000000002C5E988
P 0000000002C6B728
C 256
R
P 0000000002C5E988
C 337
R
P 0000000002C5E988
P 0000000002C6B728
C 9
R
P 0000000002C5E988
C 337
R
P 0000000002C5E988
P 0000000002C6B708
P 0000000002C6B728
C 73
= 0000000002C71908
R
P 0000000002C5E988
C 337
R
P 0000000002C5E988
P 0000000002C71908
C 256
R
P 0000000002C5E988
C 337
R
P 0000000002C5E988
P 0000000002C71908
C 9
R
P 0000000002C5E988
C 337
R
P 0000000002C5E988
P 000000001EF8D748
P 0000000002C71908
C 420
R
P 0000000002C5E988
C 337
R
P 0000000002C5E988
S "p2"
C 30
R
P 0000000002C5E988
C 337
R
P 0000000002C5E988
$ |p2|
C 200
R
P 0000000002C5E988
C 337
R
P 0000000002C5E988
$ |p2|
P 0000000002C6AB68
C 51
= 0000000002C6B708
R
P 0000000002C5E988
C 337
R
P 0000000002C5E988
P 0000000002C6B708
C 255
R
P 0000000002C5E988
C 337
R
P 0000000002C5E988
P 0000000002C6B708
C 252
= 0000000002C6AB68
R
P 0000000002C5E988
C 337
R
P 0000000002C5E988
P 0000000002C6AB68
C 207
R
P 0000000002C5E988
C 337
R
P 0000000002C5E988
P 0000000002C6B708
C 258
R
P 0000000002C5E988
C 337
R
P 0000000002C5E988
P 0000000002C6B708
C 257
R
P 0000000002C5E988
C 337
R
P 0000000002C5E988
P 0000000002C6B708
C 256
R
P 0000000002C5E988
C 337
R
P 0000000002C5E988
P 0000000002C6B708
C 9
R
P 0000000002C5E988
C 337
R
P 0000000002C5E988
I 15
P 0000000002C6AB68
C 150
= 0000000002C6B768
R
P 0000000002C5E988
C 337
R
P 0000000002C5E988
P 0000000002C6B768
C 256
R
P 0000000002C5E988
C 337
R
P 0000000002C5E988
P 0000000002C6B768
C 9
R
P 0000000002C5E988
C 337
R
P 0000000002C5E988
P 0000000002C6B708
P 0000000002C6B768
C 76
= 0000000002C718D0
R
P 0000000002C5E988
C 337
R
P 0000000002C5E988
P 0000000002C718D0
C 256
R
P 0000000002C5E988
C 337
R
P 0000000002C5E988
P 0000000002C718D0
C 9
R
P 0000000002C5E988
C 337
R
P 0000000002C5E988
P 000000001EF8D748
P 0000000002C718D0
C 420
R
P 0000000002C5E988
C 337
R
P 0000000002C5E988
P 000000001EF8D748
C 425
R
P 0000000002C5E988
C 337
R
P 0000000002C5E988
P 000000001EF8D748
C 429
= 000000001F257D18
R
P 0000000002C5E988
C 337
R
P 0000000002C5E988
P 000000001F257D18
C 296
R
P 0000000002C5E988
C 337
R
P 0000000002C5E988
P 000000001F257D18
C 332
R
P 0000000002C5E988
C 337
R
P 0000000002C5E988
P 000000001F257D18
C 302
R
P 0000000002C5E988
C 337
R
P 0000000002C5E988
P 000000001F257D18
U 0
C 303
= 0000000002C6CC08
R
P 0000000002C5E988
C 337
R
P 0000000002C5E988
P 0000000002C6CC08
C 255
R
P 0000000002C5E988
C 337
R
P 0000000002C5E988
P 0000000002C6CC08
C 9
R
P 0000000002C5E988
C 337
R
P 0000000002C5E988
P 000000001F257D18
U 1
C 303
= 0000000002C6CCF8
R
P 0000000002C5E988
C 337
R
P 0000000002C5E988
P 0000000002C6CCF8
C 255
R
P 0000000002C5E988
C 337
R
P 0000000002C5E988
P 0000000002C6CCF8
C 9
R
P 0000000002C5E988
C 337
R
P 0000000002C5E988
P 0000000002C6CC08
C 230
R
P 0000000002C5E988
C 337
R
P 0000000002C5E988
$ |p1|
C 200
R
P 0000000002C5E988
C 337
R
P 0000000002C5E988
$ |p1|
C 200
R
P 0000000002C5E988
C 337
R
P 0000000002C5E988
$ |p1|
C 200
R
P 0000000002C5E988
C 337
R
P 0000000002C5E988
$ |p1|
C 200
R
P 0000000002C5E988
C 337
R
P 0000000002C5E988
$ |p1|
C 202
R
P 0000000002C5E988
C 337
R
P 0000000002C5E988
P 0000000002C6CC08
C 328
R
P 0000000002C5E988
C 337
R
P 0000000002C5E988
P 0000000002C6CC08
C 233
R
P 0000000002C5E988
C 337
R
P 0000000002C5E988
P 0000000002C6CC08
C 235
= 0000000002C6AB68
R
P 0000000002C5E988
C 337
R
P 0000000002C5E988
P 0000000002C6AB68
C 207
R
P 0000000002C5E988
C 337
R
P 0000000002C5E988
P 000000001F257D18
P 0000000002C6CC08
C 299
= 0000000002C6B7A8
R
P 0000000002C5E988
C 337
R
P 0000000002C5E988
P 0000000002C6B7A8
C 255
R
P 0000000002C5E988
C 337
R
P 0000000002C5E988
P 0000000002C6B7A8
C 252
= 0000000002C6AB68
R
P 0000000002C5E988
C 337
R
P 0000000002C5E988
P 0000000002C6AB68
C 207
R
P 0000000002C5E988
C 337
R
P 0000000002C5E988
P 0000000002C6B7A8
C 258
R
P 0000000002C5E988
C 337
R
P 0000000002C5E988
P 0000000002C6B7A8
C 257
R
P 0000000002C5E988
C 337
R
P 0000000002C5E988
P 0000000002C6B7A8
C 256
R
P 0000000002C5E988
C 337
R
P 0000000002C5E988
P 0000000002C6B7A8
C 9
R
P 0000000002C5E988
C 337
R
P 0000000002C5E988
P 0000000002C6B7A8
C 261
R
P 0000000002C5E988
C 337
R
P 0000000002C5E988
P 0000000002C6CCF8
C 230
R
P 0000000002C5E988
C 337
R
P 0000000002C5E988
$ |p2|
C 200
R
P 0000000002C5E988
C 337
R
P 0000000002C5E988
$ |p2|
C 200
R
P 0000000002C5E988
C 337
R
P 0000000002C5E988
$ |p2|
C 200
R
P 0000000002C5E988
C 337
R
P 0000000002C5E988
$ |p2|
C 200
R
P 0000000002C5E988
C 337
R
P 0000000002C5E988
$ |p2|
C 202
R
P 0000000002C5E988
C 337
R
P 0000000002C5E988
P 0000000002C6CCF8
C 328
R
P 0000000002C5E988
C 337
R
P 0000000002C5E988
P 0000000002C6CCF8
C 233
R
P 0000000002C5E988
C 337
R
P 0000000002C5E988
P 0000000002C6CCF8
C 235
= 0000000002C6AB68
R
P 0000000002C5E988
C 337
R
P 0000000002C5E988
P 0000000002C6AB68
C 207
R
P 0000000002C5E988
C 337
R
P 0000000002C5E988
P 000000001F257D18
P 0000000002C6CCF8
C 299
= 0000000002C6B768
R
P 0000000002C5E988
C 337
R
P 0000000002C5E988
P 0000000002C6B768
C 255
R
P 0000000002C5E988
C 337
R
P 0000000002C5E988
P 0000000002C6B768
C 252
= 0000000002C6AB68
R
P 0000000002C5E988
C 337
R
P 0000000002C5E988
P 0000000002C6AB68
C 207
R
P 0000000002C5E988
C 337
R
P 0000000002C5E988
P 0000000002C6B768
C 258
R
P 0000000002C5E988
C 337
R
P 0000000002C5E988
P 0000000002C6B768
C 257
R
P 0000000002C5E988
C 337
R
P 0000000002C5E988
P 0000000002C6B768
C 256
R
P 0000000002C5E988
C 337
R
P 0000000002C5E988
P 0000000002C6B768
C 9
R
P 0000000002C5E988
C 337
R
P 0000000002C5E988
P 0000000002C6B768
C 261
R
P 0000000002C5E988
C 337
R
C 3
= 000000001F0F1688
R
P 000000001F0F1688
S "model"
S "true"
C 5
R
P 000000001F0F1688
C 7
= 000000001EF572F8
R
P 000000001F0F1688
C 4
R
P 000000001EF572F8
U 2
C 327
R
P 000000001EF572F8
C 337
R
P 000000001EF572F8
C 406
= 000000001EF87E88
R
P 000000001EF572F8
C 337
R
P 000000001EF572F8
P 000000001EF87E88
C 414
R
P 000000001EF572F8
C 337
R
P 000000001EF572F8
P 000000001EF87E88
C 418
R
P 000000001EF572F8
C 337
R
P 000000001EF572F8
C 33
= 000000001F2EA748
R
P 000000001EF572F8
C 337
R
P 000000001EF572F8
P 000000001F2EA748
C 255
R
P 000000001EF572F8
C 337
R
P 000000001EF572F8
P 000000001F2EA748
C 9
R
P 000000001EF572F8
C 337
R
P 000000001EF572F8
S "p1"
C 30
R
P 000000001EF572F8
C 337
R
P 000000001EF572F8
$ |p1|
C 200
R
P 000000001EF572F8
C 337
R
P 000000001EF572F8
$ |p1|
P 000000001F2EA748
C 51
= 000000001F2EB068
R
P 000000001EF572F8
C 337
R
P 000000001EF572F8
P 000000001F2EB068
C 255
R
P 000000001EF572F8
C 337
R
P 000000001EF572F8
P 000000001F2EB068
C 252
= 000000001F2EA748
R
P 000000001EF572F8
C 337
R
P 000000001EF572F8
P 000000001F2EA748
C 207
R
P 000000001EF572F8
C 337
R
P 000000001EF572F8
P 000000001F2EB068
C 258
R
P 000000001EF572F8
C 337
R
P 000000001EF572F8
P 000000001F2EB068
C 257
R
P 000000001EF572F8
C 337
R
P 000000001EF572F8
P 000000001F2EB068
C 256
R
P 000000001EF572F8
C 337
R
P 000000001EF572F8
P 000000001F2EB068
C 9
R
P 000000001EF572F8
C 337
R
P 000000001EF572F8
I 5
P 000000001F2EA748
C 150
= 000000001F2EB088
R
P 000000001EF572F8
C 337
R
P 000000001EF572F8
P 000000001F2EB088
C 256
R
P 000000001EF572F8
C 337
R
P 000000001EF572F8
P 000000001F2EB088
C 9
R
P 000000001EF572F8
C 337
R
P 000000001EF572F8
P 000000001F2EB068
P 000000001F2EB088
C 75
= 000000001F2E2B50
R
P 000000001EF572F8
C 337
R
P 000000001EF572F8
P 000000001F2E2B50
C 256
R
P 000000001EF572F8
C 337
R
P 000000001EF572F8
P 000000001F2E2B50
C 9
R
P 000000001EF572F8
C 337
R
P 000000001EF572F8
P 000000001EF87E88
P 000000001F2E2B50
C 420
R
P 000000001EF572F8
C 337
R
P 000000001EF572F8
S "p1"
C 30
R
P 000000001EF572F8
C 337
R
P 000000001EF572F8
$ |p1|
C 200
R
P 000000001EF572F8
C 337
R
P 000000001EF572F8
$ |p1|
P 000000001F2EA748
C 51
= 000000001F2EB068
R
P 000000001EF572F8
C 337
R
P 000000001EF572F8
P 000000001F2EB068
C 255
R
P 000000001EF572F8
C 337
R
P 000000001EF572F8
P 000000001F2EB068
C 252
= 000000001F2EA748
R
P 000000001EF572F8
C 337
R
P 000000001EF572F8
P 000000001F2EA748
C 207
R
P 000000001EF572F8
C 337
R
P 000000001EF572F8
P 000000001F2EB068
C 258
R
P 000000001EF572F8
C 337
R
P 000000001EF572F8
P 000000001F2EB068
C 257
R
P 000000001EF572F8
C 337
R
P 000000001EF572F8
P 000000001F2EB068
C 256
R
P 000000001EF572F8
C 337
R
P 000000001EF572F8
P 000000001F2EB068
C 9
R
P 000000001EF572F8
C 337
R
P 000000001EF572F8
I 10
P 000000001F2EA748
C 150
= 000000001F2EB2C8
R
P 000000001EF572F8
C 337
R
P 000000001EF572F8
P 000000001F2EB2C8
C 256
R
P 000000001EF572F8
C 337
R
P 000000001EF572F8
P 000000001F2EB2C8
C 9
R
P 000000001EF572F8
C 337
R
P 000000001EF572F8
P 000000001F2EB068
P 000000001F2EB2C8
C 75
= 000000001F2E2BC0
R
P 000000001EF572F8
C 337
R
P 000000001EF572F8
P 000000001F2E2BC0
C 256
R
P 000000001EF572F8
C 337
R
P 000000001EF572F8
P 000000001F2E2BC0
C 9
R
P 000000001EF572F8
C 337
R
P 000000001EF572F8
P 000000001EF87E88
P 000000001F2E2BC0
C 420
R
P 000000001EF572F8
C 337
R
P 000000001EF572F8
S "p2"
C 30
R
P 000000001EF572F8
C 337
R
P 000000001EF572F8
$ |p2|
C 200
R
P 000000001EF572F8
C 337
R
P 000000001EF572F8
$ |p2|
P 000000001F2EA748
C 51
= 000000001F2EB2E8
R
P 000000001EF572F8
C 337
R
P 000000001EF572F8
P 000000001F2EB2E8
C 255
R
P 000000001EF572F8
C 337
R
P 000000001EF572F8
P 000000001F2EB2E8
C 252
= 000000001F2EA748
R
P 000000001EF572F8
C 337
R
P 000000001EF572F8
P 000000001F2EA748
C 207
R
P 000000001EF572F8
C 337
R
P 000000001EF572F8
P 000000001F2EB2E8
C 258
R
P 000000001EF572F8
C 337
R
P 000000001EF572F8
P 000000001F2EB2E8
C 257
R
P 000000001EF572F8
C 337
R
P 000000001EF572F8
P 000000001F2EB2E8
C 256
R
P 000000001EF572F8
C 337
R
P 000000001EF572F8
P 000000001F2EB2E8
C 9
R
P 000000001EF572F8
C 337
R
P 000000001EF572F8
I 21
P 000000001F2EA748
C 150
= 000000001F2EB308
R
P 000000001EF572F8
C 337
R
P 000000001EF572F8
P 000000001F2EB308
C 256
R
P 000000001EF572F8
C 337
R
P 000000001EF572F8
P 000000001F2EB308
C 9
R
P 000000001EF572F8
C 337
R
P 000000001EF572F8
P 000000001F2EB2E8
P 000000001F2EB308
C 76
= 000000001F2E2BF8
R
P 000000001EF572F8
C 337
R
P 000000001EF572F8
P 000000001F2E2BF8
C 256
R
P 000000001EF572F8
C 337
R
P 000000001EF572F8
P 000000001F2E2BF8
C 9
R
P 000000001EF572F8
C 337
R
P 000000001EF572F8
P 000000001EF87E88
P 000000001F2E2BF8
C 420
R
P 000000001EF572F8
C 337
R
P 000000001EF572F8
P 000000001EF87E88
C 425
R
P 000000001EF572F8
C 337
R
P 000000001EF572F8
P 000000001EF87E88
C 429
= 000000001F3C5318
R
P 000000001EF572F8
C 337
R
P 000000001EF572F8
P 000000001F3C5318
C 296
R
P 000000001EF572F8
C 337
R
P 000000001EF572F8
P 000000001F3C5318
C 332
R
P 000000001EF572F8
C 337
R
P 000000001EF572F8
P 000000001F3C5318
C 302
R
P 000000001EF572F8
C 337
R
P 000000001EF572F8
P 000000001F3C5318
U 0
C 303
= 000000001F2E87C8
R
P 000000001EF572F8
C 337
R
P 000000001EF572F8
P 000000001F2E87C8
C 255
R
P 000000001EF572F8
C 337
R
P 000000001EF572F8
P 000000001F2E87C8
C 9
R
P 000000001EF572F8
C 337
R
P 000000001EF572F8
P 000000001F3C5318
U 1
C 303
= 000000001F2E88B8
R
P 000000001EF572F8
C 337
R
P 000000001EF572F8
P 000000001F2E88B8
C 255
R
P 000000001EF572F8
C 337
R
P 000000001EF572F8
P 000000001F2E88B8
C 9
R
P 000000001EF572F8
C 337
R
P 000000001EF572F8
P 000000001F2E87C8
C 230
R
P 000000001EF572F8
C 337
R
P 000000001EF572F8
$ |p1|
C 200
R
P 000000001EF572F8
C 337
R
P 000000001EF572F8
$ |p1|
C 200
R
P 000000001EF572F8
C 337
R
P 000000001EF572F8
$ |p1|
C 200
R
P 000000001EF572F8
C 337
R
P 000000001EF572F8
$ |p1|
C 200
R
P 000000001EF572F8
C 337
R
P 000000001EF572F8
$ |p1|
C 202
R
P 000000001EF572F8
C 337
R
P 000000001EF572F8
P 000000001F2E87C8
C 328
R
P 000000001EF572F8
C 337
R
P 000000001EF572F8
P 000000001F2E87C8
C 233
R
P 000000001EF572F8
C 337
R
P 000000001EF572F8
P 000000001F2E87C8
C 235
= 000000001F2EA748
R
P 000000001EF572F8
C 337
R
P 000000001EF572F8
P 000000001F2EA748
C 207
R
P 000000001EF572F8
C 337
R
P 000000001EF572F8
P 000000001F3C5318
P 000000001F2E87C8
C 299
= 000000001F2EB388
R
P 000000001EF572F8
C 337
R
P 000000001EF572F8
P 000000001F2EB388
C 255
R
P 000000001EF572F8
C 337
R
P 000000001EF572F8
P 000000001F2EB388
C 252
= 000000001F2EA748
R
P 000000001EF572F8
C 337
R
P 000000001EF572F8
P 000000001F2EA748
C 207
R
P 000000001EF572F8
C 337
R
P 000000001EF572F8
P 000000001F2EB388
C 258
R
P 000000001EF572F8
C 337
R
P 000000001EF572F8
P 000000001F2EB388
C 257
R
P 000000001EF572F8
C 337
R
P 000000001EF572F8
P 000000001F2EB388
C 256
R
P 000000001EF572F8
C 337
R
P 000000001EF572F8
P 000000001F2EB388
C 9
R
P 000000001EF572F8
C 337
R
P 000000001EF572F8
P 000000001F2EB388
C 261
R
P 000000001EF572F8
C 337
R
P 000000001EF572F8
P 000000001F2E88B8
C 230
R
P 000000001EF572F8
C 337
R
P 000000001EF572F8
$ |p2|
C 200
R
P 000000001EF572F8
C 337
R
P 000000001EF572F8
$ |p2|
C 200
R
P 000000001EF572F8
C 337
R
P 000000001EF572F8
$ |p2|
C 200
R
P 000000001EF572F8
C 337
R
P 000000001EF572F8
$ |p2|
C 200
R
P 000000001EF572F8
C 337
R
P 000000001EF572F8
$ |p2|
C 202
R
P 000000001EF572F8
C 337
R
P 000000001EF572F8
P 000000001F2E88B8
C 328
R
P 000000001EF572F8
C 337
R
P 000000001EF572F8
P 000000001F2E88B8
C 233
R
P 000000001EF572F8
C 337
R
P 000000001EF572F8
P 000000001F2E88B8
C 235
= 000000001F2EA748
R
P 000000001EF572F8
C 337
R
P 000000001EF572F8
P 000000001F2EA748
C 207
R
P 000000001EF572F8
C 337
R
P 000000001EF572F8
P 000000001F3C5318
P 000000001F2E88B8
C 299
= 000000001F2EB308
R
P 000000001EF572F8
C 337
R
P 000000001EF572F8
P 000000001F2EB308
C 255
R
P 000000001EF572F8
C 337
R
P 000000001EF572F8
P 000000001F2EB308
C 252
= 000000001F2EA748
R
P 000000001EF572F8
C 337
R
P 000000001EF572F8
P 000000001F2EA748
C 207
R
P 000000001EF572F8
C 337
R
P 000000001EF572F8
P 000000001F2EB308
C 258
R
P 000000001EF572F8
C 337
R
P 000000001EF572F8
P 000000001F2EB308
C 257
R
P 000000001EF572F8
C 337
R
P 000000001EF572F8
P 000000001F2EB308
C 256
R
P 000000001EF572F8
C 337
R
P 000000001EF572F8
P 000000001F2EB308
C 9
R
P 000000001EF572F8
C 337
R
P 000000001EF572F8
P 000000001F2EB308
C 261
R
P 000000001EF572F8
C 337
R
P 000000001EF572F8
P 000000001F3C5318
C 302
R
P 000000001EF572F8
C 337
R
P 000000001EF572F8
P 000000001F3C5318
U 0
C 303
= 000000001F2E87C8
R
P 000000001EF572F8
C 337
R
P 000000001EF572F8
P 000000001F2E87C8
C 255
R
P 000000001EF572F8
C 337
R
P 000000001EF572F8
P 000000001F2E87C8
C 9
R
P 000000001EF572F8
C 337
R
P 000000001EF572F8
P 000000001F3C5318
U 1
C 303
= 000000001F2E88B8
R
P 000000001EF572F8
C 337
R
P 000000001EF572F8
P 000000001F2E88B8
C 255
R
P 000000001EF572F8
C 337
R
P 000000001EF572F8
P 000000001F2E88B8
C 9
R
P 000000001EF572F8
C 337
R
P 000000001EF572F8
P 000000001F2E87C8
C 233
R
P 000000001EF572F8
C 337
R
P 000000001EF572F8
P 000000001F2E87C8
C 235
= 000000001F2EA748
R
P 000000001EF572F8
C 337
R
P 000000001EF572F8
P 000000001F2EA748
C 207
R
P 000000001EF572F8
C 337
R
P 000000001EF572F8
P 000000001F3C5318
P 000000001F2E87C8
C 299
= 000000001F2EB388
R
P 000000001EF572F8
C 337
R
P 000000001EF572F8
P 000000001F2EB388
C 255
R
P 000000001EF572F8
C 337
R
P 000000001EF572F8
P 000000001F2EB388
C 252
= 000000001F2EA748
R
P 000000001EF572F8
C 337
R
P 000000001EF572F8
P 000000001F2EA748
C 207
R
P 000000001EF572F8
C 337
R
P 000000001EF572F8
P 000000001F2EB388
C 258
R
P 000000001EF572F8
C 337
R
P 000000001EF572F8
P 000000001F2EB388
C 257
R
P 000000001EF572F8
C 337
R
P 000000001EF572F8
P 000000001F2EB388
C 256
R
P 000000001EF572F8
C 337
R
P 000000001EF572F8
P 000000001F2EB388
C 9
R
P 000000001EF572F8
C 337
R
P 000000001EF572F8
P 000000001F2E87C8
C 230
R
P 000000001EF572F8
C 337
R
P 000000001EF572F8
$ |p1|
C 200
R
P 000000001EF572F8
C 337
R
P 000000001EF572F8
$ |p1|
C 200
R
P 000000001EF572F8
C 337
R
P 000000001EF572F8
$ |p1|
C 200
R
P 000000001EF572F8
C 337
R
P 000000001EF572F8
$ |p1|
C 200
R
P 000000001EF572F8
C 337
R
P 000000001EF572F8
$ |p1|
C 202
R
P 000000001EF572F8
C 337
R
P 000000001EF572F8
P 000000001F2EB388
C 261
R
P 000000001EF572F8
C 337
R
P 000000001EF572F8
P 000000001F2E88B8
C 233
R
P 000000001EF572F8
C 337
R
P 000000001EF572F8
P 000000001F2E88B8
C 235
= 000000001F2EA748
R
P 000000001EF572F8
C 337
R
P 000000001EF572F8
P 000000001F2EA748
C 207
R
P 000000001EF572F8
C 337
R
P 000000001EF572F8
P 000000001F3C5318
P 000000001F2E88B8
C 299
= 000000001F2EB308
R
P 000000001EF572F8
C 337
R
P 000000001EF572F8
P 000000001F2EB308
C 255
R
P 000000001EF572F8
C 337
R
P 000000001EF572F8
P 000000001F2EB308
C 252
= 000000001F2EA748
R
P 000000001EF572F8
C 337
R
P 000000001EF572F8
P 000000001F2EA748
C 207
R
P 000000001EF572F8
C 337
R
P 000000001EF572F8
P 000000001F2EB308
C 258
R
P 000000001EF572F8
C 337
R
P 000000001EF572F8
P 000000001F2EB308
C 257
R
P 000000001EF572F8
C 337
R
P 000000001EF572F8
P 000000001F2EB308
C 256
R
P 000000001EF572F8
C 337
R
P 000000001EF572F8
P 000000001F2EB308
C 9
R
P 000000001EF572F8
C 337
R
P 000000001EF572F8
P 000000001F2E88B8
C 230
R
P 000000001EF572F8
C 337
R
P 000000001EF572F8
$ |p2|
C 200
R
P 000000001EF572F8
C 337
R
P 000000001EF572F8
$ |p2|
C 200
R
P 000000001EF572F8
C 337
R
P 000000001EF572F8
$ |p2|
C 200
R
P 000000001EF572F8
C 337
R
P 000000001EF572F8
$ |p2|
C 200
R
P 000000001EF572F8
C 337
R
P 000000001EF572F8
$ |p2|
C 202
R
P 000000001EF572F8
C 337
R
P 000000001EF572F8
P 000000001F2EB308
C 261
R
P 000000001EF572F8
C 337
R
P 0000000002C5E988
C 406
= 000000001F3CB388
R
P 0000000002C5E988
C 337
R
P 0000000002C5E988
P 000000001F3CB388
C 414
R
P 0000000002C5E988
C 337
R
P 0000000002C5E988
P 000000001F3CB388
C 418
R
P 0000000002C5E988
C 337
R
P 0000000002C5E988
S "p1"
C 30
R
P 0000000002C5E988
C 337
R
P 0000000002C5E988
$ |p1|
C 200
R
P 0000000002C5E988
C 337
R
P 0000000002C5E988
$ |p1|
P 0000000002C6AB68
C 51
= 0000000002C6B488
R
P 0000000002C5E988
C 337
R
P 0000000002C5E988
P 0000000002C6B488
C 255
R
P 0000000002C5E988
C 337
R
P 0000000002C5E988
P 0000000002C6B488
C 252
= 0000000002C6AB68
R
P 0000000002C5E988
C 337
R
P 0000000002C5E988
P 0000000002C6AB68
C 207
R
P 0000000002C5E988
C 337
R
P 0000000002C5E988
P 0000000002C6B488
C 258
R
P 0000000002C5E988
C 337
R
P 0000000002C5E988
P 0000000002C6B488
C 257
R
P 0000000002C5E988
C 337
R
P 0000000002C5E988
P 0000000002C6B488
C 256
R
P 0000000002C5E988
C 337
R
P 0000000002C5E988
P 0000000002C6B488
C 9
R
P 0000000002C5E988
C 337
R
P 0000000002C5E988
I 5
P 0000000002C6AB68
C 150
= 0000000002C6B4A8
R
P 0000000002C5E988
C 337
R
P 0000000002C5E988
P 0000000002C6B4A8
C 256
R
P 0000000002C5E988
C 337
R
P 0000000002C5E988
P 0000000002C6B4A8
C 9
R
P 0000000002C5E988
C 337
R
P 0000000002C5E988
P 0000000002C6B488
P 0000000002C6B4A8
C 75
= 0000000002C717F0
R
P 0000000002C5E988
C 337
R
P 0000000002C5E988
P 0000000002C717F0
C 256
R
P 0000000002C5E988
C 337
R
P 0000000002C5E988
P 0000000002C717F0
C 9
R
P 0000000002C5E988
C 337
R
P 0000000002C5E988
P 000000001F3CB388
P 0000000002C717F0
C 420
R
P 0000000002C5E988
C 337
R
P 0000000002C5E988
S "p1"
C 30
R
P 0000000002C5E988
C 337
R
P 0000000002C5E988
$ |p1|
C 200
R
P 0000000002C5E988
C 337
R
P 0000000002C5E988
$ |p1|
P 0000000002C6AB68
C 51
= 0000000002C6B488
R
P 0000000002C5E988
C 337
R
P 0000000002C5E988
P 0000000002C6B488
C 255
R
P 0000000002C5E988
C 337
R
P 0000000002C5E988
P 0000000002C6B488
C 252
= 0000000002C6AB68
R
P 0000000002C5E988
C 337
R
P 0000000002C5E988
P 0000000002C6AB68
C 207
R
P 0000000002C5E988
C 337
R
P 0000000002C5E988
P 0000000002C6B488
C 258
R
P 0000000002C5E988
C 337
R
P 0000000002C5E988
P 0000000002C6B488
C 257
R
P 0000000002C5E988
C 337
R
P 0000000002C5E988
P 0000000002C6B488
C 256
R
P 0000000002C5E988
C 337
R
P 0000000002C5E988
P 0000000002C6B488
C 9
R
P 0000000002C5E988
C 337
R
P 0000000002C5E988
I 10
P 0000000002C6AB68
C 150
= 0000000002C6B6E8
R
P 0000000002C5E988
C 337
R
P 0000000002C5E988
P 0000000002C6B6E8
C 256
R
P 0000000002C5E988
C 337
R
P 0000000002C5E988
P 0000000002C6B6E8
C 9
R
P 0000000002C5E988
C 337
R
P 0000000002C5E988
P 0000000002C6B488
P 0000000002C6B6E8
C 75
= 0000000002C71860
R
P 0000000002C5E988
C 337
R
P 0000000002C5E988
P 0000000002C71860
C 256
R
P 0000000002C5E988
C 337
R
P 0000000002C5E988
P 0000000002C71860
C 9
R
P 0000000002C5E988
C 337
R
P 0000000002C5E988
P 000000001F3CB388
P 0000000002C71860
C 420
R
P 0000000002C5E988
C 337
R
P 0000000002C5E988
S "p2"
C 30
R
P 0000000002C5E988
C 337
R
P 0000000002C5E988
$ |p2|
C 200
R
P 0000000002C5E988
C 337
R
P 0000000002C5E988
$ |p2|
P 0000000002C6AB68
C 51
= 0000000002C6B708
R
P 0000000002C5E988
C 337
R
P 0000000002C5E988
P 0000000002C6B708
C 255
R
P 0000000002C5E988
C 337
R
P 0000000002C5E988
P 0000000002C6B708
C 252
= 0000000002C6AB68
R
P 0000000002C5E988
C 337
R
P 0000000002C5E988
P 0000000002C6AB68
C 207
R
P 0000000002C5E988
C 337
R
P 0000000002C5E988
P 0000000002C6B708
C 258
R
P 0000000002C5E988
C 337
R
P 0000000002C5E988
P 0000000002C6B708
C 257
R
P 0000000002C5E988
C 337
R
P 0000000002C5E988
P 0000000002C6B708
C 256
R
P 0000000002C5E988
C 337
R
P 0000000002C5E988
P 0000000002C6B708
C 9
R
P 0000000002C5E988
C 337
R
P 0000000002C5E988
I 21
P 0000000002C6AB68
C 150
= 0000000002C6B728
R
P 0000000002C5E988
C 337
R
P 0000000002C5E988
P 0000000002C6B728
C 256
R
P 0000000002C5E988
C 337
R
P 0000000002C5E988
P 0000000002C6B728
C 9
R
P 0000000002C5E988
C 337
R
P 0000000002C5E988
P 0000000002C6B708
P 0000000002C6B728
C 76
= 0000000002C71898
R
P 0000000002C5E988
C 337
R
P 0000000002C5E988
P 0000000002C71898
C 256
R
P 0000000002C5E988
C 337
R
P 0000000002C5E988
P 0000000002C71898
C 9
R
P 0000000002C5E988
C 337
R
P 0000000002C5E988
P 000000001F3CB388
P 0000000002C71898
C 420
R
P 0000000002C5E988
C 337
R
P 0000000002C5E988
P 000000001F3CB388
C 425
R
P 0000000002C5E988
C 337
R
P 0000000002C5E988
P 000000001F3CB388
C 429
= 000000001EF42138
R
P 0000000002C5E988
C 337
R
P 0000000002C5E988
P 000000001EF42138
C 296
R
P 0000000002C5E988
C 337
R
P 0000000002C5E988
P 000000001EF42138
C 332
R
P 0000000002C5E988
C 337
R
P 0000000002C5E988
P 000000001EF42138
C 302
R
P 0000000002C5E988
C 337
R
P 0000000002C5E988
P 000000001EF42138
U 0
C 303
= 0000000002C6CC08
R
P 0000000002C5E988
C 337
R
P 0000000002C5E988
P 0000000002C6CC08
C 255
R
P 0000000002C5E988
C 337
R
P 0000000002C5E988
P 0000000002C6CC08
C 9
R
P 0000000002C5E988
C 337
R
P 0000000002C5E988
P 000000001EF42138
U 1
C 303
= 0000000002C6CCF8
R
P 0000000002C5E988
C 337
R
P 0000000002C5E988
P 0000000002C6CCF8
C 255
R
P 0000000002C5E988
C 337
R
P 0000000002C5E988
P 0000000002C6CCF8
C 9
R
P 0000000002C5E988
C 337
R
P 0000000002C5E988
P 0000000002C6CC08
C 230
R
P 0000000002C5E988
C 337
R
P 0000000002C5E988
$ |p1|
C 200
R
P 0000000002C5E988
C 337
R
P 0000000002C5E988
$ |p1|
C 200
R
P 0000000002C5E988
C 337
R
P 0000000002C5E988
$ |p1|
C 200
R
P 0000000002C5E988
C 337
R
P 0000000002C5E988
$ |p1|
C 200
R
P 0000000002C5E988
C 337
R
P 0000000002C5E988
$ |p1|
C 202
R
P 0000000002C5E988
C 337
R
P 0000000002C5E988
P 0000000002C6CC08
C 328
R
P 0000000002C5E988
C 337
R
P 0000000002C5E988
P 0000000002C6CC08
C 233
R
P 0000000002C5E988
C 337
R
P 0000000002C5E988
P 0000000002C6CC08
C 235
= 0000000002C6AB68
R
P 0000000002C5E988
C 337
R
P 0000000002C5E988
P 0000000002C6AB68
C 207
R
P 0000000002C5E988
C 337
R
P 0000000002C5E988
P 000000001EF42138
P 0000000002C6CC08
C 299
= 0000000002C6B7A8
R
P 0000000002C5E988
C 337
R
P 0000000002C5E988
P 0000000002C6B7A8
C 255
R
P 0000000002C5E988
C 337
R
P 0000000002C5E988
P 0000000002C6B7A8
C 252
= 0000000002C6AB68
R
P 0000000002C5E988
C 337
R
P 0000000002C5E988
P 0000000002C6AB68
C 207
R
P 0000000002C5E988
C 337
R
P 0000000002C5E988
P 0000000002C6B7A8
C 258
R
P 0000000002C5E988
C 337
R
P 0000000002C5E988
P 0000000002C6B7A8
C 257
R
P 0000000002C5E988
C 337
R
P 0000000002C5E988
P 0000000002C6B7A8
C 256
R
P 0000000002C5E988
C 337
R
P 0000000002C5E988
P 0000000002C6B7A8
C 9
R
P 0000000002C5E988
C 337
R
P 0000000002C5E988
P 0000000002C6B7A8
C 261
R
P 0000000002C5E988
C 337
R
P 0000000002C5E988
P 0000000002C6CCF8
C 230
R
P 0000000002C5E988
C 337
R
P 0000000002C5E988
$ |p2|
C 200
R
P 0000000002C5E988
C 337
R
P 0000000002C5E988
$ |p2|
C 200
R
P 0000000002C5E988
C 337
R
P 0000000002C5E988
$ |p2|
C 200
R
P 0000000002C5E988
C 337
R
P 0000000002C5E988
$ |p2|
C 200
R
P 0000000002C5E988
C 337
R
P 0000000002C5E988
$ |p2|
C 202
R
P 0000000002C5E988
C 337
R
P 0000000002C5E988
P 0000000002C6CCF8
C 328
R
P 0000000002C5E988
C 337
R
P 0000000002C5E988
P 0000000002C6CCF8
C 233
R
P 0000000002C5E988
C 337
R
P 0000000002C5E988
P 0000000002C6CCF8
C 235
= 0000000002C6AB68
R
P 0000000002C5E988
C 337
R
P 0000000002C5E988
P 0000000002C6AB68
C 207
R
P 0000000002C5E988
C 337
R
P 0000000002C5E988
P 000000001EF42138
P 0000000002C6CCF8
C 299
= 0000000002C6B728
R
P 0000000002C5E988
C 337
R
P 0000000002C5E988
P 0000000002C6B728
C 255
R
P 0000000002C5E988
C 337
R
P 0000000002C5E988
P 0000000002C6B728
C 252
= 0000000002C6AB68
R
P 0000000002C5E988
C 337
R
P 0000000002C5E988
P 0000000002C6AB68
C 207
R
P 0000000002C5E988
C 337
R
P 0000000002C5E988
P 0000000002C6B728
C 258
R
P 0000000002C5E988
C 337
R
P 0000000002C5E988
P 0000000002C6B728
C 257
R
P 0000000002C5E988
C 337
R
P 0000000002C5E988
P 0000000002C6B728
C 256
R
P 0000000002C5E988
C 337
R
P 0000000002C5E988
P 0000000002C6B728
C 9
R
P 0000000002C5E988
C 337
R
P 0000000002C5E988
P 0000000002C6B728
C 261
R
P 0000000002C5E988
C 337
R
C 3
= 000000001F0DAE08
R
P 000000001F0DAE08
S "model"
S "true"
C 5
R
P 000000001F0DAE08
C 7
= 000000001F79DAF8
R
P 000000001F0DAE08
C 4
R
P 000000001F79DAF8
U 2
C 327
R
P 000000001F79DAF8
C 337
R
P 000000001F79DAF8
C 406
= 000000001F3CC288
R
P 000000001F79DAF8
C 337
R
P 000000001F79DAF8
P 000000001F3CC288
C 414
R
P 000000001F79DAF8
C 337
R
P 000000001F79DAF8
P 000000001F3CC288
C 418
R
P 000000001F79DAF8
C 337
R
P 000000001F79DAF8
C 33
= 000000001EFED438
R
P 000000001F79DAF8
C 337
R
P 000000001F79DAF8
P 000000001EFED438
C 255
R
P 000000001F79DAF8
C 337
R
P 000000001F79DAF8
P 000000001EFED438
C 9
R
P 000000001F79DAF8
C 337
R
P 000000001F79DAF8
S "p1"
C 30
R
P 000000001F79DAF8
C 337
R
P 000000001F79DAF8
$ |p1|
C 200
R
P 000000001F79DAF8
C 337
R
P 000000001F79DAF8
$ |p1|
P 000000001EFED438
C 51
= 000000001EFEDD58
R
P 000000001F79DAF8
C 337
R
P 000000001F79DAF8
P 000000001EFEDD58
C 255
R
P 000000001F79DAF8
C 337
R
P 000000001F79DAF8
P 000000001EFEDD58
C 252
= 000000001EFED438
R
P 000000001F79DAF8
C 337
R
P 000000001F79DAF8
P 000000001EFED438
C 207
R
P 000000001F79DAF8
C 337
R
P 000000001F79DAF8
P 000000001EFEDD58
C 258
R
P 000000001F79DAF8
C 337
R
P 000000001F79DAF8
P 000000001EFEDD58
C 257
R
P 000000001F79DAF8
C 337
R
P 000000001F79DAF8
P 000000001EFEDD58
C 256
R
P 000000001F79DAF8
C 337
R
P 000000001F79DAF8
P 000000001EFEDD58
C 9
R
P 000000001F79DAF8
C 337
R
P 000000001F79DAF8
I 5
P 000000001EFED438
C 150
= 000000001EFEDD78
R
P 000000001F79DAF8
C 337
R
P 000000001F79DAF8
P 000000001EFEDD78
C 256
R
P 000000001F79DAF8
C 337
R
P 000000001F79DAF8
P 000000001EFEDD78
C 9
R
P 000000001F79DAF8
C 337
R
P 000000001F79DAF8
P 000000001EFEDD58
P 000000001EFEDD78
C 75
= 000000001F007950
R
P 000000001F79DAF8
C 337
R
P 000000001F79DAF8
P 000000001F007950
C 256
R
P 000000001F79DAF8
C 337
R
P 000000001F79DAF8
P 000000001F007950
C 9
R
P 000000001F79DAF8
C 337
R
P 000000001F79DAF8
P 000000001F3CC288
P 000000001F007950
C 420
R
P 000000001F79DAF8
C 337
R
P 000000001F79DAF8
S "p1"
C 30
R
P 000000001F79DAF8
C 337
R
P 000000001F79DAF8
$ |p1|
C 200
R
P 000000001F79DAF8
C 337
R
P 000000001F79DAF8
$ |p1|
P 000000001EFED438
C 51
= 000000001EFEDD58
R
P 000000001F79DAF8
C 337
R
P 000000001F79DAF8
P 000000001EFEDD58
C 255
R
P 000000001F79DAF8
C 337
R
P 000000001F79DAF8
P 000000001EFEDD58
C 252
= 000000001EFED438
R
P 000000001F79DAF8
C 337
R
P 000000001F79DAF8
P 000000001EFED438
C 207
R
P 000000001F79DAF8
C 337
R
P 000000001F79DAF8
P 000000001EFEDD58
C 258
R
P 000000001F79DAF8
C 337
R
P 000000001F79DAF8
P 000000001EFEDD58
C 257
R
P 000000001F79DAF8
C 337
R
P 000000001F79DAF8
P 000000001EFEDD58
C 256
R
P 000000001F79DAF8
C 337
R
P 000000001F79DAF8
P 000000001EFEDD58
C 9
R
P 000000001F79DAF8
C 337
R
P 000000001F79DAF8
I 10
P 000000001EFED438
C 150
= 000000001EFEDFB8
R
P 000000001F79DAF8
C 337
R
P 000000001F79DAF8
P 000000001EFEDFB8
C 256
R
P 000000001F79DAF8
C 337
R
P 000000001F79DAF8
P 000000001EFEDFB8
C 9
R
P 000000001F79DAF8
C 337
R
P 000000001F79DAF8
P 000000001EFEDD58
P 000000001EFEDFB8
C 75
= 000000001F0079C0
R
P 000000001F79DAF8
C 337
R
P 000000001F79DAF8
P 000000001F0079C0
C 256
R
P 000000001F79DAF8
C 337
R
P 000000001F79DAF8
P 000000001F0079C0
C 9
R
P 000000001F79DAF8
C 337
R
P 000000001F79DAF8
P 000000001F3CC288
P 000000001F0079C0
C 420
R
P 000000001F79DAF8
C 337
R
P 000000001F79DAF8
S "p2"
C 30
R
P 000000001F79DAF8
C 337
R
P 000000001F79DAF8
$ |p2|
C 200
R
P 000000001F79DAF8
C 337
R
P 000000001F79DAF8
$ |p2|
P 000000001EFED438
C 51
= 000000001EFEDFD8
R
P 000000001F79DAF8
C 337
R
P 000000001F79DAF8
P 000000001EFEDFD8
C 255
R
P 000000001F79DAF8
C 337
R
P 000000001F79DAF8
P 000000001EFEDFD8
C 252
= 000000001EFED438
R
P 000000001F79DAF8
C 337
R
P 000000001F79DAF8
P 000000001EFED438
C 207
R
P 000000001F79DAF8
C 337
R
P 000000001F79DAF8
P 000000001EFEDFD8
C 258
R
P 000000001F79DAF8
C 337
R
P 000000001F79DAF8
P 000000001EFEDFD8
C 257
R
P 000000001F79DAF8
C 337
R
P 000000001F79DAF8
P 000000001EFEDFD8
C 256
R
P 000000001F79DAF8
C 337
R
P 000000001F79DAF8
P 000000001EFEDFD8
C 9
R
P 000000001F79DAF8
C 337
R
P 000000001F79DAF8
I 21
P 000000001EFED438
C 150
= 000000001EFEDFF8
R
P 000000001F79DAF8
C 337
R
P 000000001F79DAF8
P 000000001EFEDFF8
C 256
R
P 000000001F79DAF8
C 337
R
P 000000001F79DAF8
P 000000001EFEDFF8
C 9
R
P 000000001F79DAF8
C 337
R
P 000000001F79DAF8
P 000000001EFEDFD8
P 000000001EFEDFF8
C 73
= 000000001F0079F8
R
P 000000001F79DAF8
C 337
R
P 000000001F79DAF8
P 000000001F0079F8
C 256
R
P 000000001F79DAF8
C 337
R
P 000000001F79DAF8
P 000000001F0079F8
C 9
R
P 000000001F79DAF8
C 337
R
P 000000001F79DAF8
P 000000001F3CC288
P 000000001F0079F8
C 420
R
P 000000001F79DAF8
C 337
R
P 000000001F79DAF8
S "p2"
C 30
R
P 000000001F79DAF8
C 337
R
P 000000001F79DAF8
$ |p2|
C 200
R
P 000000001F79DAF8
C 337
R
P 000000001F79DAF8
$ |p2|
P 000000001EFED438
C 51
= 000000001EFEDFD8
R
P 000000001F79DAF8
C 337
R
P 000000001F79DAF8
P 000000001EFEDFD8
C 255
R
P 000000001F79DAF8
C 337
R
P 000000001F79DAF8
P 000000001EFEDFD8
C 252
= 000000001EFED438
R
P 000000001F79DAF8
C 337
R
P 000000001F79DAF8
P 000000001EFED438
C 207
R
P 000000001F79DAF8
C 337
R
P 000000001F79DAF8
P 000000001EFEDFD8
C 258
R
P 000000001F79DAF8
C 337
R
P 000000001F79DAF8
P 000000001EFEDFD8
C 257
R
P 000000001F79DAF8
C 337
R
P 000000001F79DAF8
P 000000001EFEDFD8
C 256
R
P 000000001F79DAF8
C 337
R
P 000000001F79DAF8
P 000000001EFEDFD8
C 9
R
P 000000001F79DAF8
C 337
R
P 000000001F79DAF8
I 15
P 000000001EFED438
C 150
= 000000001EFEE018
R
P 000000001F79DAF8
C 337
R
P 000000001F79DAF8
P 000000001EFEE018
C 256
R
P 000000001F79DAF8
C 337
R
P 000000001F79DAF8
P 000000001EFEE018
C 9
R
P 000000001F79DAF8
C 337
R
P 000000001F79DAF8
P 000000001EFEDFD8
P 000000001EFEE018
C 76
= 000000001F007A30
R
P 000000001F79DAF8
C 337
R
P 000000001F79DAF8
P 000000001F007A30
C 256
R
P 000000001F79DAF8
C 337
R
P 000000001F79DAF8
P 000000001F007A30
C 9
R
P 000000001F79DAF8
C 337
R
P 000000001F79DAF8
P 000000001F3CC288
P 000000001F007A30
C 420
R
P 000000001F79DAF8
C 337
R
P 000000001F79DAF8
P 000000001F3CC288
C 425
R
P 000000001F79DAF8
C 337
R
P 000000001F79DAF8
P 000000001F3CC288
C 429
= 000000001F957698
R
P 000000001F79DAF8
C 337
R
P 000000001F79DAF8
P 000000001F957698
C 296
R
P 000000001F79DAF8
C 337
R
P 000000001F79DAF8
P 000000001F957698
C 332
R
P 000000001F79DAF8
C 337
R
P 000000001F79DAF8
P 000000001F957698
C 302
R
P 000000001F79DAF8
C 337
R
P 000000001F79DAF8
P 000000001F957698
U 0
C 303
= 000000001F00B5B8
R
P 000000001F79DAF8
C 337
R
P 000000001F79DAF8
P 000000001F00B5B8
C 255
R
P 000000001F79DAF8
C 337
R
P 000000001F79DAF8
P 000000001F00B5B8
C 9
R
P 000000001F79DAF8
C 337
R
P 000000001F79DAF8
P 000000001F957698
U 1
C 303
= 000000001F00B6A8
R
P 000000001F79DAF8
C 337
R
P 000000001F79DAF8
P 000000001F00B6A8
C 255
R
P 000000001F79DAF8
C 337
R
P 000000001F79DAF8
P 000000001F00B6A8
C 9
R
P 000000001F79DAF8
C 337
R
P 000000001F79DAF8
P 000000001F00B5B8
C 230
R
P 000000001F79DAF8
C 337
R
P 000000001F79DAF8
$ |p1|
C 200
R
P 000000001F79DAF8
C 337
R
P 000000001F79DAF8
$ |p1|
C 200
R
P 000000001F79DAF8
C 337
R
P 000000001F79DAF8
$ |p1|
C 200
R
P 000000001F79DAF8
C 337
R
P 000000001F79DAF8
$ |p1|
C 200
R
P 000000001F79DAF8
C 337
R
P 000000001F79DAF8
$ |p1|
C 202
R
P 000000001F79DAF8
C 337
R
P 000000001F79DAF8
P 000000001F00B5B8
C 328
R
P 000000001F79DAF8
C 337
R
P 000000001F79DAF8
P 000000001F00B5B8
C 233
R
P 000000001F79DAF8
C 337
R
P 000000001F79DAF8
P 000000001F00B5B8
C 235
= 000000001EFED438
R
P 000000001F79DAF8
C 337
R
P 000000001F79DAF8
P 000000001EFED438
C 207
R
P 000000001F79DAF8
C 337
R
P 000000001F79DAF8
P 000000001F957698
P 000000001F00B5B8
C 299
= 000000001EFEE038
R
P 000000001F79DAF8
C 337
R
P 000000001F79DAF8
P 000000001EFEE038
C 255
R
P 000000001F79DAF8
C 337
R
P 000000001F79DAF8
P 000000001EFEE038
C 252
= 000000001EFED438
R
P 000000001F79DAF8
C 337
R
P 000000001F79DAF8
P 000000001EFED438
C 207
R
P 000000001F79DAF8
C 337
R
P 000000001F79DAF8
P 000000001EFEE038
C 258
R
P 000000001F79DAF8
C 337
R
P 000000001F79DAF8
P 000000001EFEE038
C 257
R
P 000000001F79DAF8
C 337
R
P 000000001F79DAF8
P 000000001EFEE038
C 256
R
P 000000001F79DAF8
C 337
R
P 000000001F79DAF8
P 000000001EFEE038
C 9
R
P 000000001F79DAF8
C 337
R
P 000000001F79DAF8
P 000000001EFEE038
C 261
R
P 000000001F79DAF8
C 337
R
P 000000001F79DAF8
P 000000001F00B6A8
C 230
R
P 000000001F79DAF8
C 337
R
P 000000001F79DAF8
$ |p2|
C 200
R
P 000000001F79DAF8
C 337
R
P 000000001F79DAF8
$ |p2|
C 200
R
P 000000001F79DAF8
C 337
R
P 000000001F79DAF8
$ |p2|
C 200
R
P 000000001F79DAF8
C 337
R
P 000000001F79DAF8
$ |p2|
C 200
R
P 000000001F79DAF8
C 337
R
P 000000001F79DAF8
$ |p2|
C 202
R
P 000000001F79DAF8
C 337
R
P 000000001F79DAF8
P 000000001F00B6A8
C 328
R
P 000000001F79DAF8
C 337
R
P 000000001F79DAF8
P 000000001F00B6A8
C 233
R
P 000000001F79DAF8
C 337
R
P 000000001F79DAF8
P 000000001F00B6A8
C 235
= 000000001EFED438
R
P 000000001F79DAF8
C 337
R
P 000000001F79DAF8
P 000000001EFED438
C 207
R
P 000000001F79DAF8
C 337
R
P 000000001F79DAF8
P 000000001F957698
P 000000001F00B6A8
C 299
= 000000001EFEE018
R
P 000000001F79DAF8
C 337
R
P 000000001F79DAF8
P 000000001EFEE018
C 255
R
P 000000001F79DAF8
C 337
R
P 000000001F79DAF8
P 000000001EFEE018
C 252
= 000000001EFED438
R
P 000000001F79DAF8
C 337
R
P 000000001F79DAF8
P 000000001EFED438
C 207
R
P 000000001F79DAF8
C 337
R
P 000000001F79DAF8
P 000000001EFEE018
C 258
R
P 000000001F79DAF8
C 337
R
P 000000001F79DAF8
P 000000001EFEE018
C 257
R
P 000000001F79DAF8
C 337
R
P 000000001F79DAF8
P 000000001EFEE018
C 256
R
P 000000001F79DAF8
C 337
R
P 000000001F79DAF8
P 000000001EFEE018
C 9
R
P 000000001F79DAF8
C 337
R
P 000000001F79DAF8
P 000000001EFEE018
C 261
R
P 000000001F79DAF8
C 337
R
P 000000001F79DAF8
P 000000001F957698
C 302
R
P 000000001F79DAF8
C 337
R
P 000000001F79DAF8
P 000000001F957698
U 0
C 303
= 000000001F00B5B8
R
P 000000001F79DAF8
C 337
R
P 000000001F79DAF8
P 000000001F00B5B8
C 255
R
P 000000001F79DAF8
C 337
R
P 000000001F79DAF8
P 000000001F00B5B8
C 9
R
P 000000001F79DAF8
C 337
R
P 000000001F79DAF8
P 000000001F957698
U 1
C 303
= 000000001F00B6A8
R
P 000000001F79DAF8
C 337
R
P 000000001F79DAF8
P 000000001F00B6A8
C 255
R
P 000000001F79DAF8
C 337
R
P 000000001F79DAF8
P 000000001F00B6A8
C 9
R
P 000000001F79DAF8
C 337
R
P 000000001F79DAF8
P 000000001F00B5B8
C 233
R
P 000000001F79DAF8
C 337
R
P 000000001F79DAF8
P 000000001F00B5B8
C 235
= 000000001EFED438
R
P 000000001F79DAF8
C 337
R
P 000000001F79DAF8
P 000000001EFED438
C 207
R
P 000000001F79DAF8
C 337
R
P 000000001F79DAF8
P 000000001F957698
P 000000001F00B5B8
C 299
= 000000001EFEE038
R
P 000000001F79DAF8
C 337
R
P 000000001F79DAF8
P 000000001EFEE038
C 255
R
P 000000001F79DAF8
C 337
R
P 000000001F79DAF8
P 000000001EFEE038
C 252
= 000000001EFED438
R
P 000000001F79DAF8
C 337
R
P 000000001F79DAF8
P 000000001EFED438
C 207
R
P 000000001F79DAF8
C 337
R
P 000000001F79DAF8
P 000000001EFEE038
C 258
R
P 000000001F79DAF8
C 337
R
P 000000001F79DAF8
P 000000001EFEE038
C 257
R
P 000000001F79DAF8
C 337
R
P 000000001F79DAF8
P 000000001EFEE038
C 256
R
P 000000001F79DAF8
C 337
R
P 000000001F79DAF8
P 000000001EFEE038
C 9
R
P 000000001F79DAF8
C 337
R
P 000000001F79DAF8
P 000000001F00B5B8
C 230
R
P 000000001F79DAF8
C 337
R
P 000000001F79DAF8
$ |p1|
C 200
R
P 000000001F79DAF8
C 337
R
P 000000001F79DAF8
$ |p1|
C 200
R
P 000000001F79DAF8
C 337
R
P 000000001F79DAF8
$ |p1|
C 200
R
P 000000001F79DAF8
C 337
R
P 000000001F79DAF8
$ |p1|
C 200
R
P 000000001F79DAF8
C 337
R
P 000000001F79DAF8
$ |p1|
C 202
R
P 000000001F79DAF8
C 337
R
P 000000001F79DAF8
P 000000001EFEE038
C 261
R
P 000000001F79DAF8
C 337
R
P 000000001F79DAF8
P 000000001F00B6A8
C 233
R
P 000000001F79DAF8
C 337
R
P 000000001F79DAF8
P 000000001F00B6A8
C 235
= 000000001EFED438
R
P 000000001F79DAF8
C 337
R
P 000000001F79DAF8
P 000000001EFED438
C 207
R
P 000000001F79DAF8
C 337
R
P 000000001F79DAF8
P 000000001F957698
P 000000001F00B6A8
C 299
= 000000001EFEE018
R
P 000000001F79DAF8
C 337
R
P 000000001F79DAF8
P 000000001EFEE018
C 255
R
P 000000001F79DAF8
C 337
R
P 000000001F79DAF8
P 000000001EFEE018
C 252
= 000000001EFED438
R
P 000000001F79DAF8
C 337
R
P 000000001F79DAF8
P 000000001EFED438
C 207
R
P 000000001F79DAF8
C 337
R
P 000000001F79DAF8
P 000000001EFEE018
C 258
R
P 000000001F79DAF8
C 337
R
P 000000001F79DAF8
P 000000001EFEE018
C 257
R
P 000000001F79DAF8
C 337
R
P 000000001F79DAF8
P 000000001EFEE018
C 256
R
P 000000001F79DAF8
C 337
R
P 000000001F79DAF8
P 000000001EFEE018
C 9
R
P 000000001F79DAF8
C 337
R
P 000000001F79DAF8
P 000000001F00B6A8
C 230
R
P 000000001F79DAF8
C 337
R
P 000000001F79DAF8
$ |p2|
C 200
R
P 000000001F79DAF8
C 337
R
P 000000001F79DAF8
$ |p2|
C 200
R
P 000000001F79DAF8
C 337
R
P 000000001F79DAF8
$ |p2|
C 200
R
P 000000001F79DAF8
C 337
R
P 000000001F79DAF8
$ |p2|
C 200
R
P 000000001F79DAF8
C 337
R
P 000000001F79DAF8
$ |p2|
C 202
R
P 000000001F79DAF8
C 337
R
P 000000001F79DAF8
P 000000001EFEE018
C 261
R
P 000000001F79DAF8
C 337
R
P 0000000002C5E988
C 406
= 000000001F675A88
R
P 0000000002C5E988
C 337
R
P 0000000002C5E988
P 000000001F675A88
C 414
R
P 0000000002C5E988
C 337
R
P 0000000002C5E988
P 000000001F675A88
C 418
R
P 0000000002C5E988
C 337
R
P 0000000002C5E988
S "p1"
C 30
R
P 0000000002C5E988
C 337
R
P 0000000002C5E988
$ |p1|
C 200
R
P 0000000002C5E988
C 337
R
P 0000000002C5E988
$ |p1|
P 0000000002C6AB68
C 51
= 0000000002C6B488
R
P 0000000002C5E988
C 337
R
P 0000000002C5E988
P 0000000002C6B488
C 255
R
P 0000000002C5E988
C 337
R
P 0000000002C5E988
P 0000000002C6B488
C 252
= 0000000002C6AB68
R
P 0000000002C5E988
C 337
R
P 0000000002C5E988
P 0000000002C6AB68
C 207
R
P 0000000002C5E988
C 337
R
P 0000000002C5E988
P 0000000002C6B488
C 258
R
P 0000000002C5E988
C 337
R
P 0000000002C5E988
P 0000000002C6B488
C 257
R
P 0000000002C5E988
C 337
R
P 0000000002C5E988
P 0000000002C6B488
C 256
R
P 0000000002C5E988
C 337
R
P 0000000002C5E988
P 0000000002C6B488
C 9
R
P 0000000002C5E988
C 337
R
P 0000000002C5E988
I 5
P 0000000002C6AB68
C 150
= 0000000002C6B4A8
R
P 0000000002C5E988
C 337
R
P 0000000002C5E988
P 0000000002C6B4A8
C 256
R
P 0000000002C5E988
C 337
R
P 0000000002C5E988
P 0000000002C6B4A8
C 9
R
P 0000000002C5E988
C 337
R
P 0000000002C5E988
P 0000000002C6B488
P 0000000002C6B4A8
C 75
= 0000000002C717F0
R
P 0000000002C5E988
C 337
R
P 0000000002C5E988
P 0000000002C717F0
C 256
R
P 0000000002C5E988
C 337
R
P 0000000002C5E988
P 0000000002C717F0
C 9
R
P 0000000002C5E988
C 337
R
P 0000000002C5E988
P 000000001F675A88
P 0000000002C717F0
C 420
R
P 0000000002C5E988
C 337
R
P 0000000002C5E988
S "p1"
C 30
R
P 0000000002C5E988
C 337
R
P 0000000002C5E988
$ |p1|
C 200
R
P 0000000002C5E988
C 337
R
P 0000000002C5E988
$ |p1|
P 0000000002C6AB68
C 51
= 0000000002C6B488
R
P 0000000002C5E988
C 337
R
P 0000000002C5E988
P 0000000002C6B488
C 255
R
P 0000000002C5E988
C 337
R
P 0000000002C5E988
P 0000000002C6B488
C 252
= 0000000002C6AB68
R
P 0000000002C5E988
C 337
R
P 0000000002C5E988
P 0000000002C6AB68
C 207
R
P 0000000002C5E988
C 337
R
P 0000000002C5E988
P 0000000002C6B488
C 258
R
P 0000000002C5E988
C 337
R
P 0000000002C5E988
P 0000000002C6B488
C 257
R
P 0000000002C5E988
C 337
R
P 0000000002C5E988
P 0000000002C6B488
C 256
R
P 0000000002C5E988
C 337
R
P 0000000002C5E988
P 0000000002C6B488
C 9
R
P 0000000002C5E988
C 337
R
P 0000000002C5E988
I 10
P 0000000002C6AB68
C 150
= 0000000002C6B6E8
R
P 0000000002C5E988
C 337
R
P 0000000002C5E988
P 0000000002C6B6E8
C 256
R
P 0000000002C5E988
C 337
R
P 0000000002C5E988
P 0000000002C6B6E8
C 9
R
P 0000000002C5E988
C 337
R
P 0000000002C5E988
P 0000000002C6B488
P 0000000002C6B6E8
C 75
= 0000000002C71860
R
P 0000000002C5E988
C 337
R
P 0000000002C5E988
P 0000000002C71860
C 256
R
P 0000000002C5E988
C 337
R
P 0000000002C5E988
P 0000000002C71860
C 9
R
P 0000000002C5E988
C 337
R
P 0000000002C5E988
P 000000001F675A88
P 0000000002C71860
C 420
R
P 0000000002C5E988
C 337
R
P 0000000002C5E988
S "p2"
C 30
R
P 0000000002C5E988
C 337
R
P 0000000002C5E988
$ |p2|
C 200
R
P 0000000002C5E988
C 337
R
P 0000000002C5E988
$ |p2|
P 0000000002C6AB68
C 51
= 0000000002C6B708
R
P 0000000002C5E988
C 337
R
P 0000000002C5E988
P 0000000002C6B708
C 255
R
P 0000000002C5E988
C 337
R
P 0000000002C5E988
P 0000000002C6B708
C 252
= 0000000002C6AB68
R
P 0000000002C5E988
C 337
R
P 0000000002C5E988
P 0000000002C6AB68
C 207
R
P 0000000002C5E988
C 337
R
P 0000000002C5E988
P 0000000002C6B708
C 258
R
P 0000000002C5E988
C 337
R
P 0000000002C5E988
P 0000000002C6B708
C 257
R
P 0000000002C5E988
C 337
R
P 0000000002C5E988
P 0000000002C6B708
C 256
R
P 0000000002C5E988
C 337
R
P 0000000002C5E988
P 0000000002C6B708
C 9
R
P 0000000002C5E988
C 337
R
P 0000000002C5E988
I 21
P 0000000002C6AB68
C 150
= 0000000002C6B728
R
P 0000000002C5E988
C 337
R
P 0000000002C5E988
P 0000000002C6B728
C 256
R
P 0000000002C5E988
C 337
R
P 0000000002C5E988
P 0000000002C6B728
C 9
R
P 0000000002C5E988
C 337
R
P 0000000002C5E988
P 0000000002C6B708
P 0000000002C6B728
C 73
= 0000000002C71908
R
P 0000000002C5E988
C 337
R
P 0000000002C5E988
P 0000000002C71908
C 256
R
P 0000000002C5E988
C 337
R
P 0000000002C5E988
P 0000000002C71908
C 9
R
P 0000000002C5E988
C 337
R
P 0000000002C5E988
P 000000001F675A88
P 0000000002C71908
C 420
R
P 0000000002C5E988
C 337
R
P 0000000002C5E988
S "p2"
C 30
R
P 0000000002C5E988
C 337
R
P 0000000002C5E988
$ |p2|
C 200
R
P 0000000002C5E988
C 337
R
P 0000000002C5E988
$ |p2|
P 0000000002C6AB68
C 51
= 0000000002C6B708
R
P 0000000002C5E988
C 337
R
P 0000000002C5E988
P 0000000002C6B708
C 255
R
P 0000000002C5E988
C 337
R
P 0000000002C5E988
P 0000000002C6B708
C 252
= 0000000002C6AB68
R
P 0000000002C5E988
C 337
R
P 0000000002C5E988
P 0000000002C6AB68
C 207
R
P 0000000002C5E988
C 337
R
P 0000000002C5E988
P 0000000002C6B708
C 258
R
P 0000000002C5E988
C 337
R
P 0000000002C5E988
P 0000000002C6B708
C 257
R
P 0000000002C5E988
C 337
R
P 0000000002C5E988
P 0000000002C6B708
C 256
R
P 0000000002C5E988
C 337
R
P 0000000002C5E988
P 0000000002C6B708
C 9
R
P 0000000002C5E988
C 337
R
P 0000000002C5E988
I 15
P 0000000002C6AB68
C 150
= 0000000002C6B768
R
P 0000000002C5E988
C 337
R
P 0000000002C5E988
P 0000000002C6B768
C 256
R
P 0000000002C5E988
C 337
R
P 0000000002C5E988
P 0000000002C6B768
C 9
R
P 0000000002C5E988
C 337
R
P 0000000002C5E988
P 0000000002C6B708
P 0000000002C6B768
C 76
= 0000000002C718D0
R
P 0000000002C5E988
C 337
R
P 0000000002C5E988
P 0000000002C718D0
C 256
R
P 0000000002C5E988
C 337
R
P 0000000002C5E988
P 0000000002C718D0
C 9
R
P 0000000002C5E988
C 337
R
P 0000000002C5E988
P 000000001F675A88
P 0000000002C718D0
C 420
R
P 0000000002C5E988
C 337
R
P 0000000002C5E988
P 000000001F675A88
C 425
R
P 0000000002C5E988
C 337
R
P 0000000002C5E988
P 000000001F675A88
C 429
= 000000001FA267D8
R
P 0000000002C5E988
C 337
R
P 0000000002C5E988
P 000000001FA267D8
C 296
R
P 0000000002C5E988
C 337
R
P 0000000002C5E988
P 000000001FA267D8
C 332
R
P 0000000002C5E988
C 337
R
P 0000000002C5E988
P 000000001FA267D8
C 302
R
P 0000000002C5E988
C 337
R
P 0000000002C5E988
P 000000001FA267D8
U 0
C 303
= 0000000002C6CC08
R
P 0000000002C5E988
C 337
R
P 0000000002C5E988
P 0000000002C6CC08
C 255
R
P 0000000002C5E988
C 337
R
P 0000000002C5E988
P 0000000002C6CC08
C 9
R
P 0000000002C5E988
C 337
R
P 0000000002C5E988
P 000000001FA267D8
U 1
C 303
= 0000000002C6CCF8
R
P 0000000002C5E988
C 337
R
P 0000000002C5E988
P 0000000002C6CCF8
C 255
R
P 0000000002C5E988
C 337
R
P 0000000002C5E988
P 0000000002C6CCF8
C 9
R
P 0000000002C5E988
C 337
R
P 0000000002C5E988
P 0000000002C6CC08
C 230
R
P 0000000002C5E988
C 337
R
P 0000000002C5E988
$ |p1|
C 200
R
P 0000000002C5E988
C 337
R
P 0000000002C5E988
$ |p1|
C 200
R
P 0000000002C5E988
C 337
R
P 0000000002C5E988
$ |p1|
C 200
R
P 0000000002C5E988
C 337
R
P 0000000002C5E988
$ |p1|
C 200
R
P 0000000002C5E988
C 337
R
P 0000000002C5E988
$ |p1|
C 202
R
P 0000000002C5E988
C 337
R
P 0000000002C5E988
P 0000000002C6CC08
C 328
R
P 0000000002C5E988
C 337
R
P 0000000002C5E988
P 0000000002C6CC08
C 233
R
P 0000000002C5E988
C 337
R
P 0000000002C5E988
P 0000000002C6CC08
C 235
= 0000000002C6AB68
R
P 0000000002C5E988
C 337
R
P 0000000002C5E988
P 0000000002C6AB68
C 207
R
P 0000000002C5E988
C 337
R
P 0000000002C5E988
P 000000001FA267D8
P 0000000002C6CC08
C 299
= 0000000002C6B7A8
R
P 0000000002C5E988
C 337
R
P 0000000002C5E988
P 0000000002C6B7A8
C 255
R
P 0000000002C5E988
C 337
R
P 0000000002C5E988
P 0000000002C6B7A8
C 252
= 0000000002C6AB68
R
P 0000000002C5E988
C 337
R
P 0000000002C5E988
P 0000000002C6AB68
C 207
R
P 0000000002C5E988
C 337
R
P 0000000002C5E988
P 0000000002C6B7A8
C 258
R
P 0000000002C5E988
C 337
R
P 0000000002C5E988
P 0000000002C6B7A8
C 257
R
P 0000000002C5E988
C 337
R
P 0000000002C5E988
P 0000000002C6B7A8
C 256
R
P 0000000002C5E988
C 337
R
P 0000000002C5E988
P 0000000002C6B7A8
C 9
R
P 0000000002C5E988
C 337
R
P 0000000002C5E988
P 0000000002C6B7A8
C 261
R
P 0000000002C5E988
C 337
R
P 0000000002C5E988
P 0000000002C6CCF8
C 230
R
P 0000000002C5E988
C 337
R
P 0000000002C5E988
$ |p2|
C 200
R
P 0000000002C5E988
C 337
R
P 0000000002C5E988
$ |p2|
C 200
R
P 0000000002C5E988
C 337
R
P 0000000002C5E988
$ |p2|
C 200
R
P 0000000002C5E988
C 337
R
P 0000000002C5E988
$ |p2|
C 200
R
P 0000000002C5E988
C 337
R
P 0000000002C5E988
$ |p2|
C 202
R
P 0000000002C5E988
C 337
R
P 0000000002C5E988
P 0000000002C6CCF8
C 328
R
P 0000000002C5E988
C 337
R
P 0000000002C5E988
P 0000000002C6CCF8
C 233
R
P 0000000002C5E988
C 337
R
P 0000000002C5E988
P 0000000002C6CCF8
C 235
= 0000000002C6AB68
R
P 0000000002C5E988
C 337
R
P 0000000002C5E988
P 0000000002C6AB68
C 207
R
P 0000000002C5E988
C 337
R
P 0000000002C5E988
P 000000001FA267D8
P 0000000002C6CCF8
C 299
= 0000000002C6B768
R
P 0000000002C5E988
C 337
R
P 0000000002C5E988
P 0000000002C6B768
C 255
R
P 0000000002C5E988
C 337
R
P 0000000002C5E988
P 0000000002C6B768
C 252
= 0000000002C6AB68
R
P 0000000002C5E988
C 337
R
P 0000000002C5E988
P 0000000002C6AB68
C 207
R
P 0000000002C5E988
C 337
R
P 0000000002C5E988
P 0000000002C6B768
C 258
R
P 0000000002C5E988
C 337
R
P 0000000002C5E988
P 0000000002C6B768
C 257
R
P 0000000002C5E988
C 337
R
P 0000000002C5E988
P 0000000002C6B768
C 256
R
P 0000000002C5E988
C 337
R
P 0000000002C5E988
P 0000000002C6B768
C 9
R
P 0000000002C5E988
C 337
R
P 0000000002C5E988
P 0000000002C6B768
C 261
R
P 0000000002C5E988
C 337
R
C 3
= 000000001F872288
R
P 000000001F872288
S "model"
S "true"
C 5
R
P 000000001F872288
C 7
= 000000001FA4B038
R
P 000000001F872288
C 4
R
P 000000001FA4B038
U 2
C 327
R
P 000000001FA4B038
C 337
R
P 000000001FA4B038
C 406
= 000000001FA4A178
R
P 000000001FA4B038
C 337
R
P 000000001FA4B038
P 000000001FA4A178
C 414
R
P 000000001FA4B038
C 337
R
P 000000001FA4B038
P 000000001FA4A178
C 418
R
P 000000001FA4B038
C 337
R
P 000000001FA4B038
C 33
= 000000001FAED1D8
R
P 000000001FA4B038
C 337
R
P 000000001FA4B038
P 000000001FAED1D8
C 255
R
P 000000001FA4B038
C 337
R
P 000000001FA4B038
P 000000001FAED1D8
C 9
R
P 000000001FA4B038
C 337
R
P 000000001FA4B038
S "p1"
C 30
R
P 000000001FA4B038
C 337
R
P 000000001FA4B038
$ |p1|
C 200
R
P 000000001FA4B038
C 337
R
P 000000001FA4B038
$ |p1|
P 000000001FAED1D8
C 51
= 000000001FAEDAF8
R
P 000000001FA4B038
C 337
R
P 000000001FA4B038
P 000000001FAEDAF8
C 255
R
P 000000001FA4B038
C 337
R
P 000000001FA4B038
P 000000001FAEDAF8
C 252
= 000000001FAED1D8
R
P 000000001FA4B038
C 337
R
P 000000001FA4B038
P 000000001FAED1D8
C 207
R
P 000000001FA4B038
C 337
R
P 000000001FA4B038
P 000000001FAEDAF8
C 258
R
P 000000001FA4B038
C 337
R
P 000000001FA4B038
P 000000001FAEDAF8
C 257
R
P 000000001FA4B038
C 337
R
P 000000001FA4B038
P 000000001FAEDAF8
C 256
R
P 000000001FA4B038
C 337
R
P 000000001FA4B038
P 000000001FAEDAF8
C 9
R
P 000000001FA4B038
C 337
R
P 000000001FA4B038
I 5
P 000000001FAED1D8
C 150
= 000000001FAEDB18
R
P 000000001FA4B038
C 337
R
P 000000001FA4B038
P 000000001FAEDB18
C 256
R
P 000000001FA4B038
C 337
R
P 000000001FA4B038
P 000000001FAEDB18
C 9
R
P 000000001FA4B038
C 337
R
P 000000001FA4B038
P 000000001FAEDAF8
P 000000001FAEDB18
C 75
= 000000001FAE35D0
R
P 000000001FA4B038
C 337
R
P 000000001FA4B038
P 000000001FAE35D0
C 256
R
P 000000001FA4B038
C 337
R
P 000000001FA4B038
P 000000001FAE35D0
C 9
R
P 000000001FA4B038
C 337
R
P 000000001FA4B038
P 000000001FA4A178
P 000000001FAE35D0
C 420
R
P 000000001FA4B038
C 337
R
P 000000001FA4B038
S "p1"
C 30
R
P 000000001FA4B038
C 337
R
P 000000001FA4B038
$ |p1|
C 200
R
P 000000001FA4B038
C 337
R
P 000000001FA4B038
$ |p1|
P 000000001FAED1D8
C 51
= 000000001FAEDAF8
R
P 000000001FA4B038
C 337
R
P 000000001FA4B038
P 000000001FAEDAF8
C 255
R
P 000000001FA4B038
C 337
R
P 000000001FA4B038
P 000000001FAEDAF8
C 252
= 000000001FAED1D8
R
P 000000001FA4B038
C 337
R
P 000000001FA4B038
P 000000001FAED1D8
C 207
R
P 000000001FA4B038
C 337
R
P 000000001FA4B038
P 000000001FAEDAF8
C 258
R
P 000000001FA4B038
C 337
R
P 000000001FA4B038
P 000000001FAEDAF8
C 257
R
P 000000001FA4B038
C 337
R
P 000000001FA4B038
P 000000001FAEDAF8
C 256
R
P 000000001FA4B038
C 337
R
P 000000001FA4B038
P 000000001FAEDAF8
C 9
R
P 000000001FA4B038
C 337
R
P 000000001FA4B038
I 10
P 000000001FAED1D8
C 150
= 000000001FAEDD58
R
P 000000001FA4B038
C 337
R
P 000000001FA4B038
P 000000001FAEDD58
C 256
R
P 000000001FA4B038
C 337
R
P 000000001FA4B038
P 000000001FAEDD58
C 9
R
P 000000001FA4B038
C 337
R
P 000000001FA4B038
P 000000001FAEDAF8
P 000000001FAEDD58
C 75
= 000000001FAE3640
R
P 000000001FA4B038
C 337
R
P 000000001FA4B038
P 000000001FAE3640
C 256
R
P 000000001FA4B038
C 337
R
P 000000001FA4B038
P 000000001FAE3640
C 9
R
P 000000001FA4B038
C 337
R
P 000000001FA4B038
P 000000001FA4A178
P 000000001FAE3640
C 420
R
P 000000001FA4B038
C 337
R
P 000000001FA4B038
S "p2"
C 30
R
P 000000001FA4B038
C 337
R
P 000000001FA4B038
$ |p2|
C 200
R
P 000000001FA4B038
C 337
R
P 000000001FA4B038
$ |p2|
P 000000001FAED1D8
C 51
= 000000001FAEDD78
R
P 000000001FA4B038
C 337
R
P 000000001FA4B038
P 000000001FAEDD78
C 255
R
P 000000001FA4B038
C 337
R
P 000000001FA4B038
P 000000001FAEDD78
C 252
= 000000001FAED1D8
R
P 000000001FA4B038
C 337
R
P 000000001FA4B038
P 000000001FAED1D8
C 207
R
P 000000001FA4B038
C 337
R
P 000000001FA4B038
P 000000001FAEDD78
C 258
R
P 000000001FA4B038
C 337
R
P 000000001FA4B038
P 000000001FAEDD78
C 257
R
P 000000001FA4B038
C 337
R
P 000000001FA4B038
P 000000001FAEDD78
C 256
R
P 000000001FA4B038
C 337
R
P 000000001FA4B038
P 000000001FAEDD78
C 9
R
P 000000001FA4B038
C 337
R
P 000000001FA4B038
I 21
P 000000001FAED1D8
C 150
= 000000001FAEDD98
R
P 000000001FA4B038
C 337
R
P 000000001FA4B038
P 000000001FAEDD98
C 256
R
P 000000001FA4B038
C 337
R
P 000000001FA4B038
P 000000001FAEDD98
C 9
R
P 000000001FA4B038
C 337
R
P 000000001FA4B038
P 000000001FAEDD78
P 000000001FAEDD98
C 73
= 000000001FAE3678
R
P 000000001FA4B038
C 337
R
P 000000001FA4B038
P 000000001FAE3678
C 256
R
P 000000001FA4B038
C 337
R
P 000000001FA4B038
P 000000001FAE3678
C 9
R
P 000000001FA4B038
C 337
R
P 000000001FA4B038
P 000000001FA4A178
P 000000001FAE3678
C 420
R
P 000000001FA4B038
C 337
R
P 000000001FA4B038
S "p2"
C 30
R
P 000000001FA4B038
C 337
R
P 000000001FA4B038
$ |p2|
C 200
R
P 000000001FA4B038
C 337
R
P 000000001FA4B038
$ |p2|
P 000000001FAED1D8
C 51
= 000000001FAEDD78
R
P 000000001FA4B038
C 337
R
P 000000001FA4B038
P 000000001FAEDD78
C 255
R
P 000000001FA4B038
C 337
R
P 000000001FA4B038
P 000000001FAEDD78
C 252
= 000000001FAED1D8
R
P 000000001FA4B038
C 337
R
P 000000001FA4B038
P 000000001FAED1D8
C 207
R
P 000000001FA4B038
C 337
R
P 000000001FA4B038
P 000000001FAEDD78
C 258
R
P 000000001FA4B038
C 337
R
P 000000001FA4B038
P 000000001FAEDD78
C 257
R
P 000000001FA4B038
C 337
R
P 000000001FA4B038
P 000000001FAEDD78
C 256
R
P 000000001FA4B038
C 337
R
P 000000001FA4B038
P 000000001FAEDD78
C 9
R
P 000000001FA4B038
C 337
R
P 000000001FA4B038
I 15
P 000000001FAED1D8
C 150
= 000000001FAEDDB8
R
P 000000001FA4B038
C 337
R
P 000000001FA4B038
P 000000001FAEDDB8
C 256
R
P 000000001FA4B038
C 337
R
P 000000001FA4B038
P 000000001FAEDDB8
C 9
R
P 000000001FA4B038
C 337
R
P 000000001FA4B038
P 000000001FAEDD78
P 000000001FAEDDB8
C 73
= 000000001FAE36B0
R
P 000000001FA4B038
C 337
R
P 000000001FA4B038
P 000000001FAE36B0
C 256
R
P 000000001FA4B038
C 337
R
P 000000001FA4B038
P 000000001FAE36B0
C 9
R
P 000000001FA4B038
C 337
R
P 000000001FA4B038
P 000000001FA4A178
P 000000001FAE36B0
C 420
R
P 000000001FA4B038
C 337
R
P 000000001FA4B038
P 000000001FA4A178
C 425
R
P 000000001FA4B038
C 337
R
P 000000001FA4B038
P 000000001FA4A178
C 429
= 000000001FD81508
R
P 000000001FA4B038
C 337
R
P 000000001FA4B038
P 000000001FD81508
C 296
R
P 000000001FA4B038
C 337
R
P 000000001FA4B038
P 000000001FD81508
C 332
R
P 000000001FA4B038
C 337
R
P 000000001FA4B038
P 000000001FD81508
C 302
R
P 000000001FA4B038
C 337
R
P 000000001FA4B038
P 000000001FD81508
U 0
C 303
= 000000001FAE1208
R
P 000000001FA4B038
C 337
R
P 000000001FA4B038
P 000000001FAE1208
C 255
R
P 000000001FA4B038
C 337
R
P 000000001FA4B038
P 000000001FAE1208
C 9
R
P 000000001FA4B038
C 337
R
P 000000001FA4B038
P 000000001FD81508
U 1
C 303
= 000000001FAE12F8
R
P 000000001FA4B038
C 337
R
P 000000001FA4B038
P 000000001FAE12F8
C 255
R
P 000000001FA4B038
C 337
R
P 000000001FA4B038
P 000000001FAE12F8
C 9
R
P 000000001FA4B038
C 337
R
P 000000001FA4B038
P 000000001FAE1208
C 230
R
P 000000001FA4B038
C 337
R
P 000000001FA4B038
$ |p1|
C 200
R
P 000000001FA4B038
C 337
R
P 000000001FA4B038
$ |p1|
C 200
R
P 000000001FA4B038
C 337
R
P 000000001FA4B038
$ |p1|
C 200
R
P 000000001FA4B038
C 337
R
P 000000001FA4B038
$ |p1|
C 200
R
P 000000001FA4B038
C 337
R
P 000000001FA4B038
$ |p1|
C 202
R
P 000000001FA4B038
C 337
R
P 000000001FA4B038
P 000000001FAE1208
C 328
R
P 000000001FA4B038
C 337
R
P 000000001FA4B038
P 000000001FAE1208
C 233
R
P 000000001FA4B038
C 337
R
P 000000001FA4B038
P 000000001FAE1208
C 235
= 000000001FAED1D8
R
P 000000001FA4B038
C 337
R
P 000000001FA4B038
P 000000001FAED1D8
C 207
R
P 000000001FA4B038
C 337
R
P 000000001FA4B038
P 000000001FD81508
P 000000001FAE1208
C 299
= 000000001FAEDDD8
R
P 000000001FA4B038
C 337
R
P 000000001FA4B038
P 000000001FAEDDD8
C 255
R
P 000000001FA4B038
C 337
R
P 000000001FA4B038
P 000000001FAEDDD8
C 252
= 000000001FAED1D8
R
P 000000001FA4B038
C 337
R
P 000000001FA4B038
P 000000001FAED1D8
C 207
R
P 000000001FA4B038
C 337
R
P 000000001FA4B038
P 000000001FAEDDD8
C 258
R
P 000000001FA4B038
C 337
R
P 000000001FA4B038
P 000000001FAEDDD8
C 257
R
P 000000001FA4B038
C 337
R
P 000000001FA4B038
P 000000001FAEDDD8
C 256
R
P 000000001FA4B038
C 337
R
P 000000001FA4B038
P 000000001FAEDDD8
C 9
R
P 000000001FA4B038
C 337
R
P 000000001FA4B038
P 000000001FAEDDD8
C 261
R
P 000000001FA4B038
C 337
R
P 000000001FA4B038
P 000000001FAE12F8
C 230
R
P 000000001FA4B038
C 337
R
P 000000001FA4B038
$ |p2|
C 200
R
P 000000001FA4B038
C 337
R
P 000000001FA4B038
$ |p2|
C 200
R
P 000000001FA4B038
C 337
R
P 000000001FA4B038
$ |p2|
C 200
R
P 000000001FA4B038
C 337
R
P 000000001FA4B038
$ |p2|
C 200
R
P 000000001FA4B038
C 337
R
P 000000001FA4B038
$ |p2|
C 202
R
P 000000001FA4B038
C 337
R
P 000000001FA4B038
P 000000001FAE12F8
C 328
R
P 000000001FA4B038
C 337
R
P 000000001FA4B038
P 000000001FAE12F8
C 233
R
P 000000001FA4B038
C 337
R
P 000000001FA4B038
P 000000001FAE12F8
C 235
= 000000001FAED1D8
R
P 000000001FA4B038
C 337
R
P 000000001FA4B038
P 000000001FAED1D8
C 207
R
P 000000001FA4B038
C 337
R
P 000000001FA4B038
P 000000001FD81508
P 000000001FAE12F8
C 299
= 000000001FAEDE18
R
P 000000001FA4B038
C 337
R
P 000000001FA4B038
P 000000001FAEDE18
C 255
R
P 000000001FA4B038
C 337
R
P 000000001FA4B038
P 000000001FAEDE18
C 252
= 000000001FAED1D8
R
P 000000001FA4B038
C 337
R
P 000000001FA4B038
P 000000001FAED1D8
C 207
R
P 000000001FA4B038
C 337
R
P 000000001FA4B038
P 000000001FAEDE18
C 258
R
P 000000001FA4B038
C 337
R
P 000000001FA4B038
P 000000001FAEDE18
C 257
R
P 000000001FA4B038
C 337
R
P 000000001FA4B038
P 000000001FAEDE18
C 256
R
P 000000001FA4B038
C 337
R
P 000000001FA4B038
P 000000001FAEDE18
C 9
R
P 000000001FA4B038
C 337
R
P 000000001FA4B038
P 000000001FAEDE18
C 261
R
P 000000001FA4B038
C 337
R
P 000000001FA4B038
P 000000001FD81508
C 302
R
P 000000001FA4B038
C 337
R
P 000000001FA4B038
P 000000001FD81508
U 0
C 303
= 000000001FAE1208
R
P 000000001FA4B038
C 337
R
P 000000001FA4B038
P 000000001FAE1208
C 255
R
P 000000001FA4B038
C 337
R
P 000000001FA4B038
P 000000001FAE1208
C 9
R
P 000000001FA4B038
C 337
R
P 000000001FA4B038
P 000000001FD81508
U 1
C 303
= 000000001FAE12F8
R
P 000000001FA4B038
C 337
R
P 000000001FA4B038
P 000000001FAE12F8
C 255
R
P 000000001FA4B038
C 337
R
P 000000001FA4B038
P 000000001FAE12F8
C 9
R
P 000000001FA4B038
C 337
R
P 000000001FA4B038
P 000000001FAE1208
C 233
R
P 000000001FA4B038
C 337
R
P 000000001FA4B038
P 000000001FAE1208
C 235
= 000000001FAED1D8
R
P 000000001FA4B038
C 337
R
P 000000001FA4B038
P 000000001FAED1D8
C 207
R
P 000000001FA4B038
C 337
R
P 000000001FA4B038
P 000000001FD81508
P 000000001FAE1208
C 299
= 000000001FAEDDD8
R
P 000000001FA4B038
C 337
R
P 000000001FA4B038
P 000000001FAEDDD8
C 255
R
P 000000001FA4B038
C 337
R
P 000000001FA4B038
P 000000001FAEDDD8
C 252
= 000000001FAED1D8
R
P 000000001FA4B038
C 337
R
P 000000001FA4B038
P 000000001FAED1D8
C 207
R
P 000000001FA4B038
C 337
R
P 000000001FA4B038
P 000000001FAEDDD8
C 258
R
P 000000001FA4B038
C 337
R
P 000000001FA4B038
P 000000001FAEDDD8
C 257
R
P 000000001FA4B038
C 337
R
P 000000001FA4B038
P 000000001FAEDDD8
C 256
R
P 000000001FA4B038
C 337
R
P 000000001FA4B038
P 000000001FAEDDD8
C 9
R
P 000000001FA4B038
C 337
R
P 000000001FA4B038
P 000000001FAE1208
C 230
R
P 000000001FA4B038
C 337
R
P 000000001FA4B038
$ |p1|
C 200
R
P 000000001FA4B038
C 337
R
P 000000001FA4B038
$ |p1|
C 200
R
P 000000001FA4B038
C 337
R
P 000000001FA4B038
$ |p1|
C 200
R
P 000000001FA4B038
C 337
R
P 000000001FA4B038
$ |p1|
C 200
R
P 000000001FA4B038
C 337
R
P 000000001FA4B038
$ |p1|
C 202
R
P 000000001FA4B038
C 337
R
P 000000001FA4B038
P 000000001FAEDDD8
C 261
R
P 000000001FA4B038
C 337
R
P 000000001FA4B038
P 000000001FAE12F8
C 233
R
P 000000001FA4B038
C 337
R
P 000000001FA4B038
P 000000001FAE12F8
C 235
= 000000001FAED1D8
R
P 000000001FA4B038
C 337
R
P 000000001FA4B038
P 000000001FAED1D8
C 207
R
P 000000001FA4B038
C 337
R
P 000000001FA4B038
P 000000001FD81508
P 000000001FAE12F8
C 299
= 000000001FAEDE18
R
P 000000001FA4B038
C 337
R
P 000000001FA4B038
P 000000001FAEDE18
C 255
R
P 000000001FA4B038
C 337
R
P 000000001FA4B038
P 000000001FAEDE18
C 252
= 000000001FAED1D8
R
P 000000001FA4B038
C 337
R
P 000000001FA4B038
P 000000001FAED1D8
C 207
R
P 000000001FA4B038
C 337
R
P 000000001FA4B038
P 000000001FAEDE18
C 258
R
P 000000001FA4B038
C 337
R
P 000000001FA4B038
P 000000001FAEDE18
C 257
R
P 000000001FA4B038
C 337
R
P 000000001FA4B038
P 000000001FAEDE18
C 256
R
P 000000001FA4B038
C 337
R
P 000000001FA4B038
P 000000001FAEDE18
C 9
R
P 000000001FA4B038
C 337
R
P 000000001FA4B038
P 000000001FAE12F8
C 230
R
P 000000001FA4B038
C 337
R
P 000000001FA4B038
$ |p2|
C 200
R
P 000000001FA4B038
C 337
R
P 000000001FA4B038
$ |p2|
C 200
R
P 000000001FA4B038
C 337
R
P 000000001FA4B038
$ |p2|
C 200
R
P 000000001FA4B038
C 337
R
P 000000001FA4B038
$ |p2|
C 200
R
P 000000001FA4B038
C 337
R
P 000000001FA4B038
$ |p2|
C 202
R
P 000000001FA4B038
C 337
R
P 000000001FA4B038
P 000000001FAEDE18
C 261
R
P 000000001FA4B038
C 337
R
P 0000000002C5E988
C 406
= 000000001FA3C7A8
R
P 0000000002C5E988
C 337
R
P 0000000002C5E988
P 000000001FA3C7A8
C 414
R
P 0000000002C5E988
C 337
R
P 0000000002C5E988
P 000000001FA3C7A8
C 418
R
P 0000000002C5E988
C 337
R
P 0000000002C5E988
S "p1"
C 30
R
P 0000000002C5E988
C 337
R
P 0000000002C5E988
$ |p1|
C 200
R
P 0000000002C5E988
C 337
R
P 0000000002C5E988
$ |p1|
P 0000000002C6AB68
C 51
= 0000000002C6B488
R
P 0000000002C5E988
C 337
R
P 0000000002C5E988
P 0000000002C6B488
C 255
R
P 0000000002C5E988
C 337
R
P 0000000002C5E988
P 0000000002C6B488
C 252
= 0000000002C6AB68
R
P 0000000002C5E988
C 337
R
P 0000000002C5E988
P 0000000002C6AB68
C 207
R
P 0000000002C5E988
C 337
R
P 0000000002C5E988
P 0000000002C6B488
C 258
R
P 0000000002C5E988
C 337
R
P 0000000002C5E988
P 0000000002C6B488
C 257
R
P 0000000002C5E988
C 337
R
P 0000000002C5E988
P 0000000002C6B488
C 256
R
P 0000000002C5E988
C 337
R
P 0000000002C5E988
P 0000000002C6B488
C 9
R
P 0000000002C5E988
C 337
R
P 0000000002C5E988
I 5
P 0000000002C6AB68
C 150
= 0000000002C6B4A8
R
P 0000000002C5E988
C 337
R
P 0000000002C5E988
P 0000000002C6B4A8
C 256
R
P 0000000002C5E988
C 337
R
P 0000000002C5E988
P 0000000002C6B4A8
C 9
R
P 0000000002C5E988
C 337
R
P 0000000002C5E988
P 0000000002C6B488
P 0000000002C6B4A8
C 75
= 0000000002C717F0
R
P 0000000002C5E988
C 337
R
P 0000000002C5E988
P 0000000002C717F0
C 256
R
P 0000000002C5E988
C 337
R
P 0000000002C5E988
P 0000000002C717F0
C 9
R
P 0000000002C5E988
C 337
R
P 0000000002C5E988
P 000000001FA3C7A8
P 0000000002C717F0
C 420
R
P 0000000002C5E988
C 337
R
P 0000000002C5E988
S "p1"
C 30
R
P 0000000002C5E988
C 337
R
P 0000000002C5E988
$ |p1|
C 200
R
P 0000000002C5E988
C 337
R
P 0000000002C5E988
$ |p1|
P 0000000002C6AB68
C 51
= 0000000002C6B488
R
P 0000000002C5E988
C 337
R
P 0000000002C5E988
P 0000000002C6B488
C 255
R
P 0000000002C5E988
C 337
R
P 0000000002C5E988
P 0000000002C6B488
C 252
= 0000000002C6AB68
R
P 0000000002C5E988
C 337
R
P 0000000002C5E988
P 0000000002C6AB68
C 207
R
P 0000000002C5E988
C 337
R
P 0000000002C5E988
P 0000000002C6B488
C 258
R
P 0000000002C5E988
C 337
R
P 0000000002C5E988
P 0000000002C6B488
C 257
R
P 0000000002C5E988
C 337
R
P 0000000002C5E988
P 0000000002C6B488
C 256
R
P 0000000002C5E988
C 337
R
P 0000000002C5E988
P 0000000002C6B488
C 9
R
P 0000000002C5E988
C 337
R
P 0000000002C5E988
I 10
P 0000000002C6AB68
C 150
= 0000000002C6B6E8
R
P 0000000002C5E988
C 337
R
P 0000000002C5E988
P 0000000002C6B6E8
C 256
R
P 0000000002C5E988
C 337
R
P 0000000002C5E988
P 0000000002C6B6E8
C 9
R
P 0000000002C5E988
C 337
R
P 0000000002C5E988
P 0000000002C6B488
P 0000000002C6B6E8
C 75
= 0000000002C71860
R
P 0000000002C5E988
C 337
R
P 0000000002C5E988
P 0000000002C71860
C 256
R
P 0000000002C5E988
C 337
R
P 0000000002C5E988
P 0000000002C71860
C 9
R
P 0000000002C5E988
C 337
R
P 0000000002C5E988
P 000000001FA3C7A8
P 0000000002C71860
C 420
R
P 0000000002C5E988
C 337
R
P 0000000002C5E988
S "p2"
C 30
R
P 0000000002C5E988
C 337
R
P 0000000002C5E988
$ |p2|
C 200
R
P 0000000002C5E988
C 337
R
P 0000000002C5E988
$ |p2|
P 0000000002C6AB68
C 51
= 0000000002C6B708
R
P 0000000002C5E988
C 337
R
P 0000000002C5E988
P 0000000002C6B708
C 255
R
P 0000000002C5E988
C 337
R
P 0000000002C5E988
P 0000000002C6B708
C 252
= 0000000002C6AB68
R
P 0000000002C5E988
C 337
R
P 0000000002C5E988
P 0000000002C6AB68
C 207
R
P 0000000002C5E988
C 337
R
P 0000000002C5E988
P 0000000002C6B708
C 258
R
P 0000000002C5E988
C 337
R
P 0000000002C5E988
P 0000000002C6B708
C 257
R
P 0000000002C5E988
C 337
R
P 0000000002C5E988
P 0000000002C6B708
C 256
R
P 0000000002C5E988
C 337
R
P 0000000002C5E988
P 0000000002C6B708
C 9
R
P 0000000002C5E988
C 337
R
P 0000000002C5E988
I 21
P 0000000002C6AB68
C 150
= 0000000002C6B728
R
P 0000000002C5E988
C 337
R
P 0000000002C5E988
P 0000000002C6B728
C 256
R
P 0000000002C5E988
C 337
R
P 0000000002C5E988
P 0000000002C6B728
C 9
R
P 0000000002C5E988
C 337
R
P 0000000002C5E988
P 0000000002C6B708
P 0000000002C6B728
C 73
= 0000000002C71908
R
P 0000000002C5E988
C 337
R
P 0000000002C5E988
P 0000000002C71908
C 256
R
P 0000000002C5E988
C 337
R
P 0000000002C5E988
P 0000000002C71908
C 9
R
P 0000000002C5E988
C 337
R
P 0000000002C5E988
P 000000001FA3C7A8
P 0000000002C71908
C 420
R
P 0000000002C5E988
C 337
R
P 0000000002C5E988
S "p2"
C 30
R
P 0000000002C5E988
C 337
R
P 0000000002C5E988
$ |p2|
C 200
R
P 0000000002C5E988
C 337
R
P 0000000002C5E988
$ |p2|
P 0000000002C6AB68
C 51
= 0000000002C6B708
R
P 0000000002C5E988
C 337
R
P 0000000002C5E988
P 0000000002C6B708
C 255
R
P 0000000002C5E988
C 337
R
P 0000000002C5E988
P 0000000002C6B708
C 252
= 0000000002C6AB68
R
P 0000000002C5E988
C 337
R
P 0000000002C5E988
P 0000000002C6AB68
C 207
R
P 0000000002C5E988
C 337
R
P 0000000002C5E988
P 0000000002C6B708
C 258
R
P 0000000002C5E988
C 337
R
P 0000000002C5E988
P 0000000002C6B708
C 257
R
P 0000000002C5E988
C 337
R
P 0000000002C5E988
P 0000000002C6B708
C 256
R
P 0000000002C5E988
C 337
R
P 0000000002C5E988
P 0000000002C6B708
C 9
R
P 0000000002C5E988
C 337
R
P 0000000002C5E988
I 15
P 0000000002C6AB68
C 150
= 0000000002C6B768
R
P 0000000002C5E988
C 337
R
P 0000000002C5E988
P 0000000002C6B768
C 256
R
P 0000000002C5E988
C 337
R
P 0000000002C5E988
P 0000000002C6B768
C 9
R
P 0000000002C5E988
C 337
R
P 0000000002C5E988
P 0000000002C6B708
P 0000000002C6B768
C 73
= 0000000002C719B0
R
P 0000000002C5E988
C 337
R
P 0000000002C5E988
P 0000000002C719B0
C 256
R
P 0000000002C5E988
C 337
R
P 0000000002C5E988
P 0000000002C719B0
C 9
R
P 0000000002C5E988
C 337
R
P 0000000002C5E988
P 000000001FA3C7A8
P 0000000002C719B0
C 420
R
P 0000000002C5E988
C 337
R
P 0000000002C5E988
S "p2"
C 30
R
P 0000000002C5E988
C 337
R
P 0000000002C5E988
$ |p2|
C 200
R
P 0000000002C5E988
C 337
R
P 0000000002C5E988
$ |p2|
P 0000000002C6AB68
C 51
= 0000000002C6B708
R
P 0000000002C5E988
C 337
R
P 0000000002C5E988
P 0000000002C6B708
C 255
R
P 0000000002C5E988
C 337
R
P 0000000002C5E988
P 0000000002C6B708
C 252
= 0000000002C6AB68
R
P 0000000002C5E988
C 337
R
P 0000000002C5E988
P 0000000002C6AB68
C 207
R
P 0000000002C5E988
C 337
R
P 0000000002C5E988
P 0000000002C6B708
C 258
R
P 0000000002C5E988
C 337
R
P 0000000002C5E988
P 0000000002C6B708
C 257
R
P 0000000002C5E988
C 337
R
P 0000000002C5E988
P 0000000002C6B708
C 256
R
P 0000000002C5E988
C 337
R
P 0000000002C5E988
P 0000000002C6B708
C 9
R
P 0000000002C5E988
C 337
R
P 0000000002C5E988
I 11
P 0000000002C6AB68
C 150
= 0000000002C6B7A8
R
P 0000000002C5E988
C 337
R
P 0000000002C5E988
P 0000000002C6B7A8
C 256
R
P 0000000002C5E988
C 337
R
P 0000000002C5E988
P 0000000002C6B7A8
C 9
R
P 0000000002C5E988
C 337
R
P 0000000002C5E988
P 0000000002C6B708
P 0000000002C6B7A8
C 74
= 0000000002C71B38
R
P 0000000002C5E988
C 337
R
P 0000000002C5E988
P 0000000002C71B38
C 256
R
P 0000000002C5E988
C 337
R
P 0000000002C5E988
P 0000000002C71B38
C 9
R
P 0000000002C5E988
C 337
R
P 0000000002C5E988
P 000000001FA3C7A8
P 0000000002C71B38
C 420
R
P 0000000002C5E988
C 337
R
P 0000000002C5E988
P 000000001FA3C7A8
C 425
R
P 0000000002C5E988
C 337
R
P 0000000002C5E988
P 000000001FA3C7A8
C 429
= 000000001FC38848
R
P 0000000002C5E988
C 337
R
P 0000000002C5E988
P 000000001FC38848
C 296
R
P 0000000002C5E988
C 337
R
P 0000000002C5E988
P 000000001FC38848
C 332
R
P 0000000002C5E988
C 337
R
P 0000000002C5E988
P 000000001FC38848
C 302
R
P 0000000002C5E988
C 337
R
P 0000000002C5E988
P 000000001FC38848
U 0
C 303
= 0000000002C6CC08
R
P 0000000002C5E988
C 337
R
P 0000000002C5E988
P 0000000002C6CC08
C 255
R
P 0000000002C5E988
C 337
R
P 0000000002C5E988
P 0000000002C6CC08
C 9
R
P 0000000002C5E988
C 337
R
P 0000000002C5E988
P 000000001FC38848
U 1
C 303
= 0000000002C6CCF8
R
P 0000000002C5E988
C 337
R
P 0000000002C5E988
P 0000000002C6CCF8
C 255
R
P 0000000002C5E988
C 337
R
P 0000000002C5E988
P 0000000002C6CCF8
C 9
R
P 0000000002C5E988
C 337
R
P 0000000002C5E988
P 0000000002C6CC08
C 230
R
P 0000000002C5E988
C 337
R
P 0000000002C5E988
$ |p1|
C 200
R
P 0000000002C5E988
C 337
R
P 0000000002C5E988
$ |p1|
C 200
R
P 0000000002C5E988
C 337
R
P 0000000002C5E988
$ |p1|
C 200
R
P 0000000002C5E988
C 337
R
P 0000000002C5E988
$ |p1|
C 200
R
P 0000000002C5E988
C 337
R
P 0000000002C5E988
$ |p1|
C 202
R
P 0000000002C5E988
C 337
R
P 0000000002C5E988
P 0000000002C6CC08
C 328
R
P 0000000002C5E988
C 337
R
P 0000000002C5E988
P 0000000002C6CC08
C 233
R
P 0000000002C5E988
C 337
R
P 0000000002C5E988
P 0000000002C6CC08
C 235
= 0000000002C6AB68
R
P 0000000002C5E988
C 337
R
P 0000000002C5E988
P 0000000002C6AB68
C 207
R
P 0000000002C5E988
C 337
R
P 0000000002C5E988
P 000000001FC38848
P 0000000002C6CC08
C 299
= 0000000002C6B7A8
R
P 0000000002C5E988
C 337
R
P 0000000002C5E988
P 0000000002C6B7A8
C 255
R
P 0000000002C5E988
C 337
R
P 0000000002C5E988
P 0000000002C6B7A8
C 252
= 0000000002C6AB68
R
P 0000000002C5E988
C 337
R
P 0000000002C5E988
P 0000000002C6AB68
C 207
R
P 0000000002C5E988
C 337
R
P 0000000002C5E988
P 0000000002C6B7A8
C 258
R
P 0000000002C5E988
C 337
R
P 0000000002C5E988
P 0000000002C6B7A8
C 257
R
P 0000000002C5E988
C 337
R
P 0000000002C5E988
P 0000000002C6B7A8
C 256
R
P 0000000002C5E988
C 337
R
P 0000000002C5E988
P 0000000002C6B7A8
C 9
R
P 0000000002C5E988
C 337
R
P 0000000002C5E988
P 0000000002C6B7A8
C 261
R
P 0000000002C5E988
C 337
R
P 0000000002C5E988
P 0000000002C6CCF8
C 230
R
P 0000000002C5E988
C 337
R
P 0000000002C5E988
$ |p2|
C 200
R
P 0000000002C5E988
C 337
R
P 0000000002C5E988
$ |p2|
C 200
R
P 0000000002C5E988
C 337
R
P 0000000002C5E988
$ |p2|
C 200
R
P 0000000002C5E988
C 337
R
P 0000000002C5E988
$ |p2|
C 200
R
P 0000000002C5E988
C 337
R
P 0000000002C5E988
$ |p2|
C 202
R
P 0000000002C5E988
C 337
R
P 0000000002C5E988
P 0000000002C6CCF8
C 328
R
P 0000000002C5E988
C 337
R
P 0000000002C5E988
P 0000000002C6CCF8
C 233
R
P 0000000002C5E988
C 337
R
P 0000000002C5E988
P 0000000002C6CCF8
C 235
= 0000000002C6AB68
R
P 0000000002C5E988
C 337
R
P 0000000002C5E988
P 0000000002C6AB68
C 207
R
P 0000000002C5E988
C 337
R
P 0000000002C5E988
P 000000001FC38848
P 0000000002C6CCF8
C 299
= 0000000002C6B7E8
R
P 0000000002C5E988
C 337
R
P 0000000002C5E988
P 0000000002C6B7E8
C 255
R
P 0000000002C5E988
C 337
R
P 0000000002C5E988
P 0000000002C6B7E8
C 252
= 0000000002C6AB68
R
P 0000000002C5E988
C 337
R
P 0000000002C5E988
P 0000000002C6AB68
C 207
R
P 0000000002C5E988
C 337
R
P 0000000002C5E988
P 0000000002C6B7E8
C 258
R
P 0000000002C5E988
C 337
R
P 0000000002C5E988
P 0000000002C6B7E8
C 257
R
P 0000000002C5E988
C 337
R
P 0000000002C5E988
P 0000000002C6B7E8
C 256
R
P 0000000002C5E988
C 337
R
P 0000000002C5E988
P 0000000002C6B7E8
C 9
R
P 0000000002C5E988
C 337
R
P 0000000002C5E988
P 0000000002C6B7E8
C 261
R
P 0000000002C5E988
C 337
R
C 3
= 0000000020045448
R
P 0000000020045448
S "model"
S "true"
C 5
R
P 0000000020045448
C 7
= 000000001FCA8E58
R
P 0000000020045448
C 4
R
P 000000001FCA8E58
U 2
C 327
R
P 000000001FCA8E58
C 337
R
P 000000001FCA8E58
C 406
= 000000001FA3D298
R
P 000000001FCA8E58
C 337
R
P 000000001FCA8E58
P 000000001FA3D298
C 414
R
P 000000001FCA8E58
C 337
R
P 000000001FCA8E58
P 000000001FA3D298
C 418
R
P 000000001FCA8E58
C 337
R
P 000000001FCA8E58
C 33
= 000000001FE6B5B8
R
P 000000001FCA8E58
C 337
R
P 000000001FCA8E58
P 000000001FE6B5B8
C 255
R
P 000000001FCA8E58
C 337
R
P 000000001FCA8E58
P 000000001FE6B5B8
C 9
R
P 000000001FCA8E58
C 337
R
P 000000001FCA8E58
S "p1"
C 30
R
P 000000001FCA8E58
C 337
R
P 000000001FCA8E58
$ |p1|
C 200
R
P 000000001FCA8E58
C 337
R
P 000000001FCA8E58
$ |p1|
P 000000001FE6B5B8
C 51
= 000000001FE6BED8
R
P 000000001FCA8E58
C 337
R
P 000000001FCA8E58
P 000000001FE6BED8
C 255
R
P 000000001FCA8E58
C 337
R
P 000000001FCA8E58
P 000000001FE6BED8
C 252
= 000000001FE6B5B8
R
P 000000001FCA8E58
C 337
R
P 000000001FCA8E58
P 000000001FE6B5B8
C 207
R
P 000000001FCA8E58
C 337
R
P 000000001FCA8E58
P 000000001FE6BED8
C 258
R
P 000000001FCA8E58
C 337
R
P 000000001FCA8E58
P 000000001FE6BED8
C 257
R
P 000000001FCA8E58
C 337
R
P 000000001FCA8E58
P 000000001FE6BED8
C 256
R
P 000000001FCA8E58
C 337
R
P 000000001FCA8E58
P 000000001FE6BED8
C 9
R
P 000000001FCA8E58
C 337
R
P 000000001FCA8E58
I 5
P 000000001FE6B5B8
C 150
= 000000001FE6BEF8
R
P 000000001FCA8E58
C 337
R
P 000000001FCA8E58
P 000000001FE6BEF8
C 256
R
P 000000001FCA8E58
C 337
R
P 000000001FCA8E58
P 000000001FE6BEF8
C 9
R
P 000000001FCA8E58
C 337
R
P 000000001FCA8E58
P 000000001FE6BED8
P 000000001FE6BEF8
C 75
= 000000001FF80BB0
R
P 000000001FCA8E58
C 337
R
P 000000001FCA8E58
P 000000001FF80BB0
C 256
R
P 000000001FCA8E58
C 337
R
P 000000001FCA8E58
P 000000001FF80BB0
C 9
R
P 000000001FCA8E58
C 337
R
P 000000001FCA8E58
P 000000001FA3D298
P 000000001FF80BB0
C 420
R
P 000000001FCA8E58
C 337
R
P 000000001FCA8E58
S "p1"
C 30
R
P 000000001FCA8E58
C 337
R
P 000000001FCA8E58
$ |p1|
C 200
R
P 000000001FCA8E58
C 337
R
P 000000001FCA8E58
$ |p1|
P 000000001FE6B5B8
C 51
= 000000001FE6BED8
R
P 000000001FCA8E58
C 337
R
P 000000001FCA8E58
P 000000001FE6BED8
C 255
R
P 000000001FCA8E58
C 337
R
P 000000001FCA8E58
P 000000001FE6BED8
C 252
= 000000001FE6B5B8
R
P 000000001FCA8E58
C 337
R
P 000000001FCA8E58
P 000000001FE6B5B8
C 207
R
P 000000001FCA8E58
C 337
R
P 000000001FCA8E58
P 000000001FE6BED8
C 258
R
P 000000001FCA8E58
C 337
R
P 000000001FCA8E58
P 000000001FE6BED8
C 257
R
P 000000001FCA8E58
C 337
R
P 000000001FCA8E58
P 000000001FE6BED8
C 256
R
P 000000001FCA8E58
C 337
R
P 000000001FCA8E58
P 000000001FE6BED8
C 9
R
P 000000001FCA8E58
C 337
R
P 000000001FCA8E58
I 10
P 000000001FE6B5B8
C 150
= 000000001FE6C138
R
P 000000001FCA8E58
C 337
R
P 000000001FCA8E58
P 000000001FE6C138
C 256
R
P 000000001FCA8E58
C 337
R
P 000000001FCA8E58
P 000000001FE6C138
C 9
R
P 000000001FCA8E58
C 337
R
P 000000001FCA8E58
P 000000001FE6BED8
P 000000001FE6C138
C 75
= 000000001FF80C20
R
P 000000001FCA8E58
C 337
R
P 000000001FCA8E58
P 000000001FF80C20
C 256
R
P 000000001FCA8E58
C 337
R
P 000000001FCA8E58
P 000000001FF80C20
C 9
R
P 000000001FCA8E58
C 337
R
P 000000001FCA8E58
P 000000001FA3D298
P 000000001FF80C20
C 420
R
P 000000001FCA8E58
C 337
R
P 000000001FCA8E58
S "p2"
C 30
R
P 000000001FCA8E58
C 337
R
P 000000001FCA8E58
$ |p2|
C 200
R
P 000000001FCA8E58
C 337
R
P 000000001FCA8E58
$ |p2|
P 000000001FE6B5B8
C 51
= 000000001FE6C158
R
P 000000001FCA8E58
C 337
R
P 000000001FCA8E58
P 000000001FE6C158
C 255
R
P 000000001FCA8E58
C 337
R
P 000000001FCA8E58
P 000000001FE6C158
C 252
= 000000001FE6B5B8
R
P 000000001FCA8E58
C 337
R
P 000000001FCA8E58
P 000000001FE6B5B8
C 207
R
P 000000001FCA8E58
C 337
R
P 000000001FCA8E58
P 000000001FE6C158
C 258
R
P 000000001FCA8E58
C 337
R
P 000000001FCA8E58
P 000000001FE6C158
C 257
R
P 000000001FCA8E58
C 337
R
P 000000001FCA8E58
P 000000001FE6C158
C 256
R
P 000000001FCA8E58
C 337
R
P 000000001FCA8E58
P 000000001FE6C158
C 9
R
P 000000001FCA8E58
C 337
R
P 000000001FCA8E58
I 21
P 000000001FE6B5B8
C 150
= 000000001FE6C178
R
P 000000001FCA8E58
C 337
R
P 000000001FCA8E58
P 000000001FE6C178
C 256
R
P 000000001FCA8E58
C 337
R
P 000000001FCA8E58
P 000000001FE6C178
C 9
R
P 000000001FCA8E58
C 337
R
P 000000001FCA8E58
P 000000001FE6C158
P 000000001FE6C178
C 73
= 000000001FF80C58
R
P 000000001FCA8E58
C 337
R
P 000000001FCA8E58
P 000000001FF80C58
C 256
R
P 000000001FCA8E58
C 337
R
P 000000001FCA8E58
P 000000001FF80C58
C 9
R
P 000000001FCA8E58
C 337
R
P 000000001FCA8E58
P 000000001FA3D298
P 000000001FF80C58
C 420
R
P 000000001FCA8E58
C 337
R
P 000000001FCA8E58
S "p2"
C 30
R
P 000000001FCA8E58
C 337
R
P 000000001FCA8E58
$ |p2|
C 200
R
P 000000001FCA8E58
C 337
R
P 000000001FCA8E58
$ |p2|
P 000000001FE6B5B8
C 51
= 000000001FE6C158
R
P 000000001FCA8E58
C 337
R
P 000000001FCA8E58
P 000000001FE6C158
C 255
R
P 000000001FCA8E58
C 337
R
P 000000001FCA8E58
P 000000001FE6C158
C 252
= 000000001FE6B5B8
R
P 000000001FCA8E58
C 337
R
P 000000001FCA8E58
P 000000001FE6B5B8
C 207
R
P 000000001FCA8E58
C 337
R
P 000000001FCA8E58
P 000000001FE6C158
C 258
R
P 000000001FCA8E58
C 337
R
P 000000001FCA8E58
P 000000001FE6C158
C 257
R
P 000000001FCA8E58
C 337
R
P 000000001FCA8E58
P 000000001FE6C158
C 256
R
P 000000001FCA8E58
C 337
R
P 000000001FCA8E58
P 000000001FE6C158
C 9
R
P 000000001FCA8E58
C 337
R
P 000000001FCA8E58
I 15
P 000000001FE6B5B8
C 150
= 000000001FE6C198
R
P 000000001FCA8E58
C 337
R
P 000000001FCA8E58
P 000000001FE6C198
C 256
R
P 000000001FCA8E58
C 337
R
P 000000001FCA8E58
P 000000001FE6C198
C 9
R
P 000000001FCA8E58
C 337
R
P 000000001FCA8E58
P 000000001FE6C158
P 000000001FE6C198
C 73
= 000000001FF80C90
R
P 000000001FCA8E58
C 337
R
P 000000001FCA8E58
P 000000001FF80C90
C 256
R
P 000000001FCA8E58
C 337
R
P 000000001FCA8E58
P 000000001FF80C90
C 9
R
P 000000001FCA8E58
C 337
R
P 000000001FCA8E58
P 000000001FA3D298
P 000000001FF80C90
C 420
R
P 000000001FCA8E58
C 337
R
P 000000001FCA8E58
S "p2"
C 30
R
P 000000001FCA8E58
C 337
R
P 000000001FCA8E58
$ |p2|
C 200
R
P 000000001FCA8E58
C 337
R
P 000000001FCA8E58
$ |p2|
P 000000001FE6B5B8
C 51
= 000000001FE6C158
R
P 000000001FCA8E58
C 337
R
P 000000001FCA8E58
P 000000001FE6C158
C 255
R
P 000000001FCA8E58
C 337
R
P 000000001FCA8E58
P 000000001FE6C158
C 252
= 000000001FE6B5B8
R
P 000000001FCA8E58
C 337
R
P 000000001FCA8E58
P 000000001FE6B5B8
C 207
R
P 000000001FCA8E58
C 337
R
P 000000001FCA8E58
P 000000001FE6C158
C 258
R
P 000000001FCA8E58
C 337
R
P 000000001FCA8E58
P 000000001FE6C158
C 257
R
P 000000001FCA8E58
C 337
R
P 000000001FCA8E58
P 000000001FE6C158
C 256
R
P 000000001FCA8E58
C 337
R
P 000000001FCA8E58
P 000000001FE6C158
C 9
R
P 000000001FCA8E58
C 337
R
P 000000001FCA8E58
I 11
P 000000001FE6B5B8
C 150
= 000000001FE6C1B8
R
P 000000001FCA8E58
C 337
R
P 000000001FCA8E58
P 000000001FE6C1B8
C 256
R
P 000000001FCA8E58
C 337
R
P 000000001FCA8E58
P 000000001FE6C1B8
C 9
R
P 000000001FCA8E58
C 337
R
P 000000001FCA8E58
P 000000001FE6C158
P 000000001FE6C1B8
C 74
= 000000001FF80CC8
R
P 000000001FCA8E58
C 337
R
P 000000001FCA8E58
P 000000001FF80CC8
C 256
R
P 000000001FCA8E58
C 337
R
P 000000001FCA8E58
P 000000001FF80CC8
C 9
R
P 000000001FCA8E58
C 337
R
P 000000001FCA8E58
P 000000001FA3D298
P 000000001FF80CC8
C 420
R
P 000000001FCA8E58
C 337
R
P 000000001FCA8E58
P 000000001FA3D298
C 425
R
P 000000001FCA8E58
C 337
R
P 000000001FCA8E58
P 000000001FA3D298
C 429
= 00000000202C5548
R
P 000000001FCA8E58
C 337
R
P 000000001FCA8E58
P 00000000202C5548
C 296
R
P 000000001FCA8E58
C 337
R
P 000000001FCA8E58
P 00000000202C5548
C 332
R
P 000000001FCA8E58
C 337
R
P 000000001FCA8E58
P 00000000202C5548
C 302
R
P 000000001FCA8E58
C 337
R
P 000000001FCA8E58
P 00000000202C5548
U 0
C 303
= 000000001FF7C7D8
R
P 000000001FCA8E58
C 337
R
P 000000001FCA8E58
P 000000001FF7C7D8
C 255
R
P 000000001FCA8E58
C 337
R
P 000000001FCA8E58
P 000000001FF7C7D8
C 9
R
P 000000001FCA8E58
C 337
R
P 000000001FCA8E58
P 00000000202C5548
U 1
C 303
= 000000001FF7C8C8
R
P 000000001FCA8E58
C 337
R
P 000000001FCA8E58
P 000000001FF7C8C8
C 255
R
P 000000001FCA8E58
C 337
R
P 000000001FCA8E58
P 000000001FF7C8C8
C 9
R
P 000000001FCA8E58
C 337
R
P 000000001FCA8E58
P 000000001FF7C7D8
C 230
R
P 000000001FCA8E58
C 337
R
P 000000001FCA8E58
$ |p1|
C 200
R
P 000000001FCA8E58
C 337
R
P 000000001FCA8E58
$ |p1|
C 200
R
P 000000001FCA8E58
C 337
R
P 000000001FCA8E58
$ |p1|
C 200
R
P 000000001FCA8E58
C 337
R
P 000000001FCA8E58
$ |p1|
C 200
R
P 000000001FCA8E58
C 337
R
P 000000001FCA8E58
$ |p1|
C 202
R
P 000000001FCA8E58
C 337
R
P 000000001FCA8E58
P 000000001FF7C7D8
C 328
R
P 000000001FCA8E58
C 337
R
P 000000001FCA8E58
P 000000001FF7C7D8
C 233
R
P 000000001FCA8E58
C 337
R
P 000000001FCA8E58
P 000000001FF7C7D8
C 235
= 000000001FE6B5B8
R
P 000000001FCA8E58
C 337
R
P 000000001FCA8E58
P 000000001FE6B5B8
C 207
R
P 000000001FCA8E58
C 337
R
P 000000001FCA8E58
P 00000000202C5548
P 000000001FF7C7D8
C 299
= 000000001FE6C1B8
R
P 000000001FCA8E58
C 337
R
P 000000001FCA8E58
P 000000001FE6C1B8
C 255
R
P 000000001FCA8E58
C 337
R
P 000000001FCA8E58
P 000000001FE6C1B8
C 252
= 000000001FE6B5B8
R
P 000000001FCA8E58
C 337
R
P 000000001FCA8E58
P 000000001FE6B5B8
C 207
R
P 000000001FCA8E58
C 337
R
P 000000001FCA8E58
P 000000001FE6C1B8
C 258
R
P 000000001FCA8E58
C 337
R
P 000000001FCA8E58
P 000000001FE6C1B8
C 257
R
P 000000001FCA8E58
C 337
R
P 000000001FCA8E58
P 000000001FE6C1B8
C 256
R
P 000000001FCA8E58
C 337
R
P 000000001FCA8E58
P 000000001FE6C1B8
C 9
R
P 000000001FCA8E58
C 337
R
P 000000001FCA8E58
P 000000001FE6C1B8
C 261
R
P 000000001FCA8E58
C 337
R
P 000000001FCA8E58
P 000000001FF7C8C8
C 230
R
P 000000001FCA8E58
C 337
R
P 000000001FCA8E58
$ |p2|
C 200
R
P 000000001FCA8E58
C 337
R
P 000000001FCA8E58
$ |p2|
C 200
R
P 000000001FCA8E58
C 337
R
P 000000001FCA8E58
$ |p2|
C 200
R
P 000000001FCA8E58
C 337
R
P 000000001FCA8E58
$ |p2|
C 200
R
P 000000001FCA8E58
C 337
R
P 000000001FCA8E58
$ |p2|
C 202
R
P 000000001FCA8E58
C 337
R
P 000000001FCA8E58
P 000000001FF7C8C8
C 328
R
P 000000001FCA8E58
C 337
R
P 000000001FCA8E58
P 000000001FF7C8C8
C 233
R
P 000000001FCA8E58
C 337
R
P 000000001FCA8E58
P 000000001FF7C8C8
C 235
= 000000001FE6B5B8
R
P 000000001FCA8E58
C 337
R
P 000000001FCA8E58
P 000000001FE6B5B8
C 207
R
P 000000001FCA8E58
C 337
R
P 000000001FCA8E58
P 00000000202C5548
P 000000001FF7C8C8
C 299
= 000000001FE6C1D8
R
P 000000001FCA8E58
C 337
R
P 000000001FCA8E58
P 000000001FE6C1D8
C 255
R
P 000000001FCA8E58
C 337
R
P 000000001FCA8E58
P 000000001FE6C1D8
C 252
= 000000001FE6B5B8
R
P 000000001FCA8E58
C 337
R
P 000000001FCA8E58
P 000000001FE6B5B8
C 207
R
P 000000001FCA8E58
C 337
R
P 000000001FCA8E58
P 000000001FE6C1D8
C 258
R
P 000000001FCA8E58
C 337
R
P 000000001FCA8E58
P 000000001FE6C1D8
C 257
R
P 000000001FCA8E58
C 337
R
P 000000001FCA8E58
P 000000001FE6C1D8
C 256
R
P 000000001FCA8E58
C 337
R
P 000000001FCA8E58
P 000000001FE6C1D8
C 9
R
P 000000001FCA8E58
C 337
R
P 000000001FCA8E58
P 000000001FE6C1D8
C 261
R
P 000000001FCA8E58
C 337
R
P 000000001FCA8E58
P 00000000202C5548
C 302
R
P 000000001FCA8E58
C 337
R
P 000000001FCA8E58
P 00000000202C5548
U 0
C 303
= 000000001FF7C7D8
R
P 000000001FCA8E58
C 337
R
P 000000001FCA8E58
P 000000001FF7C7D8
C 255
R
P 000000001FCA8E58
C 337
R
P 000000001FCA8E58
P 000000001FF7C7D8
C 9
R
P 000000001FCA8E58
C 337
R
P 000000001FCA8E58
P 00000000202C5548
U 1
C 303
= 000000001FF7C8C8
R
P 000000001FCA8E58
C 337
R
P 000000001FCA8E58
P 000000001FF7C8C8
C 255
R
P 000000001FCA8E58
C 337
R
P 000000001FCA8E58
P 000000001FF7C8C8
C 9
R
P 000000001FCA8E58
C 337
R
P 000000001FCA8E58
P 000000001FF7C7D8
C 233
R
P 000000001FCA8E58
C 337
R
P 000000001FCA8E58
P 000000001FF7C7D8
C 235
= 000000001FE6B5B8
R
P 000000001FCA8E58
C 337
R
P 000000001FCA8E58
P 000000001FE6B5B8
C 207
R
P 000000001FCA8E58
C 337
R
P 000000001FCA8E58
P 00000000202C5548
P 000000001FF7C7D8
C 299
= 000000001FE6C1B8
R
P 000000001FCA8E58
C 337
R
P 000000001FCA8E58
P 000000001FE6C1B8
C 255
R
P 000000001FCA8E58
C 337
R
P 000000001FCA8E58
P 000000001FE6C1B8
C 252
= 000000001FE6B5B8
R
P 000000001FCA8E58
C 337
R
P 000000001FCA8E58
P 000000001FE6B5B8
C 207
R
P 000000001FCA8E58
C 337
R
P 000000001FCA8E58
P 000000001FE6C1B8
C 258
R
P 000000001FCA8E58
C 337
R
P 000000001FCA8E58
P 000000001FE6C1B8
C 257
R
P 000000001FCA8E58
C 337
R
P 000000001FCA8E58
P 000000001FE6C1B8
C 256
R
P 000000001FCA8E58
C 337
R
P 000000001FCA8E58
P 000000001FE6C1B8
C 9
R
P 000000001FCA8E58
C 337
R
P 000000001FCA8E58
P 000000001FF7C7D8
C 230
R
P 000000001FCA8E58
C 337
R
P 000000001FCA8E58
$ |p1|
C 200
R
P 000000001FCA8E58
C 337
R
P 000000001FCA8E58
$ |p1|
C 200
R
P 000000001FCA8E58
C 337
R
P 000000001FCA8E58
$ |p1|
C 200
R
P 000000001FCA8E58
C 337
R
P 000000001FCA8E58
$ |p1|
C 200
R
P 000000001FCA8E58
C 337
R
P 000000001FCA8E58
$ |p1|
C 202
R
P 000000001FCA8E58
C 337
R
P 000000001FCA8E58
P 000000001FE6C1B8
C 261
R
P 000000001FCA8E58
C 337
R
P 000000001FCA8E58
P 000000001FF7C8C8
C 233
R
P 000000001FCA8E58
C 337
R
P 000000001FCA8E58
P 000000001FF7C8C8
C 235
= 000000001FE6B5B8
R
P 000000001FCA8E58
C 337
R
P 000000001FCA8E58
P 000000001FE6B5B8
C 207
R
P 000000001FCA8E58
C 337
R
P 000000001FCA8E58
P 00000000202C5548
P 000000001FF7C8C8
C 299
= 000000001FE6C1D8
R
P 000000001FCA8E58
C 337
R
P 000000001FCA8E58
P 000000001FE6C1D8
C 255
R
P 000000001FCA8E58
C 337
R
P 000000001FCA8E58
P 000000001FE6C1D8
C 252
= 000000001FE6B5B8
R
P 000000001FCA8E58
C 337
R
P 000000001FCA8E58
P 000000001FE6B5B8
C 207
R
P 000000001FCA8E58
C 337
R
P 000000001FCA8E58
P 000000001FE6C1D8
C 258
R
P 000000001FCA8E58
C 337
R
P 000000001FCA8E58
P 000000001FE6C1D8
C 257
R
P 000000001FCA8E58
C 337
R
P 000000001FCA8E58
P 000000001FE6C1D8
C 256
R
P 000000001FCA8E58
C 337
R
P 000000001FCA8E58
P 000000001FE6C1D8
C 9
R
P 000000001FCA8E58
C 337
R
P 000000001FCA8E58
P 000000001FF7C8C8
C 230
R
P 000000001FCA8E58
C 337
R
P 000000001FCA8E58
$ |p2|
C 200
R
P 000000001FCA8E58
C 337
R
P 000000001FCA8E58
$ |p2|
C 200
R
P 000000001FCA8E58
C 337
R
P 000000001FCA8E58
$ |p2|
C 200
R
P 000000001FCA8E58
C 337
R
P 000000001FCA8E58
$ |p2|
C 200
R
P 000000001FCA8E58
C 337
R
P 000000001FCA8E58
$ |p2|
C 202
R
P 000000001FCA8E58
C 337
R
P 000000001FCA8E58
P 000000001FE6C1D8
C 261
R
P 000000001FCA8E58
C 337
R
P 0000000002C5E988
C 406
= 000000001FA460C8
R
P 0000000002C5E988
C 337
R
P 0000000002C5E988
P 000000001FA460C8
C 414
R
P 0000000002C5E988
C 337
R
P 0000000002C5E988
P 000000001FA460C8
C 418
R
P 0000000002C5E988
C 337
R
P 0000000002C5E988
S "p1"
C 30
R
P 0000000002C5E988
C 337
R
P 0000000002C5E988
$ |p1|
C 200
R
P 0000000002C5E988
C 337
R
P 0000000002C5E988
$ |p1|
P 0000000002C6AB68
C 51
= 0000000002C6B488
R
P 0000000002C5E988
C 337
R
P 0000000002C5E988
P 0000000002C6B488
C 255
R
P 0000000002C5E988
C 337
R
P 0000000002C5E988
P 0000000002C6B488
C 252
= 0000000002C6AB68
R
P 0000000002C5E988
C 337
R
P 0000000002C5E988
P 0000000002C6AB68
C 207
R
P 0000000002C5E988
C 337
R
P 0000000002C5E988
P 0000000002C6B488
C 258
R
P 0000000002C5E988
C 337
R
P 0000000002C5E988
P 0000000002C6B488
C 257
R
P 0000000002C5E988
C 337
R
P 0000000002C5E988
P 0000000002C6B488
C 256
R
P 0000000002C5E988
C 337
R
P 0000000002C5E988
P 0000000002C6B488
C 9
R
P 0000000002C5E988
C 337
R
P 0000000002C5E988
I 5
P 0000000002C6AB68
C 150
= 0000000002C6B4A8
R
P 0000000002C5E988
C 337
R
P 0000000002C5E988
P 0000000002C6B4A8
C 256
R
P 0000000002C5E988
C 337
R
P 0000000002C5E988
P 0000000002C6B4A8
C 9
R
P 0000000002C5E988
C 337
R
P 0000000002C5E988
P 0000000002C6B488
P 0000000002C6B4A8
C 75
= 0000000002C717F0
R
P 0000000002C5E988
C 337
R
P 0000000002C5E988
P 0000000002C717F0
C 256
R
P 0000000002C5E988
C 337
R
P 0000000002C5E988
P 0000000002C717F0
C 9
R
P 0000000002C5E988
C 337
R
P 0000000002C5E988
P 000000001FA460C8
P 0000000002C717F0
C 420
R
P 0000000002C5E988
C 337
R
P 0000000002C5E988
S "p1"
C 30
R
P 0000000002C5E988
C 337
R
P 0000000002C5E988
$ |p1|
C 200
R
P 0000000002C5E988
C 337
R
P 0000000002C5E988
$ |p1|
P 0000000002C6AB68
C 51
= 0000000002C6B488
R
P 0000000002C5E988
C 337
R
P 0000000002C5E988
P 0000000002C6B488
C 255
R
P 0000000002C5E988
C 337
R
P 0000000002C5E988
P 0000000002C6B488
C 252
= 0000000002C6AB68
R
P 0000000002C5E988
C 337
R
P 0000000002C5E988
P 0000000002C6AB68
C 207
R
P 0000000002C5E988
C 337
R
P 0000000002C5E988
P 0000000002C6B488
C 258
R
P 0000000002C5E988
C 337
R
P 0000000002C5E988
P 0000000002C6B488
C 257
R
P 0000000002C5E988
C 337
R
P 0000000002C5E988
P 0000000002C6B488
C 256
R
P 0000000002C5E988
C 337
R
P 0000000002C5E988
P 0000000002C6B488
C 9
R
P 0000000002C5E988
C 337
R
P 0000000002C5E988
I 10
P 0000000002C6AB68
C 150
= 0000000002C6B6E8
R
P 0000000002C5E988
C 337
R
P 0000000002C5E988
P 0000000002C6B6E8
C 256
R
P 0000000002C5E988
C 337
R
P 0000000002C5E988
P 0000000002C6B6E8
C 9
R
P 0000000002C5E988
C 337
R
P 0000000002C5E988
P 0000000002C6B488
P 0000000002C6B6E8
C 75
= 0000000002C71860
R
P 0000000002C5E988
C 337
R
P 0000000002C5E988
P 0000000002C71860
C 256
R
P 0000000002C5E988
C 337
R
P 0000000002C5E988
P 0000000002C71860
C 9
R
P 0000000002C5E988
C 337
R
P 0000000002C5E988
P 000000001FA460C8
P 0000000002C71860
C 420
R
P 0000000002C5E988
C 337
R
P 0000000002C5E988
S "p2"
C 30
R
P 0000000002C5E988
C 337
R
P 0000000002C5E988
$ |p2|
C 200
R
P 0000000002C5E988
C 337
R
P 0000000002C5E988
$ |p2|
P 0000000002C6AB68
C 51
= 0000000002C6B708
R
P 0000000002C5E988
C 337
R
P 0000000002C5E988
P 0000000002C6B708
C 255
R
P 0000000002C5E988
C 337
R
P 0000000002C5E988
P 0000000002C6B708
C 252
= 0000000002C6AB68
R
P 0000000002C5E988
C 337
R
P 0000000002C5E988
P 0000000002C6AB68
C 207
R
P 0000000002C5E988
C 337
R
P 0000000002C5E988
P 0000000002C6B708
C 258
R
P 0000000002C5E988
C 337
R
P 0000000002C5E988
P 0000000002C6B708
C 257
R
P 0000000002C5E988
C 337
R
P 0000000002C5E988
P 0000000002C6B708
C 256
R
P 0000000002C5E988
C 337
R
P 0000000002C5E988
P 0000000002C6B708
C 9
R
P 0000000002C5E988
C 337
R
P 0000000002C5E988
I 21
P 0000000002C6AB68
C 150
= 0000000002C6B728
R
P 0000000002C5E988
C 337
R
P 0000000002C5E988
P 0000000002C6B728
C 256
R
P 0000000002C5E988
C 337
R
P 0000000002C5E988
P 0000000002C6B728
C 9
R
P 0000000002C5E988
C 337
R
P 0000000002C5E988
P 0000000002C6B708
P 0000000002C6B728
C 73
= 0000000002C71908
R
P 0000000002C5E988
C 337
R
P 0000000002C5E988
P 0000000002C71908
C 256
R
P 0000000002C5E988
C 337
R
P 0000000002C5E988
P 0000000002C71908
C 9
R
P 0000000002C5E988
C 337
R
P 0000000002C5E988
P 000000001FA460C8
P 0000000002C71908
C 420
R
P 0000000002C5E988
C 337
R
P 0000000002C5E988
S "p2"
C 30
R
P 0000000002C5E988
C 337
R
P 0000000002C5E988
$ |p2|
C 200
R
P 0000000002C5E988
C 337
R
P 0000000002C5E988
$ |p2|
P 0000000002C6AB68
C 51
= 0000000002C6B708
R
P 0000000002C5E988
C 337
R
P 0000000002C5E988
P 0000000002C6B708
C 255
R
P 0000000002C5E988
C 337
R
P 0000000002C5E988
P 0000000002C6B708
C 252
= 0000000002C6AB68
R
P 0000000002C5E988
C 337
R
P 0000000002C5E988
P 0000000002C6AB68
C 207
R
P 0000000002C5E988
C 337
R
P 0000000002C5E988
P 0000000002C6B708
C 258
R
P 0000000002C5E988
C 337
R
P 0000000002C5E988
P 0000000002C6B708
C 257
R
P 0000000002C5E988
C 337
R
P 0000000002C5E988
P 0000000002C6B708
C 256
R
P 0000000002C5E988
C 337
R
P 0000000002C5E988
P 0000000002C6B708
C 9
R
P 0000000002C5E988
C 337
R
P 0000000002C5E988
I 15
P 0000000002C6AB68
C 150
= 0000000002C6B768
R
P 0000000002C5E988
C 337
R
P 0000000002C5E988
P 0000000002C6B768
C 256
R
P 0000000002C5E988
C 337
R
P 0000000002C5E988
P 0000000002C6B768
C 9
R
P 0000000002C5E988
C 337
R
P 0000000002C5E988
P 0000000002C6B708
P 0000000002C6B768
C 73
= 0000000002C719B0
R
P 0000000002C5E988
C 337
R
P 0000000002C5E988
P 0000000002C719B0
C 256
R
P 0000000002C5E988
C 337
R
P 0000000002C5E988
P 0000000002C719B0
C 9
R
P 0000000002C5E988
C 337
R
P 0000000002C5E988
P 000000001FA460C8
P 0000000002C719B0
C 420
R
P 0000000002C5E988
C 337
R
P 0000000002C5E988
S "p2"
C 30
R
P 0000000002C5E988
C 337
R
P 0000000002C5E988
$ |p2|
C 200
R
P 0000000002C5E988
C 337
R
P 0000000002C5E988
$ |p2|
P 0000000002C6AB68
C 51
= 0000000002C6B708
R
P 0000000002C5E988
C 337
R
P 0000000002C5E988
P 0000000002C6B708
C 255
R
P 0000000002C5E988
C 337
R
P 0000000002C5E988
P 0000000002C6B708
C 252
= 0000000002C6AB68
R
P 0000000002C5E988
C 337
R
P 0000000002C5E988
P 0000000002C6AB68
C 207
R
P 0000000002C5E988
C 337
R
P 0000000002C5E988
P 0000000002C6B708
C 258
R
P 0000000002C5E988
C 337
R
P 0000000002C5E988
P 0000000002C6B708
C 257
R
P 0000000002C5E988
C 337
R
P 0000000002C5E988
P 0000000002C6B708
C 256
R
P 0000000002C5E988
C 337
R
P 0000000002C5E988
P 0000000002C6B708
C 9
R
P 0000000002C5E988
C 337
R
P 0000000002C5E988
I 11
P 0000000002C6AB68
C 150
= 0000000002C6B7A8
R
P 0000000002C5E988
C 337
R
P 0000000002C5E988
P 0000000002C6B7A8
C 256
R
P 0000000002C5E988
C 337
R
P 0000000002C5E988
P 0000000002C6B7A8
C 9
R
P 0000000002C5E988
C 337
R
P 0000000002C5E988
P 0000000002C6B708
P 0000000002C6B7A8
C 74
= 0000000002C71B38
R
P 0000000002C5E988
C 337
R
P 0000000002C5E988
P 0000000002C71B38
C 256
R
P 0000000002C5E988
C 337
R
P 0000000002C5E988
P 0000000002C71B38
C 9
R
P 0000000002C5E988
C 337
R
P 0000000002C5E988
P 000000001FA460C8
P 0000000002C71B38
C 420
R
P 0000000002C5E988
C 337
R
P 0000000002C5E988
P 000000001FA460C8
C 425
R
P 0000000002C5E988
C 337
R
P 0000000002C5E988
P 000000001FA460C8
C 429
= 00000000201E1508
R
P 0000000002C5E988
C 337
R
P 0000000002C5E988
P 00000000201E1508
C 296
R
P 0000000002C5E988
C 337
R
P 0000000002C5E988
P 00000000201E1508
C 332
R
P 0000000002C5E988
C 337
R
P 0000000002C5E988
P 00000000201E1508
C 302
R
P 0000000002C5E988
C 337
R
P 0000000002C5E988
P 00000000201E1508
U 0
C 303
= 0000000002C6CC08
R
P 0000000002C5E988
C 337
R
P 0000000002C5E988
P 0000000002C6CC08
C 255
R
P 0000000002C5E988
C 337
R
P 0000000002C5E988
P 0000000002C6CC08
C 9
R
P 0000000002C5E988
C 337
R
P 0000000002C5E988
P 00000000201E1508
U 1
C 303
= 0000000002C6CCF8
R
P 0000000002C5E988
C 337
R
P 0000000002C5E988
P 0000000002C6CCF8
C 255
R
P 0000000002C5E988
C 337
R
P 0000000002C5E988
P 0000000002C6CCF8
C 9
R
P 0000000002C5E988
C 337
R
P 0000000002C5E988
P 0000000002C6CC08
C 230
R
P 0000000002C5E988
C 337
R
P 0000000002C5E988
$ |p1|
C 200
R
P 0000000002C5E988
C 337
R
P 0000000002C5E988
$ |p1|
C 200
R
P 0000000002C5E988
C 337
R
P 0000000002C5E988
$ |p1|
C 200
R
P 0000000002C5E988
C 337
R
P 0000000002C5E988
$ |p1|
C 200
R
P 0000000002C5E988
C 337
R
P 0000000002C5E988
$ |p1|
C 202
R
P 0000000002C5E988
C 337
R
P 0000000002C5E988
P 0000000002C6CC08
C 328
R
P 0000000002C5E988
C 337
R
P 0000000002C5E988
P 0000000002C6CC08
C 233
R
P 0000000002C5E988
C 337
R
P 0000000002C5E988
P 0000000002C6CC08
C 235
= 0000000002C6AB68
R
P 0000000002C5E988
C 337
R
P 0000000002C5E988
P 0000000002C6AB68
C 207
R
P 0000000002C5E988
C 337
R
P 0000000002C5E988
P 00000000201E1508
P 0000000002C6CC08
C 299
= 0000000002C6B7A8
R
P 0000000002C5E988
C 337
R
P 0000000002C5E988
P 0000000002C6B7A8
C 255
R
P 0000000002C5E988
C 337
R
P 0000000002C5E988
P 0000000002C6B7A8
C 252
= 0000000002C6AB68
R
P 0000000002C5E988
C 337
R
P 0000000002C5E988
P 0000000002C6AB68
C 207
R
P 0000000002C5E988
C 337
R
P 0000000002C5E988
P 0000000002C6B7A8
C 258
R
P 0000000002C5E988
C 337
R
P 0000000002C5E988
P 0000000002C6B7A8
C 257
R
P 0000000002C5E988
C 337
R
P 0000000002C5E988
P 0000000002C6B7A8
C 256
R
P 0000000002C5E988
C 337
R
P 0000000002C5E988
P 0000000002C6B7A8
C 9
R
P 0000000002C5E988
C 337
R
P 0000000002C5E988
P 0000000002C6B7A8
C 261
R
P 0000000002C5E988
C 337
R
P 0000000002C5E988
P 0000000002C6CCF8
C 230
R
P 0000000002C5E988
C 337
R
P 0000000002C5E988
$ |p2|
C 200
R
P 0000000002C5E988
C 337
R
P 0000000002C5E988
$ |p2|
C 200
R
P 0000000002C5E988
C 337
R
P 0000000002C5E988
$ |p2|
C 200
R
P 0000000002C5E988
C 337
R
P 0000000002C5E988
$ |p2|
C 200
R
P 0000000002C5E988
C 337
R
P 0000000002C5E988
$ |p2|
C 202
R
P 0000000002C5E988
C 337
R
P 0000000002C5E988
P 0000000002C6CCF8
C 328
R
P 0000000002C5E988
C 337
R
P 0000000002C5E988
P 0000000002C6CCF8
C 233
R
P 0000000002C5E988
C 337
R
P 0000000002C5E988
P 0000000002C6CCF8
C 235
= 0000000002C6AB68
R
P 0000000002C5E988
C 337
R
P 0000000002C5E988
P 0000000002C6AB68
C 207
R
P 0000000002C5E988
C 337
R
P 0000000002C5E988
P 00000000201E1508
P 0000000002C6CCF8
C 299
= 0000000002C6B7E8
R
P 0000000002C5E988
C 337
R
P 0000000002C5E988
P 0000000002C6B7E8
C 255
R
P 0000000002C5E988
C 337
R
P 0000000002C5E988
P 0000000002C6B7E8
C 252
= 0000000002C6AB68
R
P 0000000002C5E988
C 337
R
P 0000000002C5E988
P 0000000002C6AB68
C 207
R
P 0000000002C5E988
C 337
R
P 0000000002C5E988
P 0000000002C6B7E8
C 258
R
P 0000000002C5E988
C 337
R
P 0000000002C5E988
P 0000000002C6B7E8
C 257
R
P 0000000002C5E988
C 337
R
P 0000000002C5E988
P 0000000002C6B7E8
C 256
R
P 0000000002C5E988
C 337
R
P 0000000002C5E988
P 0000000002C6B7E8
C 9
R
P 0000000002C5E988
C 337
R
P 0000000002C5E988
P 0000000002C6B7E8
C 261
R
P 0000000002C5E988
C 337
R
C 3
= 00000000204167E8
R
P 00000000204167E8
S "model"
S "true"
C 5
R
P 00000000204167E8
C 7
= 000000001FCF2A18
R
P 00000000204167E8
C 4
R
P 000000001FCF2A18
U 2
C 327
R
P 000000001FCF2A18
C 337
R
P 000000001FCF2A18
C 406
= 000000001FF59E88
R
P 000000001FCF2A18
C 337
R
P 000000001FCF2A18
P 000000001FF59E88
C 414
R
P 000000001FCF2A18
C 337
R
P 000000001FCF2A18
P 000000001FF59E88
C 418
R
P 000000001FCF2A18
C 337
R
P 000000001FCF2A18
C 33
= 000000002037F708
R
P 000000001FCF2A18
C 337
R
P 000000001FCF2A18
P 000000002037F708
C 255
R
P 000000001FCF2A18
C 337
R
P 000000001FCF2A18
P 000000002037F708
C 9
R
P 000000001FCF2A18
C 337
R
P 000000001FCF2A18
S "p1"
C 30
R
P 000000001FCF2A18
C 337
R
P 000000001FCF2A18
$ |p1|
C 200
R
P 000000001FCF2A18
C 337
R
P 000000001FCF2A18
$ |p1|
P 000000002037F708
C 51
= 0000000020380028
R
P 000000001FCF2A18
C 337
R
P 000000001FCF2A18
P 0000000020380028
C 255
R
P 000000001FCF2A18
C 337
R
P 000000001FCF2A18
P 0000000020380028
C 252
= 000000002037F708
R
P 000000001FCF2A18
C 337
R
P 000000001FCF2A18
P 000000002037F708
C 207
R
P 000000001FCF2A18
C 337
R
P 000000001FCF2A18
P 0000000020380028
C 258
R
P 000000001FCF2A18
C 337
R
P 000000001FCF2A18
P 0000000020380028
C 257
R
P 000000001FCF2A18
C 337
R
P 000000001FCF2A18
P 0000000020380028
C 256
R
P 000000001FCF2A18
C 337
R
P 000000001FCF2A18
P 0000000020380028
C 9
R
P 000000001FCF2A18
C 337
R
P 000000001FCF2A18
I 5
P 000000002037F708
C 150
= 0000000020380048
R
P 000000001FCF2A18
C 337
R
P 000000001FCF2A18
P 0000000020380048
C 256
R
P 000000001FCF2A18
C 337
R
P 000000001FCF2A18
P 0000000020380048
C 9
R
P 000000001FCF2A18
C 337
R
P 000000001FCF2A18
P 0000000020380028
P 0000000020380048
C 75
= 000000001FF88BF0
R
P 000000001FCF2A18
C 337
R
P 000000001FCF2A18
P 000000001FF88BF0
C 256
R
P 000000001FCF2A18
C 337
R
P 000000001FCF2A18
P 000000001FF88BF0
C 9
R
P 000000001FCF2A18
C 337
R
P 000000001FCF2A18
P 000000001FF59E88
P 000000001FF88BF0
C 420
R
P 000000001FCF2A18
C 337
R
P 000000001FCF2A18
S "p1"
C 30
R
P 000000001FCF2A18
C 337
R
P 000000001FCF2A18
$ |p1|
C 200
R
P 000000001FCF2A18
C 337
R
P 000000001FCF2A18
$ |p1|
P 000000002037F708
C 51
= 0000000020380028
R
P 000000001FCF2A18
C 337
R
P 000000001FCF2A18
P 0000000020380028
C 255
R
P 000000001FCF2A18
C 337
R
P 000000001FCF2A18
P 0000000020380028
C 252
= 000000002037F708
R
P 000000001FCF2A18
C 337
R
P 000000001FCF2A18
P 000000002037F708
C 207
R
P 000000001FCF2A18
C 337
R
P 000000001FCF2A18
P 0000000020380028
C 258
R
P 000000001FCF2A18
C 337
R
P 000000001FCF2A18
P 0000000020380028
C 257
R
P 000000001FCF2A18
C 337
R
P 000000001FCF2A18
P 0000000020380028
C 256
R
P 000000001FCF2A18
C 337
R
P 000000001FCF2A18
P 0000000020380028
C 9
R
P 000000001FCF2A18
C 337
R
P 000000001FCF2A18
I 10
P 000000002037F708
C 150
= 0000000020380288
R
P 000000001FCF2A18
C 337
R
P 000000001FCF2A18
P 0000000020380288
C 256
R
P 000000001FCF2A18
C 337
R
P 000000001FCF2A18
P 0000000020380288
C 9
R
P 000000001FCF2A18
C 337
R
P 000000001FCF2A18
P 0000000020380028
P 0000000020380288
C 75
= 000000001FF88C60
R
P 000000001FCF2A18
C 337
R
P 000000001FCF2A18
P 000000001FF88C60
C 256
R
P 000000001FCF2A18
C 337
R
P 000000001FCF2A18
P 000000001FF88C60
C 9
R
P 000000001FCF2A18
C 337
R
P 000000001FCF2A18
P 000000001FF59E88
P 000000001FF88C60
C 420
R
P 000000001FCF2A18
C 337
R
P 000000001FCF2A18
S "p2"
C 30
R
P 000000001FCF2A18
C 337
R
P 000000001FCF2A18
$ |p2|
C 200
R
P 000000001FCF2A18
C 337
R
P 000000001FCF2A18
$ |p2|
P 000000002037F708
C 51
= 00000000203802A8
R
P 000000001FCF2A18
C 337
R
P 000000001FCF2A18
P 00000000203802A8
C 255
R
P 000000001FCF2A18
C 337
R
P 000000001FCF2A18
P 00000000203802A8
C 252
= 000000002037F708
R
P 000000001FCF2A18
C 337
R
P 000000001FCF2A18
P 000000002037F708
C 207
R
P 000000001FCF2A18
C 337
R
P 000000001FCF2A18
P 00000000203802A8
C 258
R
P 000000001FCF2A18
C 337
R
P 000000001FCF2A18
P 00000000203802A8
C 257
R
P 000000001FCF2A18
C 337
R
P 000000001FCF2A18
P 00000000203802A8
C 256
R
P 000000001FCF2A18
C 337
R
P 000000001FCF2A18
P 00000000203802A8
C 9
R
P 000000001FCF2A18
C 337
R
P 000000001FCF2A18
I 21
P 000000002037F708
C 150
= 00000000203802C8
R
P 000000001FCF2A18
C 337
R
P 000000001FCF2A18
P 00000000203802C8
C 256
R
P 000000001FCF2A18
C 337
R
P 000000001FCF2A18
P 00000000203802C8
C 9
R
P 000000001FCF2A18
C 337
R
P 000000001FCF2A18
P 00000000203802A8
P 00000000203802C8
C 73
= 000000001FF88C98
R
P 000000001FCF2A18
C 337
R
P 000000001FCF2A18
P 000000001FF88C98
C 256
R
P 000000001FCF2A18
C 337
R
P 000000001FCF2A18
P 000000001FF88C98
C 9
R
P 000000001FCF2A18
C 337
R
P 000000001FCF2A18
P 000000001FF59E88
P 000000001FF88C98
C 420
R
P 000000001FCF2A18
C 337
R
P 000000001FCF2A18
S "p2"
C 30
R
P 000000001FCF2A18
C 337
R
P 000000001FCF2A18
$ |p2|
C 200
R
P 000000001FCF2A18
C 337
R
P 000000001FCF2A18
$ |p2|
P 000000002037F708
C 51
= 00000000203802A8
R
P 000000001FCF2A18
C 337
R
P 000000001FCF2A18
P 00000000203802A8
C 255
R
P 000000001FCF2A18
C 337
R
P 000000001FCF2A18
P 00000000203802A8
C 252
= 000000002037F708
R
P 000000001FCF2A18
C 337
R
P 000000001FCF2A18
P 000000002037F708
C 207
R
P 000000001FCF2A18
C 337
R
P 000000001FCF2A18
P 00000000203802A8
C 258
R
P 000000001FCF2A18
C 337
R
P 000000001FCF2A18
P 00000000203802A8
C 257
R
P 000000001FCF2A18
C 337
R
P 000000001FCF2A18
P 00000000203802A8
C 256
R
P 000000001FCF2A18
C 337
R
P 000000001FCF2A18
P 00000000203802A8
C 9
R
P 000000001FCF2A18
C 337
R
P 000000001FCF2A18
I 15
P 000000002037F708
C 150
= 00000000203802E8
R
P 000000001FCF2A18
C 337
R
P 000000001FCF2A18
P 00000000203802E8
C 256
R
P 000000001FCF2A18
C 337
R
P 000000001FCF2A18
P 00000000203802E8
C 9
R
P 000000001FCF2A18
C 337
R
P 000000001FCF2A18
P 00000000203802A8
P 00000000203802E8
C 73
= 000000001FF88CD0
R
P 000000001FCF2A18
C 337
R
P 000000001FCF2A18
P 000000001FF88CD0
C 256
R
P 000000001FCF2A18
C 337
R
P 000000001FCF2A18
P 000000001FF88CD0
C 9
R
P 000000001FCF2A18
C 337
R
P 000000001FCF2A18
P 000000001FF59E88
P 000000001FF88CD0
C 420
R
P 000000001FCF2A18
C 337
R
P 000000001FCF2A18
S "p2"
C 30
R
P 000000001FCF2A18
C 337
R
P 000000001FCF2A18
$ |p2|
C 200
R
P 000000001FCF2A18
C 337
R
P 000000001FCF2A18
$ |p2|
P 000000002037F708
C 51
= 00000000203802A8
R
P 000000001FCF2A18
C 337
R
P 000000001FCF2A18
P 00000000203802A8
C 255
R
P 000000001FCF2A18
C 337
R
P 000000001FCF2A18
P 00000000203802A8
C 252
= 000000002037F708
R
P 000000001FCF2A18
C 337
R
P 000000001FCF2A18
P 000000002037F708
C 207
R
P 000000001FCF2A18
C 337
R
P 000000001FCF2A18
P 00000000203802A8
C 258
R
P 000000001FCF2A18
C 337
R
P 000000001FCF2A18
P 00000000203802A8
C 257
R
P 000000001FCF2A18
C 337
R
P 000000001FCF2A18
P 00000000203802A8
C 256
R
P 000000001FCF2A18
C 337
R
P 000000001FCF2A18
P 00000000203802A8
C 9
R
P 000000001FCF2A18
C 337
R
P 000000001FCF2A18
I 11
P 000000002037F708
C 150
= 0000000020380308
R
P 000000001FCF2A18
C 337
R
P 000000001FCF2A18
P 0000000020380308
C 256
R
P 000000001FCF2A18
C 337
R
P 000000001FCF2A18
P 0000000020380308
C 9
R
P 000000001FCF2A18
C 337
R
P 000000001FCF2A18
P 00000000203802A8
P 0000000020380308
C 75
= 000000001FF88D08
R
P 000000001FCF2A18
C 337
R
P 000000001FCF2A18
P 000000001FF88D08
C 256
R
P 000000001FCF2A18
C 337
R
P 000000001FCF2A18
P 000000001FF88D08
C 9
R
P 000000001FCF2A18
C 337
R
P 000000001FCF2A18
P 000000001FF59E88
P 000000001FF88D08
C 420
R
P 000000001FCF2A18
C 337
R
P 000000001FCF2A18
P 000000001FF59E88
C 425
R
P 000000001FCF2A18
C 337
R
P 000000001FCF2A18
P 000000001FF59E88
C 429
= 00000000206039A8
R
P 000000001FCF2A18
C 337
R
P 000000001FCF2A18
P 00000000206039A8
C 296
R
P 000000001FCF2A18
C 337
R
P 000000001FCF2A18
P 00000000206039A8
C 332
R
P 000000001FCF2A18
C 337
R
P 000000001FCF2A18
P 00000000206039A8
C 302
R
P 000000001FCF2A18
C 337
R
P 000000001FCF2A18
P 00000000206039A8
U 0
C 303
= 0000000020399868
R
P 000000001FCF2A18
C 337
R
P 000000001FCF2A18
P 0000000020399868
C 255
R
P 000000001FCF2A18
C 337
R
P 000000001FCF2A18
P 0000000020399868
C 9
R
P 000000001FCF2A18
C 337
R
P 000000001FCF2A18
P 00000000206039A8
U 1
C 303
= 0000000020399958
R
P 000000001FCF2A18
C 337
R
P 000000001FCF2A18
P 0000000020399958
C 255
R
P 000000001FCF2A18
C 337
R
P 000000001FCF2A18
P 0000000020399958
C 9
R
P 000000001FCF2A18
C 337
R
P 000000001FCF2A18
P 0000000020399868
C 230
R
P 000000001FCF2A18
C 337
R
P 000000001FCF2A18
$ |p1|
C 200
R
P 000000001FCF2A18
C 337
R
P 000000001FCF2A18
$ |p1|
C 200
R
P 000000001FCF2A18
C 337
R
P 000000001FCF2A18
$ |p1|
C 200
R
P 000000001FCF2A18
C 337
R
P 000000001FCF2A18
$ |p1|
C 200
R
P 000000001FCF2A18
C 337
R
P 000000001FCF2A18
$ |p1|
C 202
R
P 000000001FCF2A18
C 337
R
P 000000001FCF2A18
P 0000000020399868
C 328
R
P 000000001FCF2A18
C 337
R
P 000000001FCF2A18
P 0000000020399868
C 233
R
P 000000001FCF2A18
C 337
R
P 000000001FCF2A18
P 0000000020399868
C 235
= 000000002037F708
R
P 000000001FCF2A18
C 337
R
P 000000001FCF2A18
P 000000002037F708
C 207
R
P 000000001FCF2A18
C 337
R
P 000000001FCF2A18
P 00000000206039A8
P 0000000020399868
C 299
= 0000000020380308
R
P 000000001FCF2A18
C 337
R
P 000000001FCF2A18
P 0000000020380308
C 255
R
P 000000001FCF2A18
C 337
R
P 000000001FCF2A18
P 0000000020380308
C 252
= 000000002037F708
R
P 000000001FCF2A18
C 337
R
P 000000001FCF2A18
P 000000002037F708
C 207
R
P 000000001FCF2A18
C 337
R
P 000000001FCF2A18
P 0000000020380308
C 258
R
P 000000001FCF2A18
C 337
R
P 000000001FCF2A18
P 0000000020380308
C 257
R
P 000000001FCF2A18
C 337
R
P 000000001FCF2A18
P 0000000020380308
C 256
R
P 000000001FCF2A18
C 337
R
P 000000001FCF2A18
P 0000000020380308
C 9
R
P 000000001FCF2A18
C 337
R
P 000000001FCF2A18
P 0000000020380308
C 261
R
P 000000001FCF2A18
C 337
R
P 000000001FCF2A18
P 0000000020399958
C 230
R
P 000000001FCF2A18
C 337
R
P 000000001FCF2A18
$ |p2|
C 200
R
P 000000001FCF2A18
C 337
R
P 000000001FCF2A18
$ |p2|
C 200
R
P 000000001FCF2A18
C 337
R
P 000000001FCF2A18
$ |p2|
C 200
R
P 000000001FCF2A18
C 337
R
P 000000001FCF2A18
$ |p2|
C 200
R
P 000000001FCF2A18
C 337
R
P 000000001FCF2A18
$ |p2|
C 202
R
P 000000001FCF2A18
C 337
R
P 000000001FCF2A18
P 0000000020399958
C 328
R
P 000000001FCF2A18
C 337
R
P 000000001FCF2A18
P 0000000020399958
C 233
R
P 000000001FCF2A18
C 337
R
P 000000001FCF2A18
P 0000000020399958
C 235
= 000000002037F708
R
P 000000001FCF2A18
C 337
R
P 000000001FCF2A18
P 000000002037F708
C 207
R
P 000000001FCF2A18
C 337
R
P 000000001FCF2A18
P 00000000206039A8
P 0000000020399958
C 299
= 0000000020380328
R
P 000000001FCF2A18
C 337
R
P 000000001FCF2A18
P 0000000020380328
C 255
R
P 000000001FCF2A18
C 337
R
P 000000001FCF2A18
P 0000000020380328
C 252
= 000000002037F708
R
P 000000001FCF2A18
C 337
R
P 000000001FCF2A18
P 000000002037F708
C 207
R
P 000000001FCF2A18
C 337
R
P 000000001FCF2A18
P 0000000020380328
C 258
R
P 000000001FCF2A18
C 337
R
P 000000001FCF2A18
P 0000000020380328
C 257
R
P 000000001FCF2A18
C 337
R
P 000000001FCF2A18
P 0000000020380328
C 256
R
P 000000001FCF2A18
C 337
R
P 000000001FCF2A18
P 0000000020380328
C 9
R
P 000000001FCF2A18
C 337
R
P 000000001FCF2A18
P 0000000020380328
C 261
R
P 000000001FCF2A18
C 337
R
P 000000001FCF2A18
P 00000000206039A8
C 302
R
P 000000001FCF2A18
C 337
R
P 000000001FCF2A18
P 00000000206039A8
U 0
C 303
= 0000000020399868
R
P 000000001FCF2A18
C 337
R
P 000000001FCF2A18
P 0000000020399868
C 255
R
P 000000001FCF2A18
C 337
R
P 000000001FCF2A18
P 0000000020399868
C 9
R
P 000000001FCF2A18
C 337
R
P 000000001FCF2A18
P 00000000206039A8
U 1
C 303
= 0000000020399958
R
P 000000001FCF2A18
C 337
R
P 000000001FCF2A18
P 0000000020399958
C 255
R
P 000000001FCF2A18
C 337
R
P 000000001FCF2A18
P 0000000020399958
C 9
R
P 000000001FCF2A18
C 337
R
P 000000001FCF2A18
P 0000000020399868
C 233
R
P 000000001FCF2A18
C 337
R
P 000000001FCF2A18
P 0000000020399868
C 235
= 000000002037F708
R
P 000000001FCF2A18
C 337
R
P 000000001FCF2A18
P 000000002037F708
C 207
R
P 000000001FCF2A18
C 337
R
P 000000001FCF2A18
P 00000000206039A8
P 0000000020399868
C 299
= 0000000020380308
R
P 000000001FCF2A18
C 337
R
P 000000001FCF2A18
P 0000000020380308
C 255
R
P 000000001FCF2A18
C 337
R
P 000000001FCF2A18
P 0000000020380308
C 252
= 000000002037F708
R
P 000000001FCF2A18
C 337
R
P 000000001FCF2A18
P 000000002037F708
C 207
R
P 000000001FCF2A18
C 337
R
P 000000001FCF2A18
P 0000000020380308
C 258
R
P 000000001FCF2A18
C 337
R
P 000000001FCF2A18
P 0000000020380308
C 257
R
P 000000001FCF2A18
C 337
R
P 000000001FCF2A18
P 0000000020380308
C 256
R
P 000000001FCF2A18
C 337
R
P 000000001FCF2A18
P 0000000020380308
C 9
R
P 000000001FCF2A18
C 337
R
P 000000001FCF2A18
P 0000000020399868
C 230
R
P 000000001FCF2A18
C 337
R
P 000000001FCF2A18
$ |p1|
C 200
R
P 000000001FCF2A18
C 337
R
P 000000001FCF2A18
$ |p1|
C 200
R
P 000000001FCF2A18
C 337
R
P 000000001FCF2A18
$ |p1|
C 200
R
P 000000001FCF2A18
C 337
R
P 000000001FCF2A18
$ |p1|
C 200
R
P 000000001FCF2A18
C 337
R
P 000000001FCF2A18
$ |p1|
C 202
R
P 000000001FCF2A18
C 337
R
P 000000001FCF2A18
P 0000000020380308
C 261
R
P 000000001FCF2A18
C 337
R
P 000000001FCF2A18
P 0000000020399958
C 233
R
P 000000001FCF2A18
C 337
R
P 000000001FCF2A18
P 0000000020399958
C 235
= 000000002037F708
R
P 000000001FCF2A18
C 337
R
P 000000001FCF2A18
P 000000002037F708
C 207
R
P 000000001FCF2A18
C 337
R
P 000000001FCF2A18
P 00000000206039A8
P 0000000020399958
C 299
= 0000000020380328
R
P 000000001FCF2A18
C 337
R
P 000000001FCF2A18
P 0000000020380328
C 255
R
P 000000001FCF2A18
C 337
R
P 000000001FCF2A18
P 0000000020380328
C 252
= 000000002037F708
R
P 000000001FCF2A18
C 337
R
P 000000001FCF2A18
P 000000002037F708
C 207
R
P 000000001FCF2A18
C 337
R
P 000000001FCF2A18
P 0000000020380328
C 258
R
P 000000001FCF2A18
C 337
R
P 000000001FCF2A18
P 0000000020380328
C 257
R
P 000000001FCF2A18
C 337
R
P 000000001FCF2A18
P 0000000020380328
C 256
R
P 000000001FCF2A18
C 337
R
P 000000001FCF2A18
P 0000000020380328
C 9
R
P 000000001FCF2A18
C 337
R
P 000000001FCF2A18
P 0000000020399958
C 230
R
P 000000001FCF2A18
C 337
R
P 000000001FCF2A18
$ |p2|
C 200
R
P 000000001FCF2A18
C 337
R
P 000000001FCF2A18
$ |p2|
C 200
R
P 000000001FCF2A18
C 337
R
P 000000001FCF2A18
$ |p2|
C 200
R
P 000000001FCF2A18
C 337
R
P 000000001FCF2A18
$ |p2|
C 200
R
P 000000001FCF2A18
C 337
R
P 000000001FCF2A18
$ |p2|
C 202
R
P 000000001FCF2A18
C 337
R
P 000000001FCF2A18
P 0000000020380328
C 261
R
P 000000001FCF2A18
C 337
R
P 0000000002C5E988
C 406
= 000000001FF5A298
R
P 0000000002C5E988
C 337
R
P 0000000002C5E988
P 000000001FF5A298
C 414
R
P 0000000002C5E988
C 337
R
P 0000000002C5E988
P 000000001FF5A298
C 418
R
P 0000000002C5E988
C 337
R
P 0000000002C5E988
S "p1"
C 30
R
P 0000000002C5E988
C 337
R
P 0000000002C5E988
$ |p1|
C 200
R
P 0000000002C5E988
C 337
R
P 0000000002C5E988
$ |p1|
P 0000000002C6AB68
C 51
= 0000000002C6B488
R
P 0000000002C5E988
C 337
R
P 0000000002C5E988
P 0000000002C6B488
C 255
R
P 0000000002C5E988
C 337
R
P 0000000002C5E988
P 0000000002C6B488
C 252
= 0000000002C6AB68
R
P 0000000002C5E988
C 337
R
P 0000000002C5E988
P 0000000002C6AB68
C 207
R
P 0000000002C5E988
C 337
R
P 0000000002C5E988
P 0000000002C6B488
C 258
R
P 0000000002C5E988
C 337
R
P 0000000002C5E988
P 0000000002C6B488
C 257
R
P 0000000002C5E988
C 337
R
P 0000000002C5E988
P 0000000002C6B488
C 256
R
P 0000000002C5E988
C 337
R
P 0000000002C5E988
P 0000000002C6B488
C 9
R
P 0000000002C5E988
C 337
R
P 0000000002C5E988
I 5
P 0000000002C6AB68
C 150
= 0000000002C6B4A8
R
P 0000000002C5E988
C 337
R
P 0000000002C5E988
P 0000000002C6B4A8
C 256
R
P 0000000002C5E988
C 337
R
P 0000000002C5E988
P 0000000002C6B4A8
C 9
R
P 0000000002C5E988
C 337
R
P 0000000002C5E988
P 0000000002C6B488
P 0000000002C6B4A8
C 75
= 0000000002C717F0
R
P 0000000002C5E988
C 337
R
P 0000000002C5E988
P 0000000002C717F0
C 256
R
P 0000000002C5E988
C 337
R
P 0000000002C5E988
P 0000000002C717F0
C 9
R
P 0000000002C5E988
C 337
R
P 0000000002C5E988
P 000000001FF5A298
P 0000000002C717F0
C 420
R
P 0000000002C5E988
C 337
R
P 0000000002C5E988
S "p1"
C 30
R
P 0000000002C5E988
C 337
R
P 0000000002C5E988
$ |p1|
C 200
R
P 0000000002C5E988
C 337
R
P 0000000002C5E988
$ |p1|
P 0000000002C6AB68
C 51
= 0000000002C6B488
R
P 0000000002C5E988
C 337
R
P 0000000002C5E988
P 0000000002C6B488
C 255
R
P 0000000002C5E988
C 337
R
P 0000000002C5E988
P 0000000002C6B488
C 252
= 0000000002C6AB68
R
P 0000000002C5E988
C 337
R
P 0000000002C5E988
P 0000000002C6AB68
C 207
R
P 0000000002C5E988
C 337
R
P 0000000002C5E988
P 0000000002C6B488
C 258
R
P 0000000002C5E988
C 337
R
P 0000000002C5E988
P 0000000002C6B488
C 257
R
P 0000000002C5E988
C 337
R
P 0000000002C5E988
P 0000000002C6B488
C 256
R
P 0000000002C5E988
C 337
R
P 0000000002C5E988
P 0000000002C6B488
C 9
R
P 0000000002C5E988
C 337
R
P 0000000002C5E988
I 10
P 0000000002C6AB68
C 150
= 0000000002C6B6E8
R
P 0000000002C5E988
C 337
R
P 0000000002C5E988
P 0000000002C6B6E8
C 256
R
P 0000000002C5E988
C 337
R
P 0000000002C5E988
P 0000000002C6B6E8
C 9
R
P 0000000002C5E988
C 337
R
P 0000000002C5E988
P 0000000002C6B488
P 0000000002C6B6E8
C 75
= 0000000002C71860
R
P 0000000002C5E988
C 337
R
P 0000000002C5E988
P 0000000002C71860
C 256
R
P 0000000002C5E988
C 337
R
P 0000000002C5E988
P 0000000002C71860
C 9
R
P 0000000002C5E988
C 337
R
P 0000000002C5E988
P 000000001FF5A298
P 0000000002C71860
C 420
R
P 0000000002C5E988
C 337
R
P 0000000002C5E988
S "p2"
C 30
R
P 0000000002C5E988
C 337
R
P 0000000002C5E988
$ |p2|
C 200
R
P 0000000002C5E988
C 337
R
P 0000000002C5E988
$ |p2|
P 0000000002C6AB68
C 51
= 0000000002C6B708
R
P 0000000002C5E988
C 337
R
P 0000000002C5E988
P 0000000002C6B708
C 255
R
P 0000000002C5E988
C 337
R
P 0000000002C5E988
P 0000000002C6B708
C 252
= 0000000002C6AB68
R
P 0000000002C5E988
C 337
R
P 0000000002C5E988
P 0000000002C6AB68
C 207
R
P 0000000002C5E988
C 337
R
P 0000000002C5E988
P 0000000002C6B708
C 258
R
P 0000000002C5E988
C 337
R
P 0000000002C5E988
P 0000000002C6B708
C 257
R
P 0000000002C5E988
C 337
R
P 0000000002C5E988
P 0000000002C6B708
C 256
R
P 0000000002C5E988
C 337
R
P 0000000002C5E988
P 0000000002C6B708
C 9
R
P 0000000002C5E988
C 337
R
P 0000000002C5E988
I 21
P 0000000002C6AB68
C 150
= 0000000002C6B728
R
P 0000000002C5E988
C 337
R
P 0000000002C5E988
P 0000000002C6B728
C 256
R
P 0000000002C5E988
C 337
R
P 0000000002C5E988
P 0000000002C6B728
C 9
R
P 0000000002C5E988
C 337
R
P 0000000002C5E988
P 0000000002C6B708
P 0000000002C6B728
C 73
= 0000000002C71908
R
P 0000000002C5E988
C 337
R
P 0000000002C5E988
P 0000000002C71908
C 256
R
P 0000000002C5E988
C 337
R
P 0000000002C5E988
P 0000000002C71908
C 9
R
P 0000000002C5E988
C 337
R
P 0000000002C5E988
P 000000001FF5A298
P 0000000002C71908
C 420
R
P 0000000002C5E988
C 337
R
P 0000000002C5E988
S "p2"
C 30
R
P 0000000002C5E988
C 337
R
P 0000000002C5E988
$ |p2|
C 200
R
P 0000000002C5E988
C 337
R
P 0000000002C5E988
$ |p2|
P 0000000002C6AB68
C 51
= 0000000002C6B708
R
P 0000000002C5E988
C 337
R
P 0000000002C5E988
P 0000000002C6B708
C 255
R
P 0000000002C5E988
C 337
R
P 0000000002C5E988
P 0000000002C6B708
C 252
= 0000000002C6AB68
R
P 0000000002C5E988
C 337
R
P 0000000002C5E988
P 0000000002C6AB68
C 207
R
P 0000000002C5E988
C 337
R
P 0000000002C5E988
P 0000000002C6B708
C 258
R
P 0000000002C5E988
C 337
R
P 0000000002C5E988
P 0000000002C6B708
C 257
R
P 0000000002C5E988
C 337
R
P 0000000002C5E988
P 0000000002C6B708
C 256
R
P 0000000002C5E988
C 337
R
P 0000000002C5E988
P 0000000002C6B708
C 9
R
P 0000000002C5E988
C 337
R
P 0000000002C5E988
I 15
P 0000000002C6AB68
C 150
= 0000000002C6B768
R
P 0000000002C5E988
C 337
R
P 0000000002C5E988
P 0000000002C6B768
C 256
R
P 0000000002C5E988
C 337
R
P 0000000002C5E988
P 0000000002C6B768
C 9
R
P 0000000002C5E988
C 337
R
P 0000000002C5E988
P 0000000002C6B708
P 0000000002C6B768
C 73
= 0000000002C719B0
R
P 0000000002C5E988
C 337
R
P 0000000002C5E988
P 0000000002C719B0
C 256
R
P 0000000002C5E988
C 337
R
P 0000000002C5E988
P 0000000002C719B0
C 9
R
P 0000000002C5E988
C 337
R
P 0000000002C5E988
P 000000001FF5A298
P 0000000002C719B0
C 420
R
P 0000000002C5E988
C 337
R
P 0000000002C5E988
S "p2"
C 30
R
P 0000000002C5E988
C 337
R
P 0000000002C5E988
$ |p2|
C 200
R
P 0000000002C5E988
C 337
R
P 0000000002C5E988
$ |p2|
P 0000000002C6AB68
C 51
= 0000000002C6B708
R
P 0000000002C5E988
C 337
R
P 0000000002C5E988
P 0000000002C6B708
C 255
R
P 0000000002C5E988
C 337
R
P 0000000002C5E988
P 0000000002C6B708
C 252
= 0000000002C6AB68
R
P 0000000002C5E988
C 337
R
P 0000000002C5E988
P 0000000002C6AB68
C 207
R
P 0000000002C5E988
C 337
R
P 0000000002C5E988
P 0000000002C6B708
C 258
R
P 0000000002C5E988
C 337
R
P 0000000002C5E988
P 0000000002C6B708
C 257
R
P 0000000002C5E988
C 337
R
P 0000000002C5E988
P 0000000002C6B708
C 256
R
P 0000000002C5E988
C 337
R
P 0000000002C5E988
P 0000000002C6B708
C 9
R
P 0000000002C5E988
C 337
R
P 0000000002C5E988
I 11
P 0000000002C6AB68
C 150
= 0000000002C6B7A8
R
P 0000000002C5E988
C 337
R
P 0000000002C5E988
P 0000000002C6B7A8
C 256
R
P 0000000002C5E988
C 337
R
P 0000000002C5E988
P 0000000002C6B7A8
C 9
R
P 0000000002C5E988
C 337
R
P 0000000002C5E988
P 0000000002C6B708
P 0000000002C6B7A8
C 75
= 0000000002C71BE0
R
P 0000000002C5E988
C 337
R
P 0000000002C5E988
P 0000000002C71BE0
C 256
R
P 0000000002C5E988
C 337
R
P 0000000002C5E988
P 0000000002C71BE0
C 9
R
P 0000000002C5E988
C 337
R
P 0000000002C5E988
P 000000001FF5A298
P 0000000002C71BE0
C 420
R
P 0000000002C5E988
C 337
R
P 0000000002C5E988
P 000000001FF5A298
C 425
R
P 0000000002C5E988
C 337
R
P 0000000002C5E988
P 000000001FF5A298
C 429
= 00000000206059F8
R
P 0000000002C5E988
C 337
R
P 0000000002C5E988
P 00000000206059F8
C 296
R
P 0000000002C5E988
C 337
R
P 0000000002C5E988
P 00000000206059F8
C 332
R
P 0000000002C5E988
C 337
R
P 0000000002C5E988
P 00000000206059F8
C 302
R
P 0000000002C5E988
C 337
R
P 0000000002C5E988
P 00000000206059F8
U 0
C 303
= 0000000002C6CC08
R
P 0000000002C5E988
C 337
R
P 0000000002C5E988
P 0000000002C6CC08
C 255
R
P 0000000002C5E988
C 337
R
P 0000000002C5E988
P 0000000002C6CC08
C 9
R
P 0000000002C5E988
C 337
R
P 0000000002C5E988
P 00000000206059F8
U 1
C 303
= 0000000002C6CCF8
R
P 0000000002C5E988
C 337
R
P 0000000002C5E988
P 0000000002C6CCF8
C 255
R
P 0000000002C5E988
C 337
R
P 0000000002C5E988
P 0000000002C6CCF8
C 9
R
P 0000000002C5E988
C 337
R
P 0000000002C5E988
P 0000000002C6CC08
C 230
R
P 0000000002C5E988
C 337
R
P 0000000002C5E988
$ |p1|
C 200
R
P 0000000002C5E988
C 337
R
P 0000000002C5E988
$ |p1|
C 200
R
P 0000000002C5E988
C 337
R
P 0000000002C5E988
$ |p1|
C 200
R
P 0000000002C5E988
C 337
R
P 0000000002C5E988
$ |p1|
C 200
R
P 0000000002C5E988
C 337
R
P 0000000002C5E988
$ |p1|
C 202
R
P 0000000002C5E988
C 337
R
P 0000000002C5E988
P 0000000002C6CC08
C 328
R
P 0000000002C5E988
C 337
R
P 0000000002C5E988
P 0000000002C6CC08
C 233
R
P 0000000002C5E988
C 337
R
P 0000000002C5E988
P 0000000002C6CC08
C 235
= 0000000002C6AB68
R
P 0000000002C5E988
C 337
R
P 0000000002C5E988
P 0000000002C6AB68
C 207
R
P 0000000002C5E988
C 337
R
P 0000000002C5E988
P 00000000206059F8
P 0000000002C6CC08
C 299
= 0000000002C6B7A8
R
P 0000000002C5E988
C 337
R
P 0000000002C5E988
P 0000000002C6B7A8
C 255
R
P 0000000002C5E988
C 337
R
P 0000000002C5E988
P 0000000002C6B7A8
C 252
= 0000000002C6AB68
R
P 0000000002C5E988
C 337
R
P 0000000002C5E988
P 0000000002C6AB68
C 207
R
P 0000000002C5E988
C 337
R
P 0000000002C5E988
P 0000000002C6B7A8
C 258
R
P 0000000002C5E988
C 337
R
P 0000000002C5E988
P 0000000002C6B7A8
C 257
R
P 0000000002C5E988
C 337
R
P 0000000002C5E988
P 0000000002C6B7A8
C 256
R
P 0000000002C5E988
C 337
R
P 0000000002C5E988
P 0000000002C6B7A8
C 9
R
P 0000000002C5E988
C 337
R
P 0000000002C5E988
P 0000000002C6B7A8
C 261
R
P 0000000002C5E988
C 337
R
P 0000000002C5E988
P 0000000002C6CCF8
C 230
R
P 0000000002C5E988
C 337
R
P 0000000002C5E988
$ |p2|
C 200
R
P 0000000002C5E988
C 337
R
P 0000000002C5E988
$ |p2|
C 200
R
P 0000000002C5E988
C 337
R
P 0000000002C5E988
$ |p2|
C 200
R
P 0000000002C5E988
C 337
R
P 0000000002C5E988
$ |p2|
C 200
R
P 0000000002C5E988
C 337
R
P 0000000002C5E988
$ |p2|
C 202
R
P 0000000002C5E988
C 337
R
P 0000000002C5E988
P 0000000002C6CCF8
C 328
R
P 0000000002C5E988
C 337
R
P 0000000002C5E988
P 0000000002C6CCF8
C 233
R
P 0000000002C5E988
C 337
R
P 0000000002C5E988
P 0000000002C6CCF8
C 235
= 0000000002C6AB68
R
P 0000000002C5E988
C 337
R
P 0000000002C5E988
P 0000000002C6AB68
C 207
R
P 0000000002C5E988
C 337
R
P 0000000002C5E988
P 00000000206059F8
P 0000000002C6CCF8
C 299
= 0000000002C6B848
R
P 0000000002C5E988
C 337
R
P 0000000002C5E988
P 0000000002C6B848
C 255
R
P 0000000002C5E988
C 337
R
P 0000000002C5E988
P 0000000002C6B848
C 252
= 0000000002C6AB68
R
P 0000000002C5E988
C 337
R
P 0000000002C5E988
P 0000000002C6AB68
C 207
R
P 0000000002C5E988
C 337
R
P 0000000002C5E988
P 0000000002C6B848
C 258
R
P 0000000002C5E988
C 337
R
P 0000000002C5E988
P 0000000002C6B848
C 257
R
P 0000000002C5E988
C 337
R
P 0000000002C5E988
P 0000000002C6B848
C 256
R
P 0000000002C5E988
C 337
R
P 0000000002C5E988
P 0000000002C6B848
C 9
R
P 0000000002C5E988
C 337
R
P 0000000002C5E988
P 0000000002C6B848
C 261
R
P 0000000002C5E988
C 337
R
P 0000000002C5E988
P 000000001DF0CD68
C 302
R
P 0000000002C5E988
C 337
R
P 0000000002C5E988
P 000000001DF0CD68
U 0
C 303
= 0000000002C6CC08
R
P 0000000002C5E988
C 337
R
P 0000000002C5E988
P 0000000002C6CC08
C 255
R
P 0000000002C5E988
C 337
R
P 0000000002C5E988
P 0000000002C6CC08
C 9
R
P 0000000002C5E988
C 337
R
P 0000000002C5E988
P 000000001DF0CD68
U 1
C 303
= 0000000002C6CCF8
R
P 0000000002C5E988
C 337
R
P 0000000002C5E988
P 0000000002C6CCF8
C 255
R
P 0000000002C5E988
C 337
R
P 0000000002C5E988
P 0000000002C6CCF8
C 9
R
P 0000000002C5E988
C 337
R
P 0000000002C5E988
P 0000000002C6CC08
C 230
R
P 0000000002C5E988
C 337
R
P 0000000002C5E988
$ |p1|
C 200
R
P 0000000002C5E988
C 337
R
P 0000000002C5E988
$ |p1|
C 200
R
P 0000000002C5E988
C 337
R
P 0000000002C5E988
$ |p1|
C 200
R
P 0000000002C5E988
C 337
R
P 0000000002C5E988
$ |p1|
C 200
R
P 0000000002C5E988
C 337
R
P 0000000002C5E988
$ |p1|
C 202
R
P 0000000002C5E988
C 337
R
P 0000000002C5E988
P 0000000002C6CC08
C 328
R
P 0000000002C5E988
C 337
R
P 0000000002C5E988
P 0000000002C6CC08
C 233
R
P 0000000002C5E988
C 337
R
P 0000000002C5E988
P 0000000002C6CC08
C 235
= 0000000002C6AB68
R
P 0000000002C5E988
C 337
R
P 0000000002C5E988
P 0000000002C6AB68
C 207
R
P 0000000002C5E988
C 337
R
P 0000000002C5E988
P 000000001DF0CD68
P 0000000002C6CC08
C 299
= 0000000002C6B7A8
R
P 0000000002C5E988
C 337
R
P 0000000002C5E988
P 0000000002C6B7A8
C 255
R
P 0000000002C5E988
C 337
R
P 0000000002C5E988
P 0000000002C6B7A8
C 252
= 0000000002C6AB68
R
P 0000000002C5E988
C 337
R
P 0000000002C5E988
P 0000000002C6AB68
C 207
R
P 0000000002C5E988
C 337
R
P 0000000002C5E988
P 0000000002C6B7A8
C 258
R
P 0000000002C5E988
C 337
R
P 0000000002C5E988
P 0000000002C6B7A8
C 257
R
P 0000000002C5E988
C 337
R
P 0000000002C5E988
P 0000000002C6B7A8
C 256
R
P 0000000002C5E988
C 337
R
P 0000000002C5E988
P 0000000002C6B7A8
C 9
R
P 0000000002C5E988
C 337
R
P 0000000002C5E988
P 0000000002C6B7A8
C 261
R
P 0000000002C5E988
C 337
R
P 0000000002C5E988
P 0000000002C6CCF8
C 230
R
P 0000000002C5E988
C 337
R
P 0000000002C5E988
$ |p2|
C 200
R
P 0000000002C5E988
C 337
R
P 0000000002C5E988
$ |p2|
C 200
R
P 0000000002C5E988
C 337
R
P 0000000002C5E988
$ |p2|
C 200
R
P 0000000002C5E988
C 337
R
P 0000000002C5E988
$ |p2|
C 200
R
P 0000000002C5E988
C 337
R
P 0000000002C5E988
$ |p2|
C 202
R
P 0000000002C5E988
C 337
R
P 0000000002C5E988
P 0000000002C6CCF8
C 328
R
P 0000000002C5E988
C 337
R
P 0000000002C5E988
P 0000000002C6CCF8
C 233
R
P 0000000002C5E988
C 337
R
P 0000000002C5E988
P 0000000002C6CCF8
C 235
= 0000000002C6AB68
R
P 0000000002C5E988
C 337
R
P 0000000002C5E988
P 0000000002C6AB68
C 207
R
P 0000000002C5E988
C 337
R
P 0000000002C5E988
P 000000001DF0CD68
P 0000000002C6CCF8
C 299
= 0000000002C6B728
R
P 0000000002C5E988
C 337
R
P 0000000002C5E988
P 0000000002C6B728
C 255
R
P 0000000002C5E988
C 337
R
P 0000000002C5E988
P 0000000002C6B728
C 252
= 0000000002C6AB68
R
P 0000000002C5E988
C 337
R
P 0000000002C5E988
P 0000000002C6AB68
C 207
R
P 0000000002C5E988
C 337
R
P 0000000002C5E988
P 0000000002C6B728
C 258
R
P 0000000002C5E988
C 337
R
P 0000000002C5E988
P 0000000002C6B728
C 257
R
P 0000000002C5E988
C 337
R
P 0000000002C5E988
P 0000000002C6B728
C 256
R
P 0000000002C5E988
C 337
R
P 0000000002C5E988
P 0000000002C6B728
C 9
R
P 0000000002C5E988
C 337
R
P 0000000002C5E988
P 0000000002C6B728
C 261
R
P 0000000002C5E988
C 337
R
P 0000000002C5E988
P 000000001E29E678
C 302
R
P 0000000002C5E988
C 337
R
P 0000000002C5E988
P 000000001E29E678
U 0
C 303
= 0000000002C6CC08
R
P 0000000002C5E988
C 337
R
P 0000000002C5E988
P 0000000002C6CC08
C 255
R
P 0000000002C5E988
C 337
R
P 0000000002C5E988
P 0000000002C6CC08
C 9
R
P 0000000002C5E988
C 337
R
P 0000000002C5E988
P 0000000002C6CC08
C 230
R
P 0000000002C5E988
C 337
R
P 0000000002C5E988
$ |p1|
C 200
R
P 0000000002C5E988
C 337
R
P 0000000002C5E988
$ |p1|
C 200
R
P 0000000002C5E988
C 337
R
P 0000000002C5E988
$ |p1|
C 200
R
P 0000000002C5E988
C 337
R
P 0000000002C5E988
$ |p1|
C 200
R
P 0000000002C5E988
C 337
R
P 0000000002C5E988
$ |p1|
C 202
R
P 0000000002C5E988
C 337
R
P 0000000002C5E988
P 0000000002C6CC08
C 328
R
P 0000000002C5E988
C 337
R
P 0000000002C5E988
P 0000000002C6CC08
C 233
R
P 0000000002C5E988
C 337
R
P 0000000002C5E988
P 0000000002C6CC08
C 235
= 0000000002C6AB68
R
P 0000000002C5E988
C 337
R
P 0000000002C5E988
P 0000000002C6AB68
C 207
R
P 0000000002C5E988
C 337
R
P 0000000002C5E988
P 000000001E29E678
P 0000000002C6CC08
C 299
= 0000000002C6B4A8
R
P 0000000002C5E988
C 337
R
P 0000000002C5E988
P 0000000002C6B4A8
C 255
R
P 0000000002C5E988
C 337
R
P 0000000002C5E988
P 0000000002C6B4A8
C 252
= 0000000002C6AB68
R
P 0000000002C5E988
C 337
R
P 0000000002C5E988
P 0000000002C6AB68
C 207
R
P 0000000002C5E988
C 337
R
P 0000000002C5E988
P 0000000002C6B4A8
C 258
R
P 0000000002C5E988
C 337
R
P 0000000002C5E988
P 0000000002C6B4A8
C 257
R
P 0000000002C5E988
C 337
R
P 0000000002C5E988
P 0000000002C6B4A8
C 256
R
P 0000000002C5E988
C 337
R
P 0000000002C5E988
P 0000000002C6B4A8
C 9
R
P 0000000002C5E988
C 337
R
P 0000000002C5E988
P 0000000002C6B4A8
C 261
R
P 0000000002C5E988
C 337
R
P 0000000002C5E988
P 000000001E73B088
C 302
R
P 0000000002C5E988
C 337
R
P 0000000002C5E988
P 000000001E73B088
U 0
C 303
= 0000000002C6CC08
R
P 0000000002C5E988
C 337
R
P 0000000002C5E988
P 0000000002C6CC08
C 255
R
P 0000000002C5E988
C 337
R
P 0000000002C5E988
P 0000000002C6CC08
C 9
R
P 0000000002C5E988
C 337
R
P 0000000002C5E988
P 000000001E73B088
U 1
C 303
= 0000000002C6CCF8
R
P 0000000002C5E988
C 337
R
P 0000000002C5E988
P 0000000002C6CCF8
C 255
R
P 0000000002C5E988
C 337
R
P 0000000002C5E988
P 0000000002C6CCF8
C 9
R
P 0000000002C5E988
C 337
R
P 0000000002C5E988
P 0000000002C6CC08
C 230
R
P 0000000002C5E988
C 337
R
P 0000000002C5E988
$ |p1|
C 200
R
P 0000000002C5E988
C 337
R
P 0000000002C5E988
$ |p1|
C 200
R
P 0000000002C5E988
C 337
R
P 0000000002C5E988
$ |p1|
C 200
R
P 0000000002C5E988
C 337
R
P 0000000002C5E988
$ |p1|
C 200
R
P 0000000002C5E988
C 337
R
P 0000000002C5E988
$ |p1|
C 202
R
P 0000000002C5E988
C 337
R
P 0000000002C5E988
P 0000000002C6CC08
C 328
R
P 0000000002C5E988
C 337
R
P 0000000002C5E988
P 0000000002C6CC08
C 233
R
P 0000000002C5E988
C 337
R
P 0000000002C5E988
P 0000000002C6CC08
C 235
= 0000000002C6AB68
R
P 0000000002C5E988
C 337
R
P 0000000002C5E988
P 0000000002C6AB68
C 207
R
P 0000000002C5E988
C 337
R
P 0000000002C5E988
P 000000001E73B088
P 0000000002C6CC08
C 299
= 0000000002C6B7A8
R
P 0000000002C5E988
C 337
R
P 0000000002C5E988
P 0000000002C6B7A8
C 255
R
P 0000000002C5E988
C 337
R
P 0000000002C5E988
P 0000000002C6B7A8
C 252
= 0000000002C6AB68
R
P 0000000002C5E988
C 337
R
P 0000000002C5E988
P 0000000002C6AB68
C 207
R
P 0000000002C5E988
C 337
R
P 0000000002C5E988
P 0000000002C6B7A8
C 258
R
P 0000000002C5E988
C 337
R
P 0000000002C5E988
P 0000000002C6B7A8
C 257
R
P 0000000002C5E988
C 337
R
P 0000000002C5E988
P 0000000002C6B7A8
C 256
R
P 0000000002C5E988
C 337
R
P 0000000002C5E988
P 0000000002C6B7A8
C 9
R
P 0000000002C5E988
C 337
R
P 0000000002C5E988
P 0000000002C6B7A8
C 261
R
P 0000000002C5E988
C 337
R
P 0000000002C5E988
P 0000000002C6CCF8
C 230
R
P 0000000002C5E988
C 337
R
P 0000000002C5E988
$ |p2|
C 200
R
P 0000000002C5E988
C 337
R
P 0000000002C5E988
$ |p2|
C 200
R
P 0000000002C5E988
C 337
R
P 0000000002C5E988
$ |p2|
C 200
R
P 0000000002C5E988
C 337
R
P 0000000002C5E988
$ |p2|
C 200
R
P 0000000002C5E988
C 337
R
P 0000000002C5E988
$ |p2|
C 202
R
P 0000000002C5E988
C 337
R
P 0000000002C5E988
P 0000000002C6CCF8
C 328
R
P 0000000002C5E988
C 337
R
P 0000000002C5E988
P 0000000002C6CCF8
C 233
R
P 0000000002C5E988
C 337
R
P 0000000002C5E988
P 0000000002C6CCF8
C 235
= 0000000002C6AB68
R
P 0000000002C5E988
C 337
R
P 0000000002C5E988
P 0000000002C6AB68
C 207
R
P 0000000002C5E988
C 337
R
P 0000000002C5E988
P 000000001E73B088
P 0000000002C6CCF8
C 299
= 0000000002C6B768
R
P 0000000002C5E988
C 337
R
P 0000000002C5E988
P 0000000002C6B768
C 255
R
P 0000000002C5E988
C 337
R
P 0000000002C5E988
P 0000000002C6B768
C 252
= 0000000002C6AB68
R
P 0000000002C5E988
C 337
R
P 0000000002C5E988
P 0000000002C6AB68
C 207
R
P 0000000002C5E988
C 337
R
P 0000000002C5E988
P 0000000002C6B768
C 258
R
P 0000000002C5E988
C 337
R
P 0000000002C5E988
P 0000000002C6B768
C 257
R
P 0000000002C5E988
C 337
R
P 0000000002C5E988
P 0000000002C6B768
C 256
R
P 0000000002C5E988
C 337
R
P 0000000002C5E988
P 0000000002C6B768
C 9
R
P 0000000002C5E988
C 337
R
P 0000000002C5E988
P 0000000002C6B768
C 261
R
P 0000000002C5E988
C 337
R
P 0000000002C5E988
P 000000001EDE9BF8
C 302
R
P 0000000002C5E988
C 337
R
P 0000000002C5E988
P 000000001EDE9BF8
U 0
C 303
= 0000000002C6CC08
R
P 0000000002C5E988
C 337
R
P 0000000002C5E988
P 0000000002C6CC08
C 255
R
P 0000000002C5E988
C 337
R
P 0000000002C5E988
P 0000000002C6CC08
C 9
R
P 0000000002C5E988
C 337
R
P 0000000002C5E988
P 0000000002C6CC08
C 230
R
P 0000000002C5E988
C 337
R
P 0000000002C5E988
$ |p1|
C 200
R
P 0000000002C5E988
C 337
R
P 0000000002C5E988
$ |p1|
C 200
R
P 0000000002C5E988
C 337
R
P 0000000002C5E988
$ |p1|
C 200
R
P 0000000002C5E988
C 337
R
P 0000000002C5E988
$ |p1|
C 200
R
P 0000000002C5E988
C 337
R
P 0000000002C5E988
$ |p1|
C 202
R
P 0000000002C5E988
C 337
R
P 0000000002C5E988
P 0000000002C6CC08
C 328
R
P 0000000002C5E988
C 337
R
P 0000000002C5E988
P 0000000002C6CC08
C 233
R
P 0000000002C5E988
C 337
R
P 0000000002C5E988
P 0000000002C6CC08
C 235
= 0000000002C6AB68
R
P 0000000002C5E988
C 337
R
P 0000000002C5E988
P 0000000002C6AB68
C 207
R
P 0000000002C5E988
C 337
R
P 0000000002C5E988
P 000000001EDE9BF8
P 0000000002C6CC08
C 299
= 0000000002C6B7C8
R
P 0000000002C5E988
C 337
R
P 0000000002C5E988
P 0000000002C6B7C8
C 255
R
P 0000000002C5E988
C 337
R
P 0000000002C5E988
P 0000000002C6B7C8
C 252
= 0000000002C6AB68
R
P 0000000002C5E988
C 337
R
P 0000000002C5E988
P 0000000002C6AB68
C 207
R
P 0000000002C5E988
C 337
R
P 0000000002C5E988
P 0000000002C6B7C8
C 258
R
P 0000000002C5E988
C 337
R
P 0000000002C5E988
P 0000000002C6B7C8
C 257
R
P 0000000002C5E988
C 337
R
P 0000000002C5E988
P 0000000002C6B7C8
C 256
R
P 0000000002C5E988
C 337
R
P 0000000002C5E988
P 0000000002C6B7C8
C 9
R
P 0000000002C5E988
C 337
R
P 0000000002C5E988
P 0000000002C6B7C8
C 261
R
P 0000000002C5E988
C 337
R
P 0000000002C5E988
P 000000001F257D18
C 302
R
P 0000000002C5E988
C 337
R
P 0000000002C5E988
P 000000001F257D18
U 0
C 303
= 0000000002C6CC08
R
P 0000000002C5E988
C 337
R
P 0000000002C5E988
P 0000000002C6CC08
C 255
R
P 0000000002C5E988
C 337
R
P 0000000002C5E988
P 0000000002C6CC08
C 9
R
P 0000000002C5E988
C 337
R
P 0000000002C5E988
P 000000001F257D18
U 1
C 303
= 0000000002C6CCF8
R
P 0000000002C5E988
C 337
R
P 0000000002C5E988
P 0000000002C6CCF8
C 255
R
P 0000000002C5E988
C 337
R
P 0000000002C5E988
P 0000000002C6CCF8
C 9
R
P 0000000002C5E988
C 337
R
P 0000000002C5E988
P 0000000002C6CC08
C 230
R
P 0000000002C5E988
C 337
R
P 0000000002C5E988
$ |p1|
C 200
R
P 0000000002C5E988
C 337
R
P 0000000002C5E988
$ |p1|
C 200
R
P 0000000002C5E988
C 337
R
P 0000000002C5E988
$ |p1|
C 200
R
P 0000000002C5E988
C 337
R
P 0000000002C5E988
$ |p1|
C 200
R
P 0000000002C5E988
C 337
R
P 0000000002C5E988
$ |p1|
C 202
R
P 0000000002C5E988
C 337
R
P 0000000002C5E988
P 0000000002C6CC08
C 328
R
P 0000000002C5E988
C 337
R
P 0000000002C5E988
P 0000000002C6CC08
C 233
R
P 0000000002C5E988
C 337
R
P 0000000002C5E988
P 0000000002C6CC08
C 235
= 0000000002C6AB68
R
P 0000000002C5E988
C 337
R
P 0000000002C5E988
P 0000000002C6AB68
C 207
R
P 0000000002C5E988
C 337
R
P 0000000002C5E988
P 000000001F257D18
P 0000000002C6CC08
C 299
= 0000000002C6B7A8
R
P 0000000002C5E988
C 337
R
P 0000000002C5E988
P 0000000002C6B7A8
C 255
R
P 0000000002C5E988
C 337
R
P 0000000002C5E988
P 0000000002C6B7A8
C 252
= 0000000002C6AB68
R
P 0000000002C5E988
C 337
R
P 0000000002C5E988
P 0000000002C6AB68
C 207
R
P 0000000002C5E988
C 337
R
P 0000000002C5E988
P 0000000002C6B7A8
C 258
R
P 0000000002C5E988
C 337
R
P 0000000002C5E988
P 0000000002C6B7A8
C 257
R
P 0000000002C5E988
C 337
R
P 0000000002C5E988
P 0000000002C6B7A8
C 256
R
P 0000000002C5E988
C 337
R
P 0000000002C5E988
P 0000000002C6B7A8
C 9
R
P 0000000002C5E988
C 337
R
P 0000000002C5E988
P 0000000002C6B7A8
C 261
R
P 0000000002C5E988
C 337
R
P 0000000002C5E988
P 0000000002C6CCF8
C 230
R
P 0000000002C5E988
C 337
R
P 0000000002C5E988
$ |p2|
C 200
R
P 0000000002C5E988
C 337
R
P 0000000002C5E988
$ |p2|
C 200
R
P 0000000002C5E988
C 337
R
P 0000000002C5E988
$ |p2|
C 200
R
P 0000000002C5E988
C 337
R
P 0000000002C5E988
$ |p2|
C 200
R
P 0000000002C5E988
C 337
R
P 0000000002C5E988
$ |p2|
C 202
R
P 0000000002C5E988
C 337
R
P 0000000002C5E988
P 0000000002C6CCF8
C 328
R
P 0000000002C5E988
C 337
R
P 0000000002C5E988
P 0000000002C6CCF8
C 233
R
P 0000000002C5E988
C 337
R
P 0000000002C5E988
P 0000000002C6CCF8
C 235
= 0000000002C6AB68
R
P 0000000002C5E988
C 337
R
P 0000000002C5E988
P 0000000002C6AB68
C 207
R
P 0000000002C5E988
C 337
R
P 0000000002C5E988
P 000000001F257D18
P 0000000002C6CCF8
C 299
= 0000000002C6B768
R
P 0000000002C5E988
C 337
R
P 0000000002C5E988
P 0000000002C6B768
C 255
R
P 0000000002C5E988
C 337
R
P 0000000002C5E988
P 0000000002C6B768
C 252
= 0000000002C6AB68
R
P 0000000002C5E988
C 337
R
P 0000000002C5E988
P 0000000002C6AB68
C 207
R
P 0000000002C5E988
C 337
R
P 0000000002C5E988
P 0000000002C6B768
C 258
R
P 0000000002C5E988
C 337
R
P 0000000002C5E988
P 0000000002C6B768
C 257
R
P 0000000002C5E988
C 337
R
P 0000000002C5E988
P 0000000002C6B768
C 256
R
P 0000000002C5E988
C 337
R
P 0000000002C5E988
P 0000000002C6B768
C 9
R
P 0000000002C5E988
C 337
R
P 0000000002C5E988
P 0000000002C6B768
C 261
R
P 0000000002C5E988
C 337
R
P 0000000002C5E988
P 000000001EF42138
C 302
R
P 0000000002C5E988
C 337
R
P 0000000002C5E988
P 000000001EF42138
U 0
C 303
= 0000000002C6CC08
R
P 0000000002C5E988
C 337
R
P 0000000002C5E988
P 0000000002C6CC08
C 255
R
P 0000000002C5E988
C 337
R
P 0000000002C5E988
P 0000000002C6CC08
C 9
R
P 0000000002C5E988
C 337
R
P 0000000002C5E988
P 000000001EF42138
U 1
C 303
= 0000000002C6CCF8
R
P 0000000002C5E988
C 337
R
P 0000000002C5E988
P 0000000002C6CCF8
C 255
R
P 0000000002C5E988
C 337
R
P 0000000002C5E988
P 0000000002C6CCF8
C 9
R
P 0000000002C5E988
C 337
R
P 0000000002C5E988
P 0000000002C6CC08
C 230
R
P 0000000002C5E988
C 337
R
P 0000000002C5E988
$ |p1|
C 200
R
P 0000000002C5E988
C 337
R
P 0000000002C5E988
$ |p1|
C 200
R
P 0000000002C5E988
C 337
R
P 0000000002C5E988
$ |p1|
C 200
R
P 0000000002C5E988
C 337
R
P 0000000002C5E988
$ |p1|
C 200
R
P 0000000002C5E988
C 337
R
P 0000000002C5E988
$ |p1|
C 202
R
P 0000000002C5E988
C 337
R
P 0000000002C5E988
P 0000000002C6CC08
C 328
R
P 0000000002C5E988
C 337
R
P 0000000002C5E988
P 0000000002C6CC08
C 233
R
P 0000000002C5E988
C 337
R
P 0000000002C5E988
P 0000000002C6CC08
C 235
= 0000000002C6AB68
R
P 0000000002C5E988
C 337
R
P 0000000002C5E988
P 0000000002C6AB68
C 207
R
P 0000000002C5E988
C 337
R
P 0000000002C5E988
P 000000001EF42138
P 0000000002C6CC08
C 299
= 0000000002C6B7A8
R
P 0000000002C5E988
C 337
R
P 0000000002C5E988
P 0000000002C6B7A8
C 255
R
P 0000000002C5E988
C 337
R
P 0000000002C5E988
P 0000000002C6B7A8
C 252
= 0000000002C6AB68
R
P 0000000002C5E988
C 337
R
P 0000000002C5E988
P 0000000002C6AB68
C 207
R
P 0000000002C5E988
C 337
R
P 0000000002C5E988
P 0000000002C6B7A8
C 258
R
P 0000000002C5E988
C 337
R
P 0000000002C5E988
P 0000000002C6B7A8
C 257
R
P 0000000002C5E988
C 337
R
P 0000000002C5E988
P 0000000002C6B7A8
C 256
R
P 0000000002C5E988
C 337
R
P 0000000002C5E988
P 0000000002C6B7A8
C 9
R
P 0000000002C5E988
C 337
R
P 0000000002C5E988
P 0000000002C6B7A8
C 261
R
P 0000000002C5E988
C 337
R
P 0000000002C5E988
P 0000000002C6CCF8
C 230
R
P 0000000002C5E988
C 337
R
P 0000000002C5E988
$ |p2|
C 200
R
P 0000000002C5E988
C 337
R
P 0000000002C5E988
$ |p2|
C 200
R
P 0000000002C5E988
C 337
R
P 0000000002C5E988
$ |p2|
C 200
R
P 0000000002C5E988
C 337
R
P 0000000002C5E988
$ |p2|
C 200
R
P 0000000002C5E988
C 337
R
P 0000000002C5E988
$ |p2|
C 202
R
P 0000000002C5E988
C 337
R
P 0000000002C5E988
P 0000000002C6CCF8
C 328
R
P 0000000002C5E988
C 337
R
P 0000000002C5E988
P 0000000002C6CCF8
C 233
R
P 0000000002C5E988
C 337
R
P 0000000002C5E988
P 0000000002C6CCF8
C 235
= 0000000002C6AB68
R
P 0000000002C5E988
C 337
R
P 0000000002C5E988
P 0000000002C6AB68
C 207
R
P 0000000002C5E988
C 337
R
P 0000000002C5E988
P 000000001EF42138
P 0000000002C6CCF8
C 299
= 0000000002C6B728
R
P 0000000002C5E988
C 337
R
P 0000000002C5E988
P 0000000002C6B728
C 255
R
P 0000000002C5E988
C 337
R
P 0000000002C5E988
P 0000000002C6B728
C 252
= 0000000002C6AB68
R
P 0000000002C5E988
C 337
R
P 0000000002C5E988
P 0000000002C6AB68
C 207
R
P 0000000002C5E988
C 337
R
P 0000000002C5E988
P 0000000002C6B728
C 258
R
P 0000000002C5E988
C 337
R
P 0000000002C5E988
P 0000000002C6B728
C 257
R
P 0000000002C5E988
C 337
R
P 0000000002C5E988
P 0000000002C6B728
C 256
R
P 0000000002C5E988
C 337
R
P 0000000002C5E988
P 0000000002C6B728
C 9
R
P 0000000002C5E988
C 337
R
P 0000000002C5E988
P 0000000002C6B728
C 261
R
P 0000000002C5E988
C 337
R
P 0000000002C5E988
P 000000001FA267D8
C 302
R
P 0000000002C5E988
C 337
R
P 0000000002C5E988
P 000000001FA267D8
U 0
C 303
= 0000000002C6CC08
R
P 0000000002C5E988
C 337
R
P 0000000002C5E988
P 0000000002C6CC08
C 255
R
P 0000000002C5E988
C 337
R
P 0000000002C5E988
P 0000000002C6CC08
C 9
R
P 0000000002C5E988
C 337
R
P 0000000002C5E988
P 000000001FA267D8
U 1
C 303
= 0000000002C6CCF8
R
P 0000000002C5E988
C 337
R
P 0000000002C5E988
P 0000000002C6CCF8
C 255
R
P 0000000002C5E988
C 337
R
P 0000000002C5E988
P 0000000002C6CCF8
C 9
R
P 0000000002C5E988
C 337
R
P 0000000002C5E988
P 0000000002C6CC08
C 230
R
P 0000000002C5E988
C 337
R
P 0000000002C5E988
$ |p1|
C 200
R
P 0000000002C5E988
C 337
R
P 0000000002C5E988
$ |p1|
C 200
R
P 0000000002C5E988
C 337
R
P 0000000002C5E988
$ |p1|
C 200
R
P 0000000002C5E988
C 337
R
P 0000000002C5E988
$ |p1|
C 200
R
P 0000000002C5E988
C 337
R
P 0000000002C5E988
$ |p1|
C 202
R
P 0000000002C5E988
C 337
R
P 0000000002C5E988
P 0000000002C6CC08
C 328
R
P 0000000002C5E988
C 337
R
P 0000000002C5E988
P 0000000002C6CC08
C 233
R
P 0000000002C5E988
C 337
R
P 0000000002C5E988
P 0000000002C6CC08
C 235
= 0000000002C6AB68
R
P 0000000002C5E988
C 337
R
P 0000000002C5E988
P 0000000002C6AB68
C 207
R
P 0000000002C5E988
C 337
R
P 0000000002C5E988
P 000000001FA267D8
P 0000000002C6CC08
C 299
= 0000000002C6B7A8
R
P 0000000002C5E988
C 337
R
P 0000000002C5E988
P 0000000002C6B7A8
C 255
R
P 0000000002C5E988
C 337
R
P 0000000002C5E988
P 0000000002C6B7A8
C 252
= 0000000002C6AB68
R
P 0000000002C5E988
C 337
R
P 0000000002C5E988
P 0000000002C6AB68
C 207
R
P 0000000002C5E988
C 337
R
P 0000000002C5E988
P 0000000002C6B7A8
C 258
R
P 0000000002C5E988
C 337
R
P 0000000002C5E988
P 0000000002C6B7A8
C 257
R
P 0000000002C5E988
C 337
R
P 0000000002C5E988
P 0000000002C6B7A8
C 256
R
P 0000000002C5E988
C 337
R
P 0000000002C5E988
P 0000000002C6B7A8
C 9
R
P 0000000002C5E988
C 337
R
P 0000000002C5E988
P 0000000002C6B7A8
C 261
R
P 0000000002C5E988
C 337
R
P 0000000002C5E988
P 0000000002C6CCF8
C 230
R
P 0000000002C5E988
C 337
R
P 0000000002C5E988
$ |p2|
C 200
R
P 0000000002C5E988
C 337
R
P 0000000002C5E988
$ |p2|
C 200
R
P 0000000002C5E988
C 337
R
P 0000000002C5E988
$ |p2|
C 200
R
P 0000000002C5E988
C 337
R
P 0000000002C5E988
$ |p2|
C 200
R
P 0000000002C5E988
C 337
R
P 0000000002C5E988
$ |p2|
C 202
R
P 0000000002C5E988
C 337
R
P 0000000002C5E988
P 0000000002C6CCF8
C 328
R
P 0000000002C5E988
C 337
R
P 0000000002C5E988
P 0000000002C6CCF8
C 233
R
P 0000000002C5E988
C 337
R
P 0000000002C5E988
P 0000000002C6CCF8
C 235
= 0000000002C6AB68
R
P 0000000002C5E988
C 337
R
P 0000000002C5E988
P 0000000002C6AB68
C 207
R
P 0000000002C5E988
C 337
R
P 0000000002C5E988
P 000000001FA267D8
P 0000000002C6CCF8
C 299
= 0000000002C6B768
R
P 0000000002C5E988
C 337
R
P 0000000002C5E988
P 0000000002C6B768
C 255
R
P 0000000002C5E988
C 337
R
P 0000000002C5E988
P 0000000002C6B768
C 252
= 0000000002C6AB68
R
P 0000000002C5E988
C 337
R
P 0000000002C5E988
P 0000000002C6AB68
C 207
R
P 0000000002C5E988
C 337
R
P 0000000002C5E988
P 0000000002C6B768
C 258
R
P 0000000002C5E988
C 337
R
P 0000000002C5E988
P 0000000002C6B768
C 257
R
P 0000000002C5E988
C 337
R
P 0000000002C5E988
P 0000000002C6B768
C 256
R
P 0000000002C5E988
C 337
R
P 0000000002C5E988
P 0000000002C6B768
C 9
R
P 0000000002C5E988
C 337
R
P 0000000002C5E988
P 0000000002C6B768
C 261
R
P 0000000002C5E988
C 337
R
P 0000000002C5E988
P 000000001FC38848
C 302
R
P 0000000002C5E988
C 337
R
P 0000000002C5E988
P 000000001FC38848
U 0
C 303
= 0000000002C6CC08
R
P 0000000002C5E988
C 337
R
P 0000000002C5E988
P 0000000002C6CC08
C 255
R
P 0000000002C5E988
C 337
R
P 0000000002C5E988
P 0000000002C6CC08
C 9
R
P 0000000002C5E988
C 337
R
P 0000000002C5E988
P 000000001FC38848
U 1
C 303
= 0000000002C6CCF8
R
P 0000000002C5E988
C 337
R
P 0000000002C5E988
P 0000000002C6CCF8
C 255
R
P 0000000002C5E988
C 337
R
P 0000000002C5E988
P 0000000002C6CCF8
C 9
R
P 0000000002C5E988
C 337
R
P 0000000002C5E988
P 0000000002C6CC08
C 230
R
P 0000000002C5E988
C 337
R
P 0000000002C5E988
$ |p1|
C 200
R
P 0000000002C5E988
C 337
R
P 0000000002C5E988
$ |p1|
C 200
R
P 0000000002C5E988
C 337
R
P 0000000002C5E988
$ |p1|
C 200
R
P 0000000002C5E988
C 337
R
P 0000000002C5E988
$ |p1|
C 200
R
P 0000000002C5E988
C 337
R
P 0000000002C5E988
$ |p1|
C 202
R
P 0000000002C5E988
C 337
R
P 0000000002C5E988
P 0000000002C6CC08
C 328
R
P 0000000002C5E988
C 337
R
P 0000000002C5E988
P 0000000002C6CC08
C 233
R
P 0000000002C5E988
C 337
R
P 0000000002C5E988
P 0000000002C6CC08
C 235
= 0000000002C6AB68
R
P 0000000002C5E988
C 337
R
P 0000000002C5E988
P 0000000002C6AB68
C 207
R
P 0000000002C5E988
C 337
R
P 0000000002C5E988
P 000000001FC38848
P 0000000002C6CC08
C 299
= 0000000002C6B7A8
R
P 0000000002C5E988
C 337
R
P 0000000002C5E988
P 0000000002C6B7A8
C 255
R
P 0000000002C5E988
C 337
R
P 0000000002C5E988
P 0000000002C6B7A8
C 252
= 0000000002C6AB68
R
P 0000000002C5E988
C 337
R
P 0000000002C5E988
P 0000000002C6AB68
C 207
R
P 0000000002C5E988
C 337
R
P 0000000002C5E988
P 0000000002C6B7A8
C 258
R
P 0000000002C5E988
C 337
R
P 0000000002C5E988
P 0000000002C6B7A8
C 257
R
P 0000000002C5E988
C 337
R
P 0000000002C5E988
P 0000000002C6B7A8
C 256
R
P 0000000002C5E988
C 337
R
P 0000000002C5E988
P 0000000002C6B7A8
C 9
R
P 0000000002C5E988
C 337
R
P 0000000002C5E988
P 0000000002C6B7A8
C 261
R
P 0000000002C5E988
C 337
R
P 0000000002C5E988
P 0000000002C6CCF8
C 230
R
P 0000000002C5E988
C 337
R
P 0000000002C5E988
$ |p2|
C 200
R
P 0000000002C5E988
C 337
R
P 0000000002C5E988
$ |p2|
C 200
R
P 0000000002C5E988
C 337
R
P 0000000002C5E988
$ |p2|
C 200
R
P 0000000002C5E988
C 337
R
P 0000000002C5E988
$ |p2|
C 200
R
P 0000000002C5E988
C 337
R
P 0000000002C5E988
$ |p2|
C 202
R
P 0000000002C5E988
C 337
R
P 0000000002C5E988
P 0000000002C6CCF8
C 328
R
P 0000000002C5E988
C 337
R
P 0000000002C5E988
P 0000000002C6CCF8
C 233
R
P 0000000002C5E988
C 337
R
P 0000000002C5E988
P 0000000002C6CCF8
C 235
= 0000000002C6AB68
R
P 0000000002C5E988
C 337
R
P 0000000002C5E988
P 0000000002C6AB68
C 207
R
P 0000000002C5E988
C 337
R
P 0000000002C5E988
P 000000001FC38848
P 0000000002C6CCF8
C 299
= 0000000002C6B7E8
R
P 0000000002C5E988
C 337
R
P 0000000002C5E988
P 0000000002C6B7E8
C 255
R
P 0000000002C5E988
C 337
R
P 0000000002C5E988
P 0000000002C6B7E8
C 252
= 0000000002C6AB68
R
P 0000000002C5E988
C 337
R
P 0000000002C5E988
P 0000000002C6AB68
C 207
R
P 0000000002C5E988
C 337
R
P 0000000002C5E988
P 0000000002C6B7E8
C 258
R
P 0000000002C5E988
C 337
R
P 0000000002C5E988
P 0000000002C6B7E8
C 257
R
P 0000000002C5E988
C 337
R
P 0000000002C5E988
P 0000000002C6B7E8
C 256
R
P 0000000002C5E988
C 337
R
P 0000000002C5E988
P 0000000002C6B7E8
C 9
R
P 0000000002C5E988
C 337
R
P 0000000002C5E988
P 0000000002C6B7E8
C 261
R
P 0000000002C5E988
C 337
R
P 0000000002C5E988
P 00000000201E1508
C 302
R
P 0000000002C5E988
C 337
R
P 0000000002C5E988
P 00000000201E1508
U 0
C 303
= 0000000002C6CC08
R
P 0000000002C5E988
C 337
R
P 0000000002C5E988
P 0000000002C6CC08
C 255
R
P 0000000002C5E988
C 337
R
P 0000000002C5E988
P 0000000002C6CC08
C 9
R
P 0000000002C5E988
C 337
R
P 0000000002C5E988
P 00000000201E1508
U 1
C 303
= 0000000002C6CCF8
R
P 0000000002C5E988
C 337
R
P 0000000002C5E988
P 0000000002C6CCF8
C 255
R
P 0000000002C5E988
C 337
R
P 0000000002C5E988
P 0000000002C6CCF8
C 9
R
P 0000000002C5E988
C 337
R
P 0000000002C5E988
P 0000000002C6CC08
C 230
R
P 0000000002C5E988
C 337
R
P 0000000002C5E988
$ |p1|
C 200
R
P 0000000002C5E988
C 337
R
P 0000000002C5E988
$ |p1|
C 200
R
P 0000000002C5E988
C 337
R
P 0000000002C5E988
$ |p1|
C 200
R
P 0000000002C5E988
C 337
R
P 0000000002C5E988
$ |p1|
C 200
R
P 0000000002C5E988
C 337
R
P 0000000002C5E988
$ |p1|
C 202
R
P 0000000002C5E988
C 337
R
P 0000000002C5E988
P 0000000002C6CC08
C 328
R
P 0000000002C5E988
C 337
R
P 0000000002C5E988
P 0000000002C6CC08
C 233
R
P 0000000002C5E988
C 337
R
P 0000000002C5E988
P 0000000002C6CC08
C 235
= 0000000002C6AB68
R
P 0000000002C5E988
C 337
R
P 0000000002C5E988
P 0000000002C6AB68
C 207
R
P 0000000002C5E988
C 337
R
P 0000000002C5E988
P 00000000201E1508
P 0000000002C6CC08
C 299
= 0000000002C6B7A8
R
P 0000000002C5E988
C 337
R
P 0000000002C5E988
P 0000000002C6B7A8
C 255
R
P 0000000002C5E988
C 337
R
P 0000000002C5E988
P 0000000002C6B7A8
C 252
= 0000000002C6AB68
R
P 0000000002C5E988
C 337
R
P 0000000002C5E988
P 0000000002C6AB68
C 207
R
P 0000000002C5E988
C 337
R
P 0000000002C5E988
P 0000000002C6B7A8
C 258
R
P 0000000002C5E988
C 337
R
P 0000000002C5E988
P 0000000002C6B7A8
C 257
R
P 0000000002C5E988
C 337
R
P 0000000002C5E988
P 0000000002C6B7A8
C 256
R
P 0000000002C5E988
C 337
R
P 0000000002C5E988
P 0000000002C6B7A8
C 9
R
P 0000000002C5E988
C 337
R
P 0000000002C5E988
P 0000000002C6B7A8
C 261
R
P 0000000002C5E988
C 337
R
P 0000000002C5E988
P 0000000002C6CCF8
C 230
R
P 0000000002C5E988
C 337
R
P 0000000002C5E988
$ |p2|
C 200
R
P 0000000002C5E988
C 337
R
P 0000000002C5E988
$ |p2|
C 200
R
P 0000000002C5E988
C 337
R
P 0000000002C5E988
$ |p2|
C 200
R
P 0000000002C5E988
C 337
R
P 0000000002C5E988
$ |p2|
C 200
R
P 0000000002C5E988
C 337
R
P 0000000002C5E988
$ |p2|
C 202
R
P 0000000002C5E988
C 337
R
P 0000000002C5E988
P 0000000002C6CCF8
C 328
R
P 0000000002C5E988
C 337
R
P 0000000002C5E988
P 0000000002C6CCF8
C 233
R
P 0000000002C5E988
C 337
R
P 0000000002C5E988
P 0000000002C6CCF8
C 235
= 0000000002C6AB68
R
P 0000000002C5E988
C 337
R
P 0000000002C5E988
P 0000000002C6AB68
C 207
R
P 0000000002C5E988
C 337
R
P 0000000002C5E988
P 00000000201E1508
P 0000000002C6CCF8
C 299
= 0000000002C6B7E8
R
P 0000000002C5E988
C 337
R
P 0000000002C5E988
P 0000000002C6B7E8
C 255
R
P 0000000002C5E988
C 337
R
P 0000000002C5E988
P 0000000002C6B7E8
C 252
= 0000000002C6AB68
R
P 0000000002C5E988
C 337
R
P 0000000002C5E988
P 0000000002C6AB68
C 207
R
P 0000000002C5E988
C 337
R
P 0000000002C5E988
P 0000000002C6B7E8
C 258
R
P 0000000002C5E988
C 337
R
P 0000000002C5E988
P 0000000002C6B7E8
C 257
R
P 0000000002C5E988
C 337
R
P 0000000002C5E988
P 0000000002C6B7E8
C 256
R
P 0000000002C5E988
C 337
R
P 0000000002C5E988
P 0000000002C6B7E8
C 9
R
P 0000000002C5E988
C 337
R
P 0000000002C5E988
P 0000000002C6B7E8
C 261
R
P 0000000002C5E988
C 337
R
P 0000000002C5E988
P 00000000206059F8
C 302
R
P 0000000002C5E988
C 337
R
P 0000000002C5E988
P 00000000206059F8
U 0
C 303
= 0000000002C6CC08
R
P 0000000002C5E988
C 337
R
P 0000000002C5E988
P 0000000002C6CC08
C 255
R
P 0000000002C5E988
C 337
R
P 0000000002C5E988
P 0000000002C6CC08
C 9
R
P 0000000002C5E988
C 337
R
P 0000000002C5E988
P 00000000206059F8
U 1
C 303
= 0000000002C6CCF8
R
P 0000000002C5E988
C 337
R
P 0000000002C5E988
P 0000000002C6CCF8
C 255
R
P 0000000002C5E988
C 337
R
P 0000000002C5E988
P 0000000002C6CCF8
C 9
R
P 0000000002C5E988
C 337
R
P 0000000002C5E988
P 0000000002C6CC08
C 230
R
P 0000000002C5E988
C 337
R
P 0000000002C5E988
$ |p1|
C 200
R
P 0000000002C5E988
C 337
R
P 0000000002C5E988
$ |p1|
C 200
R
P 0000000002C5E988
C 337
R
P 0000000002C5E988
$ |p1|
C 200
R
P 0000000002C5E988
C 337
R
P 0000000002C5E988
$ |p1|
C 200
R
P 0000000002C5E988
C 337
R
P 0000000002C5E988
$ |p1|
C 202
R
P 0000000002C5E988
C 337
R
P 0000000002C5E988
P 0000000002C6CC08
C 328
R
P 0000000002C5E988
C 337
R
P 0000000002C5E988
P 0000000002C6CC08
C 233
R
P 0000000002C5E988
C 337
R
P 0000000002C5E988
P 0000000002C6CC08
C 235
= 0000000002C6AB68
R
P 0000000002C5E988
C 337
R
P 0000000002C5E988
P 0000000002C6AB68
C 207
R
P 0000000002C5E988
C 337
R
P 0000000002C5E988
P 00000000206059F8
P 0000000002C6CC08
C 299
= 0000000002C6B7A8
R
P 0000000002C5E988
C 337
R
P 0000000002C5E988
P 0000000002C6B7A8
C 255
R
P 0000000002C5E988
C 337
R
P 0000000002C5E988
P 0000000002C6B7A8
C 252
= 0000000002C6AB68
R
P 0000000002C5E988
C 337
R
P 0000000002C5E988
P 0000000002C6AB68
C 207
R
P 0000000002C5E988
C 337
R
P 0000000002C5E988
P 0000000002C6B7A8
C 258
R
P 0000000002C5E988
C 337
R
P 0000000002C5E988
P 0000000002C6B7A8
C 257
R
P 0000000002C5E988
C 337
R
P 0000000002C5E988
P 0000000002C6B7A8
C 256
R
P 0000000002C5E988
C 337
R
P 0000000002C5E988
P 0000000002C6B7A8
C 9
R
P 0000000002C5E988
C 337
R
P 0000000002C5E988
P 0000000002C6B7A8
C 261
R
P 0000000002C5E988
C 337
R
P 0000000002C5E988
P 0000000002C6CCF8
C 230
R
P 0000000002C5E988
C 337
R
P 0000000002C5E988
$ |p2|
C 200
R
P 0000000002C5E988
C 337
R
P 0000000002C5E988
$ |p2|
C 200
R
P 0000000002C5E988
C 337
R
P 0000000002C5E988
$ |p2|
C 200
R
P 0000000002C5E988
C 337
R
P 0000000002C5E988
$ |p2|
C 200
R
P 0000000002C5E988
C 337
R
P 0000000002C5E988
$ |p2|
C 202
R
P 0000000002C5E988
C 337
R
P 0000000002C5E988
P 0000000002C6CCF8
C 328
R
P 0000000002C5E988
C 337
R
P 0000000002C5E988
P 0000000002C6CCF8
C 233
R
P 0000000002C5E988
C 337
R
P 0000000002C5E988
P 0000000002C6CCF8
C 235
= 0000000002C6AB68
R
P 0000000002C5E988
C 337
R
P 0000000002C5E988
P 0000000002C6AB68
C 207
R
P 0000000002C5E988
C 337
R
P 0000000002C5E988
P 00000000206059F8
P 0000000002C6CCF8
C 299
= 0000000002C6B848
R
P 0000000002C5E988
C 337
R
P 0000000002C5E988
P 0000000002C6B848
C 255
R
P 0000000002C5E988
C 337
R
P 0000000002C5E988
P 0000000002C6B848
C 252
= 0000000002C6AB68
R
P 0000000002C5E988
C 337
R
P 0000000002C5E988
P 0000000002C6AB68
C 207
R
P 0000000002C5E988
C 337
R
P 0000000002C5E988
P 0000000002C6B848
C 258
R
P 0000000002C5E988
C 337
R
P 0000000002C5E988
P 0000000002C6B848
C 257
R
P 0000000002C5E988
C 337
R
P 0000000002C5E988
P 0000000002C6B848
C 256
R
P 0000000002C5E988
C 337
R
P 0000000002C5E988
P 0000000002C6B848
C 9
R
P 0000000002C5E988
C 337
R
P 0000000002C5E988
P 0000000002C6B848
C 261
R
P 0000000002C5E988
C 337
